 pendubot_simulate_1_8_5_2017_lamlai_sfun

 Timestamp is 59234f48 (Mon May 22 23:51:20 2017)

 Preferred load address is 0000000180000000

 Start         Length     Name                   Class
 0001:00000000 00041534H .text                   CODE
 0001:00041540 00000092H .text$x                 CODE
 0002:00000000 000004a8H .idata$5                DATA
 0002:000004a8 00000008H .CRT$XCA                DATA
 0002:000004b0 00000008H .CRT$XCZ                DATA
 0002:000004b8 00000008H .CRT$XIA                DATA
 0002:000004c0 00000008H .CRT$XIAA               DATA
 0002:000004c8 00000008H .CRT$XIZ                DATA
 0002:000004d0 00004bbcH .rdata                  DATA
 0002:00005090 00000008H .rtc$IAA                DATA
 0002:00005098 00000008H .rtc$IZZ                DATA
 0002:000050a0 00000008H .rtc$TAA                DATA
 0002:000050a8 00000008H .rtc$TZZ                DATA
 0002:000050b0 0000417cH .xdata                  DATA
 0002:0000922c 000000a0H .idata$2                DATA
 0002:000092cc 00000014H .idata$3                DATA
 0002:000092e0 000004a8H .idata$4                DATA
 0002:00009788 00000ad6H .idata$6                DATA
 0002:0000a260 0000006eH .edata                  DATA
 0003:00000000 00003ad8H .data                   DATA
 0003:00003ae0 000026d8H .bss                    DATA
 0004:00000000 00003330H .pdata                  DATA

  Address         Publics by Value              Rva+Base               Lib:Object

 0000:00000000       ___safe_se_handler_table   0000000000000000     <absolute>
 0000:00000000       ___safe_se_handler_count   0000000000000000     <absolute>
 0000:00000000       __ImageBase                0000000180000000     <linker-defined>
 0001:00000000       sf_c2_pendubot_simulate_1_8_5_2017_lamlai_get_eml_resolved_functions_info 0000000180001000 f   c2_pendubot_simulate_1_8_5_2017_lamlai.obj
 0001:00000bf0       sf_c2_pendubot_simulate_1_8_5_2017_lamlai_get_check_sum 0000000180001bf0 f   c2_pendubot_simulate_1_8_5_2017_lamlai.obj
 0001:00000c70       sf_c2_pendubot_simulate_1_8_5_2017_lamlai_get_autoinheritance_info 0000000180001c70 f   c2_pendubot_simulate_1_8_5_2017_lamlai.obj
 0001:000016f0       sf_internal_get_sim_state_c2_pendubot_simulate_1_8_5_2017_lamlai 00000001800026f0 f   c2_pendubot_simulate_1_8_5_2017_lamlai.obj
 0001:00001b00       sf_internal_set_sim_state_c2_pendubot_simulate_1_8_5_2017_lamlai 0000000180002b00 f   c2_pendubot_simulate_1_8_5_2017_lamlai.obj
 0001:00001f40       c2_pendubot_simulate_1_8_5_2017_lamlai_method_dispatcher 0000000180002f40 f   c2_pendubot_simulate_1_8_5_2017_lamlai.obj
 0001:000050f0       sf_c3_pendubot_simulate_1_8_5_2017_lamlai_get_eml_resolved_functions_info 00000001800060f0 f   c3_pendubot_simulate_1_8_5_2017_lamlai.obj
 0001:00005660       sf_c3_pendubot_simulate_1_8_5_2017_lamlai_get_check_sum 0000000180006660 f   c3_pendubot_simulate_1_8_5_2017_lamlai.obj
 0001:000056e0       sf_c3_pendubot_simulate_1_8_5_2017_lamlai_get_autoinheritance_info 00000001800066e0 f   c3_pendubot_simulate_1_8_5_2017_lamlai.obj
 0001:00005c50       sf_internal_get_sim_state_c3_pendubot_simulate_1_8_5_2017_lamlai 0000000180006c50 f   c3_pendubot_simulate_1_8_5_2017_lamlai.obj
 0001:00005fa0       sf_internal_set_sim_state_c3_pendubot_simulate_1_8_5_2017_lamlai 0000000180006fa0 f   c3_pendubot_simulate_1_8_5_2017_lamlai.obj
 0001:000063a0       c3_pendubot_simulate_1_8_5_2017_lamlai_method_dispatcher 00000001800073a0 f   c3_pendubot_simulate_1_8_5_2017_lamlai.obj
 0001:000081e0       sf_c4_pendubot_simulate_1_8_5_2017_lamlai_get_eml_resolved_functions_info 00000001800091e0 f   c4_pendubot_simulate_1_8_5_2017_lamlai.obj
 0001:00008e70       sf_c4_pendubot_simulate_1_8_5_2017_lamlai_get_check_sum 0000000180009e70 f   c4_pendubot_simulate_1_8_5_2017_lamlai.obj
 0001:00008ef0       sf_c4_pendubot_simulate_1_8_5_2017_lamlai_get_autoinheritance_info 0000000180009ef0 f   c4_pendubot_simulate_1_8_5_2017_lamlai.obj
 0001:00009e80       sf_internal_get_sim_state_c4_pendubot_simulate_1_8_5_2017_lamlai 000000018000ae80 f   c4_pendubot_simulate_1_8_5_2017_lamlai.obj
 0001:0000a1d0       sf_internal_set_sim_state_c4_pendubot_simulate_1_8_5_2017_lamlai 000000018000b1d0 f   c4_pendubot_simulate_1_8_5_2017_lamlai.obj
 0001:0000a5d0       c4_pendubot_simulate_1_8_5_2017_lamlai_method_dispatcher 000000018000b5d0 f   c4_pendubot_simulate_1_8_5_2017_lamlai.obj
 0001:0000edc0       sf_process_check_sum_call  000000018000fdc0 f   pendubot_simulate_1_8_5_2017_lamlai_sfun_registry.obj
 0001:0000ee10       sf_process_autoinheritance_call 000000018000fe10 f   pendubot_simulate_1_8_5_2017_lamlai_sfun_registry.obj
 0001:0000efb0       sf_process_get_eml_resolved_functions_info_call 000000018000ffb0 f   pendubot_simulate_1_8_5_2017_lamlai_sfun_registry.obj
 0001:0000f130       sf_mex_unlock_call         0000000180010130 f   pendubot_simulate_1_8_5_2017_lamlai_sfun_registry.obj
 0001:0000f1e0       sf_machine_global_initializer_called 00000001800101e0 f   pendubot_simulate_1_8_5_2017_lamlai_sfun_registry.obj
 0001:0000f210       sf_machine_global_method_dispatcher 0000000180010210 f   pendubot_simulate_1_8_5_2017_lamlai_sfun_registry.obj
 0001:0000f270       sf_machine_global_terminator 0000000180010270 f   pendubot_simulate_1_8_5_2017_lamlai_sfun_registry.obj
 0001:0000f2b0       sf_register_machine_exported_symbols 00000001800102b0 f   pendubot_simulate_1_8_5_2017_lamlai_sfun_registry.obj
 0001:0000f2d0       callCustomFcn              00000001800102d0 f   pendubot_simulate_1_8_5_2017_lamlai_sfun_registry.obj
 0001:0000f2e0       sf_machine_global_initializer 00000001800102e0 f   pendubot_simulate_1_8_5_2017_lamlai_sfun_registry.obj
 0001:0000f350       _ssSetStateAbsTol          0000000180010350 f   pendubot_simulate_1_8_5_2017_lamlai_sfun_registry.obj
 0001:0000f430       _ssGetAbsTol               0000000180010430 f   pendubot_simulate_1_8_5_2017_lamlai_sfun_registry.obj
 0001:0000f4a0       _ssSetInputPortMatrixDimensions 00000001800104a0 f   pendubot_simulate_1_8_5_2017_lamlai_sfun_registry.obj
 0001:0000f5b0       _ssSetOutputPortMatrixDimensions 00000001800105b0 f   pendubot_simulate_1_8_5_2017_lamlai_sfun_registry.obj
 0001:0000f6c0       _ssSetInputPortVectorDimension 00000001800106c0 f   pendubot_simulate_1_8_5_2017_lamlai_sfun_registry.obj
 0001:0000f790       _ssSetOutputPortVectorDimension 0000000180010790 f   pendubot_simulate_1_8_5_2017_lamlai_sfun_registry.obj
 0001:0000f860       ssIsRunTimeParamTunable    0000000180010860 f   pendubot_simulate_1_8_5_2017_lamlai_sfun_registry.obj
 0001:0000f8d0       ssGetSFuncBlockHandle      00000001800108d0 f   pendubot_simulate_1_8_5_2017_lamlai_sfun_registry.obj
 0001:0000f940       _ssGetCurrentInputPortWidth 0000000180010940 f   pendubot_simulate_1_8_5_2017_lamlai_sfun_registry.obj
 0001:0000fa60       _ssGetCurrentOutputPortWidth 0000000180010a60 f   pendubot_simulate_1_8_5_2017_lamlai_sfun_registry.obj
 0001:0000fb80       _ssGetCallSystemNumFcnCallDestinations 0000000180010b80 f   pendubot_simulate_1_8_5_2017_lamlai_sfun_registry.obj
 0001:0000fbf0       ssWarning                  0000000180010bf0 f   pendubot_simulate_1_8_5_2017_lamlai_sfun_registry.obj
 0001:0000fd00       ssGetIsZeroCrossControlDisabled 0000000180010d00 f   pendubot_simulate_1_8_5_2017_lamlai_sfun_registry.obj
 0001:0000fd70       ssSetIsInputPortUsedForContZcSignal 0000000180010d70 f   pendubot_simulate_1_8_5_2017_lamlai_sfun_registry.obj
 0001:0000fde0       ssSetZcSignalIsZcElementDisc 0000000180010de0 f   pendubot_simulate_1_8_5_2017_lamlai_sfun_registry.obj
 0001:0000fe90       ssSetZcSignalName          0000000180010e90 f   pendubot_simulate_1_8_5_2017_lamlai_sfun_registry.obj
 0001:0000ff00       ssSetZcSignalWidth         0000000180010f00 f   pendubot_simulate_1_8_5_2017_lamlai_sfun_registry.obj
 0001:0000ff70       ssSetZcSignalZcEventType   0000000180010f70 f   pendubot_simulate_1_8_5_2017_lamlai_sfun_registry.obj
 0001:0000ffe0       ssSetZcSignalType          0000000180010fe0 f   pendubot_simulate_1_8_5_2017_lamlai_sfun_registry.obj
 0001:00010050       ssSetZcSignalZcTol         0000000180011050 f   pendubot_simulate_1_8_5_2017_lamlai_sfun_registry.obj
 0001:000100c0       ssSetZcSignalNeedsEventNotification 00000001800110c0 f   pendubot_simulate_1_8_5_2017_lamlai_sfun_registry.obj
 0001:00010130       ssCreateAndAddZcSignalInfo 0000000180011130 f   pendubot_simulate_1_8_5_2017_lamlai_sfun_registry.obj
 0001:000101a0       ssCloneAndAddZcSignalInfo  00000001800111a0 f   pendubot_simulate_1_8_5_2017_lamlai_sfun_registry.obj
 0001:00010210       ssGetNumZcSignals          0000000180011210 f   pendubot_simulate_1_8_5_2017_lamlai_sfun_registry.obj
 0001:00010280       ssGetZcSignalVector        0000000180011280 f   pendubot_simulate_1_8_5_2017_lamlai_sfun_registry.obj
 0001:000102f0       ssGetZcSignalZcEvents      00000001800112f0 f   pendubot_simulate_1_8_5_2017_lamlai_sfun_registry.obj
 0001:00010360       ssGetZcSignalName          0000000180011360 f   pendubot_simulate_1_8_5_2017_lamlai_sfun_registry.obj
 0001:000103d0       ssGetZcSignalWidth         00000001800113d0 f   pendubot_simulate_1_8_5_2017_lamlai_sfun_registry.obj
 0001:00010440       ssGetZcSignalZcEventType   0000000180011440 f   pendubot_simulate_1_8_5_2017_lamlai_sfun_registry.obj
 0001:000104b0       ssGetZcSignalType          00000001800114b0 f   pendubot_simulate_1_8_5_2017_lamlai_sfun_registry.obj
 0001:00010520       ssGetZcSignalZcTol         0000000180011520 f   pendubot_simulate_1_8_5_2017_lamlai_sfun_registry.obj
 0001:000105a0       ssGetZcSignalNeedsEventNotification 00000001800115a0 f   pendubot_simulate_1_8_5_2017_lamlai_sfun_registry.obj
 0001:00010610       ssGetZcSignalIsZcElementDisc 0000000180011610 f   pendubot_simulate_1_8_5_2017_lamlai_sfun_registry.obj
 0001:000106b0       ssGetIsInputPortElementContinuous 00000001800116b0 f   pendubot_simulate_1_8_5_2017_lamlai_sfun_registry.obj
 0001:00010750       _ssGetInputPortSignalPtrsFcn 0000000180011750 f   pendubot_simulate_1_8_5_2017_lamlai_sfun_registry.obj
 0001:00010a10       _ssGetInputPortSignalFcn   0000000180011a10 f   pendubot_simulate_1_8_5_2017_lamlai_sfun_registry.obj
 0001:00010c30       _ssSetInputPortDirectFeedThroughFcn 0000000180011c30 f   pendubot_simulate_1_8_5_2017_lamlai_sfun_registry.obj
 0001:00010d90       _ssSetInputPortReusableFcn 0000000180011d90 f   pendubot_simulate_1_8_5_2017_lamlai_sfun_registry.obj
 0001:00010e80       _ssSetOutputPortReusableFcn 0000000180011e80 f   pendubot_simulate_1_8_5_2017_lamlai_sfun_registry.obj
 0001:00010f60       ssGetDTypeIdFromMxArray    0000000180011f60 f   pendubot_simulate_1_8_5_2017_lamlai_sfun_registry.obj
 0001:00011080       ssWriteRTWStr              0000000180012080 f   pendubot_simulate_1_8_5_2017_lamlai_sfun_registry.obj
 0001:000110e0       ssWriteRTWMxVectParam      00000001800120e0 f   pendubot_simulate_1_8_5_2017_lamlai_sfun_registry.obj
 0001:00011140       ssWriteRTWMx2dMatParam     0000000180012140 f   pendubot_simulate_1_8_5_2017_lamlai_sfun_registry.obj
 0001:000111c0       ssWriteRTWNameValuePair    00000001800121c0 f   pendubot_simulate_1_8_5_2017_lamlai_sfun_registry.obj
 0001:000116b0       ssWriteRTWParameters       00000001800126b0 f   pendubot_simulate_1_8_5_2017_lamlai_sfun_registry.obj
 0001:00011cb0       ssWriteRTWParamSettings    0000000180012cb0 f   pendubot_simulate_1_8_5_2017_lamlai_sfun_registry.obj
 0001:00012380       ssWriteRTWWorkVect         0000000180013380 f   pendubot_simulate_1_8_5_2017_lamlai_sfun_registry.obj
 0001:00012880       mexFunction                0000000180013880 f   pendubot_simulate_1_8_5_2017_lamlai_sfun_registry.obj
 0001:00014540       ProcessMexSfunctionEveryCall 0000000180015540 f   pendubot_simulate_1_8_5_2017_lamlai_sfun_registry.obj
 0001:000146b0       pendubot_simulate_1_8_5_2017_lamlai_initializer 00000001800156b0 f   pendubot_simulate_1_8_5_2017_lamlai_sfun.obj
 0001:000146c0       pendubot_simulate_1_8_5_2017_lamlai_terminator 00000001800156c0 f   pendubot_simulate_1_8_5_2017_lamlai_sfun.obj
 0001:000146d0       sf_pendubot_simulate_1_8_5_2017_lamlai_method_dispatcher 00000001800156d0 f   pendubot_simulate_1_8_5_2017_lamlai_sfun.obj
 0001:00014760       sf_pendubot_simulate_1_8_5_2017_lamlai_process_check_sum_call 0000000180015760 f   pendubot_simulate_1_8_5_2017_lamlai_sfun.obj
 0001:00014ba0       sf_pendubot_simulate_1_8_5_2017_lamlai_autoinheritance_info 0000000180015ba0 f   pendubot_simulate_1_8_5_2017_lamlai_sfun.obj
 0001:00014db0       sf_pendubot_simulate_1_8_5_2017_lamlai_get_eml_resolved_functions_info 0000000180015db0 f   pendubot_simulate_1_8_5_2017_lamlai_sfun.obj
 0001:00014f60       pendubot_simulate_1_8_5_2017_lamlai_debug_initialize 0000000180015f60 f   pendubot_simulate_1_8_5_2017_lamlai_sfun.obj
 0001:00014fd0       pendubot_simulate_1_8_5_2017_lamlai_register_exported_symbols 0000000180015fd0 f   pendubot_simulate_1_8_5_2017_lamlai_sfun.obj
 0001:00014fe0       load_pendubot_simulate_1_8_5_2017_lamlai_optimization_info 0000000180015fe0 f   pendubot_simulate_1_8_5_2017_lamlai_sfun.obj
 0001:00015030       unload_pendubot_simulate_1_8_5_2017_lamlai_optimization_info 0000000180016030 f   pendubot_simulate_1_8_5_2017_lamlai_sfun.obj
 0001:00015150       sf_mex_mx_is_numeric       0000000180016150 f   sfc_mex:sfc_mex.obj
 0001:00015190       strcmp_ignore_ws           0000000180016190 f   sfc_mex:sfc_mex.obj
 0001:000152d0       sf_mex_duplicatearraysafe  00000001800162d0 f   sfc_mex:sfc_mex.obj
 0001:00015430       sf_set_error_debugger_context_message_fcn 0000000180016430 f   sfc_mex:sfc_mex.obj
 0001:00015440       sf_set_debugger_matlab_error_fcn 0000000180016440 f   sfc_mex:sfc_mex.obj
 0001:00015470       sf_set_error_prefix_string 0000000180016470 f   sfc_mex:sfc_mex.obj
 0001:000154a0       sf_get_error_prefix_string 00000001800164a0 f   sfc_mex:sfc_mex.obj
 0001:000154b0       sf_mex_enter_parallel_region 00000001800164b0 f   sfc_mex:sfc_mex.obj
 0001:000154c0       sf_mex_exit_parallel_region 00000001800164c0 f   sfc_mex:sfc_mex.obj
 0001:000154d0       sf_get_current_jmp_buf_ptr 00000001800164d0 f   sfc_mex:sfc_mex.obj
 0001:000154e0       sf_set_current_jmp_buf_ptr 00000001800164e0 f   sfc_mex:sfc_mex.obj
 0001:000154f0       sf_mex_set_halt_simulation 00000001800164f0 f   sfc_mex:sfc_mex.obj
 0001:00015500       sf_mex_get_halt_simulation 0000000180016500 f   sfc_mex:sfc_mex.obj
 0001:00015510       sf_mex_clear_error_message 0000000180016510 f   sfc_mex:sfc_mex.obj
 0001:00015530       sf_mex_get_error_message_for_read 0000000180016530 f   sfc_mex:sfc_mex.obj
 0001:00015540       sf_mex_get_error_message_buffer_length 0000000180016540 f   sfc_mex:sfc_mex.obj
 0001:00015620       sf_mex_warning_message     0000000180016620 f   sfc_mex:sfc_mex.obj
 0001:00015690       sf_mex_v_errbuf_createf    0000000180016690 f   sfc_mex:sfc_mex.obj
 0001:000156a0       sf_mex_errbuf_createf      00000001800166a0 f   sfc_mex:sfc_mex.obj
 0001:000156d0       sf_mex_v_errbuf_catf       00000001800166d0 f   sfc_mex:sfc_mex.obj
 0001:00015710       sf_mex_errbuf_catf         0000000180016710 f   sfc_mex:sfc_mex.obj
 0001:00015760       sf_mex_errbuf_copy         0000000180016760 f   sfc_mex:sfc_mex.obj
 0001:00015770       sf_mex_errbuf_clear        0000000180016770 f   sfc_mex:sfc_mex.obj
 0001:00015780       sf_mex_errbuf_isempty      0000000180016780 f   sfc_mex:sfc_mex.obj
 0001:00015890       sf_mex_set_error_status    0000000180016890 f   sfc_mex:sfc_mex.obj
 0001:000158e0       sf_mex_error_direct_call   00000001800168e0 f   sfc_mex:sfc_mex.obj
 0001:00015900       sf_mex_error_message_no_long_jump 0000000180016900 f   sfc_mex:sfc_mex.obj
 0001:00015920       sf_mex_long_jump_on_error  0000000180016920 f   sfc_mex:sfc_mex.obj
 0001:00015950       sf_mex_call_matlab         0000000180016950 f   sfc_mex:sfc_mex.obj
 0001:00015a70       sf_mex_check_builtin       0000000180016a70 f   sfc_mex:sfc_mex.obj
 0001:00015b10       sf_mex_check_builtin_vs    0000000180016b10 f   sfc_mex:sfc_mex.obj
 0001:00015bd0       sf_mex_check_enum          0000000180016bd0 f   sfc_mex:sfc_mex.obj
 0001:00015c50       sf_mex_create_enum         0000000180016c50 f   sfc_mex:sfc_mex.obj
 0001:00015cc0       sf_mex_get_enum_element    0000000180016cc0 f   sfc_mex:sfc_mex.obj
 0001:00015cd0       sf_mex_createcellarray     0000000180016cd0 f   sfc_mex:sfc_mex.obj
 0001:00015ce0       sf_mex_setcell             0000000180016ce0 f   sfc_mex:sfc_mex.obj
 0001:00015cf0       sf_mex_getcell             0000000180016cf0 f   sfc_mex:sfc_mex.obj
 0001:00015d00       sf_mex_dup                 0000000180016d00 f   sfc_mex:sfc_mex.obj
 0001:00015d20       sf_mex_assign              0000000180016d20 f   sfc_mex:sfc_mex.obj
 0001:00015da0       sf_mex_destroy             0000000180016da0 f   sfc_mex:sfc_mex.obj
 0001:00015dd0       mx_array_has_fi_type       0000000180016dd0 f   sfc_mex:sfc_mex.obj
 0001:00015e00       sf_mex_convert_from_fi     0000000180016e00 f   sfc_mex:sfc_mex.obj
 0001:00015f30       sf_mex_convert_to_double   0000000180016f30 f   sfc_mex:sfc_mex.obj
 0001:00016050       sf_mex_import_fi_vs        0000000180017050 f   sfc_mex:sfc_mex.obj
 0001:00016210       sf_matrix_matrix_index_ok  0000000180017210 f   sfc_mex:sfc_mex.obj
 0001:000162a0       sf_vector_vector_index_ok  00000001800172a0 f   sfc_mex:sfc_mex.obj
 0001:000162d0       ssGetCurrentInputPortDimensions_wrapper 00000001800172d0 f   sfc_mex:sfc_mex.obj
 0001:000162f0       ssGetCurrentOutputPortDimensions_wrapper 00000001800172f0 f   sfc_mex:sfc_mex.obj
 0001:00016310       sf_mex_emlrt_context_is_debug_mode 0000000180017310 f   sfc_mex:sfc_mex.obj
 0001:00016320       sf_mex_emlrt_context_set_debug_mode 0000000180017320 f   sfc_mex:sfc_mex.obj
 0001:00016330       sf_mex_emlrtNameCapturePostProcessR2012a 0000000180017330 f   sfc_mex:sfc_mex.obj
 0001:000163a0       sf_clear_error_manager_info 00000001800173a0 f   sfc_mex:sfc_mex.obj
 0001:00016400       sf_mex_stop_simulation_abruptly_wo_error 0000000180017400 f   sfc_mex:sfc_mex.obj
 0001:00016440       sf_mex_error_message       0000000180017440 f   sfc_mex:sfc_mex.obj
 0001:000164a0       sf_react_to_error_in_matlab_call 00000001800174a0 f   sfc_mex:sfc_mex.obj
 0001:000164d0       sf_mex_addfield            00000001800174d0 f   sfc_mex:sfc_mex.obj
 0001:00016570       sf_mex_getfield            0000000180017570 f   sfc_mex:sfc_mex.obj
 0001:00016870       sf_mex_check_class         0000000180017870 f   sfc_mex:sfc_mex.obj
 0001:00016910       sf_mex_is_real             0000000180017910 f   sfc_mex:sfc_mex.obj
 0001:00016d80       sf_mex_decode_encoded_mx_struct_array 0000000180017d80 f   sfc_mex:sfc_mex.obj
 0001:00017060       sf_mex_lw_bounds_check     0000000180018060 f   sfc_mex:sfc_mex.obj
 0001:00017090       sf_mex_lw_size_eq_check_1d 0000000180018090 f   sfc_mex:sfc_mex.obj
 0001:000170b0       sf_mex_lw_size_eq_check_nd 00000001800180b0 f   sfc_mex:sfc_mex.obj
 0001:00017290       sf_mex_lw_dim_size_eq_check 0000000180018290 f   sfc_mex:sfc_mex.obj
 0001:000172c0       sf_mex_lw_dim_size_geq_check 00000001800182c0 f   sfc_mex:sfc_mex.obj
 0001:000172f0       sf_mex_lw_sub_assign_size_check_nd 00000001800182f0 f   sfc_mex:sfc_mex.obj
 0001:00017520       sf_mex_lw_runtime_error_msgid 0000000180018520 f   sfc_mex:sfc_mex.obj
 0001:00017610       sf_mex_lw_matrix_matrix_index_check 0000000180018610 f   sfc_mex:sfc_mex.obj
 0001:00017630       sf_mex_lw_vector_vector_index_check 0000000180018630 f   sfc_mex:sfc_mex.obj
 0001:00017670       sf_mex_lw_for_loop_vector_check 0000000180018670 f   sfc_mex:sfc_mex.obj
 0001:00017700       sf_mex_lw_non_negative_check 0000000180018700 f   sfc_mex:sfc_mex.obj
 0001:00017740       sf_mex_overflow_error      0000000180018740 f   sfc_mex:sfc_mex.obj
 0001:00017750       sf_mex_dividebyzero_error  0000000180018750 f   sfc_mex:sfc_mex.obj
 0001:00017760       sf_mex_unsafe_enum_error   0000000180018760 f   sfc_mex:sfc_mex.obj
 0001:00017770       sf_emlrtErrHandler         0000000180018770 f   sfc_mex:sfc_mex.obj
 0001:00017850       sf_mex_size_one_check      0000000180018850 f   sfc_mex:sfc_mex.obj
 0001:00017870       sf_mex_printf              0000000180018870 f   sfc_mex:sfc_mex.obj
 0001:00017a40       sf_mex_check_size          0000000180018a40 f   sfc_mex:sfc_mex.obj
 0001:00017d10       sf_mex_check_struct        0000000180018d10 f   sfc_mex:sfc_mex.obj
 0001:00017f70       sf_mex_check_struct_vs     0000000180018f70 f   sfc_mex:sfc_mex.obj
 0001:00018000       sf_mex_check_fi            0000000180019000 f   sfc_mex:sfc_mex.obj
 0001:00018100       sf_mex_check_fi_vs         0000000180019100 f   sfc_mex:sfc_mex.obj
 0001:000181a0       sf_echo_expression         00000001800191a0 f   sfc_mex:sfc_mex.obj
 0001:00018200       sf_assertion_failed        0000000180019200 f   sfc_mex:sfc_mex.obj
 0001:000184e0       sf_mex_evalin              00000001800194e0 f   sfc_mex:sfc_mex.obj
 0001:00018750       sf_mex_export              0000000180019750 f   sfc_mex:sfc_mex.obj
 0001:00018810       sf_mex_get_ml_var_no_error 0000000180019810 f   sfc_mex:sfc_mex.obj
 0001:000189b0       sf_mex_get_ml_var          00000001800199b0 f   sfc_mex:sfc_mex.obj
 0001:00018e50       ml_set_element_value_in_array 0000000180019e50 f   sfc_mex:sfc_mex.obj
 0001:0001a520       sf_mex_call_impl           000000018001b520 f   sfc_mex:sfc_mex.obj
 0001:0001aa50       sf_mex_call_debug          000000018001ba50 f   sfc_mex:sfc_mex.obj
 0001:0001aa80       sf_mex_call                000000018001ba80 f   sfc_mex:sfc_mex.obj
 0001:0001b0d0       sf_mex_createstruct        000000018001c0d0 f   sfc_mex:sfc_mex.obj
 0001:0001b1c0       sf_mex_createstructarray   000000018001c1c0 f   sfc_mex:sfc_mex.obj
 0001:0001b240       sf_mex_get_mx_datatype_from_sf_datatype 000000018001c240 f   sfc_mex:sfc_mex.obj
 0001:0001b550       sf_mex_ml_var_sub          000000018001c550 f   sfc_mex:sfc_mex.obj
 0001:0001b720       sf_mex_ml_var_subsasgn     000000018001c720 f   sfc_mex:sfc_mex.obj
 0001:0001bb10       sf_mex_sub                 000000018001cb10 f   sfc_mex:sfc_mex.obj
 0001:0001bd10       sf_mex_subsasgn            000000018001cd10 f   sfc_mex:sfc_mex.obj
 0001:0001c1f0       sf_mex_create              000000018001d1f0 f   sfc_mex:sfc_mex.obj
 0001:0001cc40       sf_mex_import_named        000000018001dc40 f   sfc_mex:sfc_mex.obj
 0001:0001cca0       sf_mex_import              000000018001dca0 f   sfc_mex:sfc_mex.obj
 0001:0001ccf0       sf_mex_import_vs           000000018001dcf0 f   sfc_mex:sfc_mex.obj
 0001:0001ce00       sf_mex_lower_fixpt_mx_array 000000018001de00 f   sfc_mex:sfc_mex.obj
 0001:0001d0f0       sf_send_message_wrapper    000000018001e0f0 f   sfc_mex:sfc_sf.obj
 0001:0001d120       sf_receive_message_wrapper 000000018001e120 f   sfc_mex:sfc_sf.obj
 0001:0001d160       sf_check_out_message_wrapper 000000018001e160 f   sfc_mex:sfc_sf.obj
 0001:0001d1a0       sf_check_in_message_wrapper 000000018001e1a0 f   sfc_mex:sfc_sf.obj
 0001:0001d1e0       sf_no_message_wrapper      000000018001e1e0 f   sfc_mex:sfc_sf.obj
 0001:0001d570       sim_mode_is_rtw_gen        000000018001e570 f   sfc_mex:sfc_sf.obj
 0001:0001d5a0       sim_mode_is_external       000000018001e5a0 f   sfc_mex:sfc_sf.obj
 0001:0001d5b0       sim_mode_is_modelref_sim   000000018001e5b0 f   sfc_mex:sfc_sf.obj
 0001:0001d5d0       mdlInitializeSizes         000000018001e5d0 f   sfc_mex:sfc_sf.obj
 0001:0001d5f0       mdlInitializeSampleTimes   000000018001e5f0 f   sfc_mex:sfc_sf.obj
 0001:0001d630       mdlZeroCrossings           000000018001e630 f   sfc_mex:sfc_sf.obj
 0001:0001d710       mdlDerivatives             000000018001e710 f   sfc_mex:sfc_sf.obj
 0001:0001d7c0       mdl_initialize_conditions_processing 000000018001e7c0 f   sfc_mex:sfc_sf.obj
 0001:0001d7f0       mdlInitializeConditions    000000018001e7f0 f   sfc_mex:sfc_sf.obj
 0001:0001d8b0       mdlGetSimState             000000018001e8b0 f   sfc_mex:sfc_sf.obj
 0001:0001d8c0       mdlSetSimState             000000018001e8c0 f   sfc_mex:sfc_sf.obj
 0001:0001d8d0       mdl_ext_mode_exec_processing 000000018001e8d0 f   sfc_mex:sfc_sf.obj
 0001:0001d8f0       mdlExtModeExec             000000018001e8f0 f   sfc_mex:sfc_sf.obj
 0001:0001da80       mdlTerminate               000000018001ea80 f   sfc_mex:sfc_sf.obj
 0001:0001daf0       mdlRTW                     000000018001eaf0 f   sfc_mex:sfc_sf.obj
 0001:0001db20       mdlSetWorkWidths           000000018001eb20 f   sfc_mex:sfc_sf.obj
 0001:0001db30       mdlProcessParameters       000000018001eb30 f   sfc_mex:sfc_sf.obj
 0001:0001db40       mdl_start_processing       000000018001eb40 f   sfc_mex:sfc_sf.obj
 0001:0001dba0       mdlStart                   000000018001eba0 f   sfc_mex:sfc_sf.obj
 0001:0001dcb0       mdlEnable                  000000018001ecb0 f   sfc_mex:sfc_sf.obj
 0001:0001dd80       mdlDisable                 000000018001ed80 f   sfc_mex:sfc_sf.obj
 0001:0001de30       sf_get_chart_instance_ptr  000000018001ee30 f   sfc_mex:sfc_sf.obj
 0001:0001de50       sf_load_rtw_optimization_info 000000018001ee50 f   sfc_mex:sfc_sf.obj
 0001:0001df20       sf_rtw_info_uint_prop      000000018001ef20 f   sfc_mex:sfc_sf.obj
 0001:0001e060       sf_is_chart_inlinable      000000018001f060 f   sfc_mex:sfc_sf.obj
 0001:0001e080       sf_mark_output_events_with_multiple_callers 000000018001f080 f   sfc_mex:sfc_sf.obj
 0001:0001e210       sf_mark_chart_reusable_outputs 000000018001f210 f   sfc_mex:sfc_sf.obj
 0001:0001e470       sf_mark_chart_expressionable_inputs 000000018001f470 f   sfc_mex:sfc_sf.obj
 0001:0001e6d0       sf_get_subchart_simstruct  000000018001f6d0 f   sfc_mex:sfc_sf.obj
 0001:0001e720       sf_get_fixpt_data_type_id  000000018001f720 f   sfc_mex:sfc_sf.obj
 0001:0001e760       sf_get_enum_data_type_id   000000018001f760 f   sfc_mex:sfc_sf.obj
 0001:0001e7a0       sf_get_param_data_type_id  000000018001f7a0 f   sfc_mex:sfc_sf.obj
 0001:0001e7d0       sf_mex_listen_for_ctrl_c_force 000000018001f7d0 f   sfc_mex:sfc_sf.obj
 0001:0001e8e0       sf_mex_draw_now            000000018001f8e0 f   sfc_mex:sfc_sf.obj
 0001:0001e920       sf_mex_set_debugger_sim_status_listener_fcn 000000018001f920 f   sfc_mex:sfc_sf.obj
 0001:0001e930       sf_mex_listen_for_ctrl_c   000000018001f930 f   sfc_mex:sfc_sf.obj
 0001:0001e9c0       sf_mex_get_sfun_param      000000018001f9c0 f   sfc_mex:sfc_sf.obj
 0001:0001ea10       sf_get_runtime_param_data  000000018001fa10 f   sfc_mex:sfc_sf.obj
 0001:0001ea50       sf_call_output_fcn_call    000000018001fa50 f   sfc_mex:sfc_sf.obj
 0001:0001eb90       sf_call_output_fcn_enable  000000018001fb90 f   sfc_mex:sfc_sf.obj
 0001:0001ec20       sf_call_output_fcn_disable 000000018001fc20 f   sfc_mex:sfc_sf.obj
 0001:0001ecb0       sf_clear_rtw_identifier    000000018001fcb0 f   sfc_mex:sfc_sf.obj
 0001:0001f4a0       sf_set_encoded_dwork_info  00000001800204a0 f   sfc_mex:sfc_sf.obj
 0001:0001f4f0       sf_get_dwork_info_from_mat_file 00000001800204f0 f   sfc_mex:sfc_sf.obj
 0001:0001f6b0       sf_set_rtw_dwork_info      00000001800206b0 f   sfc_mex:sfc_sf.obj
 0001:0001f820       mdlOutputs                 0000000180020820 f   sfc_mex:sfc_sf.obj
 0001:0001f9c0       sf_debug_disp              00000001800209c0 f   sfc_debug:sfcdebug.obj
 0001:0001fc20       sf_debug_data_runtime_size_mismatch_error_check 0000000180020c20 f   sfc_debug:sfcdebug.obj
 0001:0001fcc0       sf_debug_try_loading_machine 0000000180020cc0 f   sfc_debug:sfcdebug.obj
 0001:0001fdc0       sf_debug_reset_current_state_configuration 0000000180020dc0 f   sfc_debug:sfcdebug.obj
 0001:0001fe50       sf_debug_store_current_state_configuration 0000000180020e50 f   sfc_debug:sfcdebug.obj
 0001:0001fee0       sf_debug_restore_previous_state_configuration 0000000180020ee0 f   sfc_debug:sfcdebug.obj
 0001:0001ff70       sf_debug_restore_previous_state_configuration2 0000000180020f70 f   sfc_debug:sfcdebug.obj
 0001:00020000       sf_debug_get_event_scope   0000000180021000 f   sfc_debug:sfcdebug.obj
 0001:00020170       use_debugger_step_animation 0000000180021170 f   sfc_debug:sfcdebug.obj
 0001:00020190       sf_debug_get_script_id     0000000180021190 f   sfc_debug:sfcdebug.obj
 0001:00020220       sf_debug_set_script_translation 0000000180021220 f   sfc_debug:sfcdebug.obj
 0001:000203a0       sf_debug_extract_message_post_receive_info 00000001800213a0 f   sfc_debug:sfcdebug.obj
 0001:000204a0       sf_debug_get_current_machine_id 00000001800214a0 f   sfc_debug:sfcdebug.obj
 0001:000204c0       sf_debug_get_current_optional_integer 00000001800214c0 f   sfc_debug:sfcdebug.obj
 0001:000204d0       sf_debug_get_current_machine_number 00000001800214d0 f   sfc_debug:sfcdebug.obj
 0001:000204f0       sf_debug_get_current_machine_name 00000001800214f0 f   sfc_debug:sfcdebug.obj
 0001:00020510       sf_debug_get_current_chart_id 0000000180021510 f   sfc_debug:sfcdebug.obj
 0001:00020560       sf_debug_get_current_chart_number 0000000180021560 f   sfc_debug:sfcdebug.obj
 0001:00020570       sf_debug_get_current_instance_number 0000000180021570 f   sfc_debug:sfcdebug.obj
 0001:00020580       sf_debug_get_current_is_minor_time_step 0000000180021580 f   sfc_debug:sfcdebug.obj
 0001:00020600       sf_debug_get_current_object_type 0000000180021600 f   sfc_debug:sfcdebug.obj
 0001:00020610       sf_debug_get_current_instance_handle 0000000180021610 f   sfc_debug:sfcdebug.obj
 0001:00020670       sf_debug_get_current_event_type 0000000180021670 f   sfc_debug:sfcdebug.obj
 0001:00020680       sf_debug_get_current_object_id 0000000180021680 f   sfc_debug:sfcdebug.obj
 0001:000206c0       sf_debug_get_current_active_event_type 00000001800216c0 f   sfc_debug:sfcdebug.obj
 0001:000206d0       sf_debug_get_current_active_event_id 00000001800216d0 f   sfc_debug:sfcdebug.obj
 0001:00020710       sf_debug_get_current_tag_type 0000000180021710 f   sfc_debug:sfcdebug.obj
 0001:00020720       sf_debug_get_current_simulation_time 0000000180021720 f   sfc_debug:sfcdebug.obj
 0001:00020730       sf_debug_get_current_coverage_percentage 0000000180021730 f   sfc_debug:sfcdebug.obj
 0001:00020740       sf_debug_current_statement_context 0000000180021740 f   sfc_debug:sfcdebug.obj
 0001:000207d0       sf_debug_get_current_statement_info 00000001800217d0 f   sfc_debug:sfcdebug.obj
 0001:00020950       sf_debug_terminate_instance 0000000180021950 f   sfc_debug:sfcdebug.obj
 0001:00020c90       sf_debug_assertion_failed  0000000180021c90 f   sfc_debug:sfcdebug.obj
 0001:00020ef0       sf_debug_set_number_of_data_with_change_event_for_machine 0000000180021ef0 f   sfc_debug:sfcdebug.obj
 0001:00020f30       sf_debug_set_machine_event_thresholds 0000000180021f30 f   sfc_debug:sfcdebug.obj
 0001:00020f50       sf_debug_set_machine_event_scope 0000000180021f50 f   sfc_debug:sfcdebug.obj
 0001:00020f90       sf_debug_set_machine_data_thresholds 0000000180021f90 f   sfc_debug:sfcdebug.obj
 0001:00020fd0       sf_debug_set_machine_data_scope 0000000180021fd0 f   sfc_debug:sfcdebug.obj
 0001:00021060       sf_debug_set_machine_data_name 0000000180022060 f   sfc_debug:sfcdebug.obj
 0001:00021100       sf_debug_set_machine_data_size 0000000180022100 f   sfc_debug:sfcdebug.obj
 0001:00021240       sf_debug_set_machine_data_type 0000000180022240 f   sfc_debug:sfcdebug.obj
 0001:000213b0       sf_debug_get_chart_data_number 00000001800223b0 f   sfc_debug:sfcdebug.obj
 0001:000213d0       sf_debug_get_chart_event_number 00000001800223d0 f   sfc_debug:sfcdebug.obj
 0001:000213f0       sf_debug_set_chart_state_info 00000001800223f0 f   sfc_debug:sfcdebug.obj
 0001:00021470       sf_debug_set_chart_decomposition 0000000180022470 f   sfc_debug:sfcdebug.obj
 0001:000214e0       sf_debug_set_chart_substate_count 00000001800224e0 f   sfc_debug:sfcdebug.obj
 0001:000215c0       sf_debug_set_chart_substate_index 00000001800225c0 f   sfc_debug:sfcdebug.obj
 0001:00021630       sf_debug_set_chart_state_substate_count 0000000180022630 f   sfc_debug:sfcdebug.obj
 0001:00021740       sf_debug_set_chart_state_substate_index 0000000180022740 f   sfc_debug:sfcdebug.obj
 0001:000217c0       sf_debug_set_number_of_data_with_change_event_for_chart 00000001800227c0 f   sfc_debug:sfcdebug.obj
 0001:00021840       sf_debug_set_number_of_states_with_entry_event_for_chart 0000000180022840 f   sfc_debug:sfcdebug.obj
 0001:000218b0       sf_debug_set_number_of_states_with_exit_event_for_chart 00000001800228b0 f   sfc_debug:sfcdebug.obj
 0001:00021920       sf_debug_set_chart_disable_implicit_casting 0000000180022920 f   sfc_debug:sfcdebug.obj
 0001:00021990       sf_debug_set_chart_event_thresholds 0000000180022990 f   sfc_debug:sfcdebug.obj
 0001:00021a00       sf_debug_set_chart_data_compiled_props 0000000180022a00 f   sfc_debug:sfcdebug.obj
 0001:00021d50       sf_debug_set_chart_data_props 0000000180022d50 f   sfc_debug:sfcdebug.obj
 0001:00022070       sf_debug_check_fi_license  0000000180023070 f   sfc_debug:sfcdebug.obj
 0001:00022260       sf_debug_symbol_scope_push 0000000180023260 f   sfc_debug:sfcdebug.obj
 0001:000222a0       sf_debug_symbol_scope_push_eml 00000001800232a0 f   sfc_debug:sfcdebug.obj
 0001:000222f0       sf_debug_symbol_scope_pop  00000001800232f0 f   sfc_debug:sfcdebug.obj
 0001:00022330       sf_debug_symbol_scope_add_importable 0000000180023330 f   sfc_debug:sfcdebug.obj
 0001:000223b0       sf_debug_symbol_scope_add  00000001800233b0 f   sfc_debug:sfcdebug.obj
 0001:00022430       sf_debug_symbol_scope_add_dyn_importable 0000000180023430 f   sfc_debug:sfcdebug.obj
 0001:000224f0       sf_debug_symbol_scope_add_dyn 00000001800234f0 f   sfc_debug:sfcdebug.obj
 0001:00022520       sf_debug_symbol_scope_add_eml_importable 0000000180023520 f   sfc_debug:sfcdebug.obj
 0001:00022560       sf_debug_symbol_scope_add_eml 0000000180023560 f   sfc_debug:sfcdebug.obj
 0001:000225a0       sf_debug_symbol_scope_add_eml_dyn_importable 00000001800235a0 f   sfc_debug:sfcdebug.obj
 0001:00022610       sf_debug_symbol_scope_add_eml_dyn 0000000180023610 f   sfc_debug:sfcdebug.obj
 0001:00022670       sf_debug_symbol_switch     0000000180023670 f   sfc_debug:sfcdebug.obj
 0001:00022690       sf_debug_symbol_scope_add_verbose 0000000180023690 f   sfc_debug:sfcdebug.obj
 0001:00022760       sf_debug_set_machine_data_value_ptr 0000000180023760 f   sfc_debug:sfcdebug.obj
 0001:000227a0       sf_debug_set_instance_data_value_ptr 00000001800237a0 f   sfc_debug:sfcdebug.obj
 0001:00022860       sf_debug_unset_instance_data_value_ptr 0000000180023860 f   sfc_debug:sfcdebug.obj
 0001:00022910       sf_debug_set_chart_event_scope 0000000180023910 f   sfc_debug:sfcdebug.obj
 0001:00022990       sf_debug_set_chart_transition_coverage_maps 0000000180023990 f   sfc_debug:sfcdebug.obj
 0001:00022aa0       sf_debug_set_chart_state_coverage_maps 0000000180023aa0 f   sfc_debug:sfcdebug.obj
 0001:00022b80       sf_debug_set_instance_transition_coverage_weights 0000000180023b80 f   sfc_debug:sfcdebug.obj
 0001:00022c20       sf_debug_set_instance_state_coverage_weights 0000000180023c20 f   sfc_debug:sfcdebug.obj
 0001:00022e70       sf_debug_unload_machine    0000000180023e70 f   sfc_debug:sfcdebug.obj
 0001:00022ec0       sf_debug_load_machine      0000000180023ec0 f   sfc_debug:sfcdebug.obj
 0001:00022fc0       sf_debug_set_active_instance_in_data_dictionary 0000000180023fc0 f   sfc_debug:sfcdebug.obj
 0001:000231a0       sf_debug_set_active_instance 00000001800241a0 f   sfc_debug:sfcdebug.obj
 0001:00023300       sf_debug_chart_visiblity_change 0000000180024300 f   sfc_debug:sfcdebug.obj
 0001:00023400       sf_debug_select_chart      0000000180024400 f   sfc_debug:sfcdebug.obj
 0001:00023570       sf_debug_set_instance_cv_ids 0000000180024570 f   sfc_debug:sfcdebug.obj
 0001:00023880       sf_debug_select_charts     0000000180024880 f   sfc_debug:sfcdebug.obj
 0001:00023a10       sf_debug_initialized       0000000180024a10 f   sfc_debug:sfcdebug.obj
 0001:00023a20       sf_debug_is_uninterruptible 0000000180024a20 f   sfc_debug:sfcdebug.obj
 0001:00023a50       sf_debug_initialize_debugger_gui 0000000180024a50 f   sfc_debug:sfcdebug.obj
 0001:00023e40       sf_debug_resume            0000000180024e40 f   sfc_debug:sfcdebug.obj
 0001:00023e60       sf_debug_go                0000000180024e60 f   sfc_debug:sfcdebug.obj
 0001:00023e70       sf_debug_break             0000000180024e70 f   sfc_debug:sfcdebug.obj
 0001:00023e80       sf_debug_step_over         0000000180024e80 f   sfc_debug:sfcdebug.obj
 0001:00023e90       sf_debug_step_out          0000000180024e90 f   sfc_debug:sfcdebug.obj
 0001:00023ea0       sf_debug_set_disable_all_breakpoints 0000000180024ea0 f   sfc_debug:sfcdebug.obj
 0001:00023eb0       sf_debug_disable_all_breakpoints_and_go 0000000180024eb0 f   sfc_debug:sfcdebug.obj
 0001:00023ec0       sf_debug_break_on_chart_entry 0000000180024ec0 f   sfc_debug:sfcdebug.obj
 0001:00023ed0       sf_debug_break_on_event_broadcast 0000000180024ed0 f   sfc_debug:sfcdebug.obj
 0001:00023ee0       sf_debug_break_on_state_entry 0000000180024ee0 f   sfc_debug:sfcdebug.obj
 0001:00023ef0       sf_debug_break_between_times 0000000180024ef0 f   sfc_debug:sfcdebug.obj
 0001:00023f10       sf_debug_browse_data       0000000180024f10 f   sfc_debug:sfcdebug.obj
 0001:00023f30       sf_debug_watch_data        0000000180024f30 f   sfc_debug:sfcdebug.obj
 0001:00023f50       sf_debug_assign_data       0000000180024f50 f   sfc_debug:sfcdebug.obj
 0001:00023f70       sf_debug_whos              0000000180024f70 f   sfc_debug:sfcdebug.obj
 0001:00023f90       sf_debug_get_consistency_info 0000000180024f90 f   sfc_debug:sfcdebug.obj
 0001:00023fa0       sf_debug_browse_trace      0000000180024fa0 f   sfc_debug:sfcdebug.obj
 0001:00023fb0       sf_debug_set_breakpoints   0000000180024fb0 f   sfc_debug:sfcdebug.obj
 0001:00024110       sf_debug_set_eml_breakpoints 0000000180025110 f   sfc_debug:sfcdebug.obj
 0001:00024270       sf_debug_set_script_breakpoints 0000000180025270 f   sfc_debug:sfcdebug.obj
 0001:000242f0       sf_debug_add_script_breakpoints 00000001800252f0 f   sfc_debug:sfcdebug.obj
 0001:00024360       sf_debug_clear_script_breakpoints 0000000180025360 f   sfc_debug:sfcdebug.obj
 0001:000243d0       sf_debug_query_script_breakpoints 00000001800253d0 f   sfc_debug:sfcdebug.obj
 0001:00024490       sf_debug_get_eml_script_id 0000000180025490 f   sfc_debug:sfcdebug.obj
 0001:000244e0       sf_debug_set_watch         00000001800254e0 f   sfc_debug:sfcdebug.obj
 0001:00024710       sf_debug_get_instance_handle 0000000180025710 f   sfc_debug:sfcdebug.obj
 0001:000247a0       sf_debug_get_active_states 00000001800257a0 f   sfc_debug:sfcdebug.obj
 0001:000247b0       sf_debug_get_animation     00000001800257b0 f   sfc_debug:sfcdebug.obj
 0001:000247c0       sf_debug_set_animation     00000001800257c0 f   sfc_debug:sfcdebug.obj
 0001:000247d0       sf_debug_animate           00000001800257d0 f   sfc_debug:sfcdebug.obj
 0001:00024800       sf_debug_cycle_detection_check 0000000180025800 f   sfc_debug:sfcdebug.obj
 0001:00024810       sf_debug_data_range_check  0000000180025810 f   sfc_debug:sfcdebug.obj
 0001:00024820       sf_debug_transition_conflict_check 0000000180025820 f   sfc_debug:sfcdebug.obj
 0001:00024830       sf_debug_state_consistency_check 0000000180025830 f   sfc_debug:sfcdebug.obj
 0001:00024840       sf_debug_data_range_check_enabled 0000000180025840 f   sfc_debug:sfcdebug.obj
 0001:00024860       sf_debug_transition_conflict_check_enabled 0000000180025860 f   sfc_debug:sfcdebug.obj
 0001:00024880       sf_debug_transition_conflict_check_begin 0000000180025880 f   sfc_debug:sfcdebug.obj
 0001:000248a0       sf_debug_transition_conflict_check_end 00000001800258a0 f   sfc_debug:sfcdebug.obj
 0001:000248c0       sf_debug_stop_debugging    00000001800258c0 f   sfc_debug:sfcdebug.obj
 0001:000248f0       sf_debug_is_cycle_detected 00000001800258f0 f   sfc_debug:sfcdebug.obj
 0001:00024900       sf_debug_is_array_bounds_detected 0000000180025900 f   sfc_debug:sfcdebug.obj
 0001:00024910       sf_debug_get_state_vectors_data_size 0000000180025910 f   sfc_debug:sfcdebug.obj
 0001:00024950       sf_debug_get_state_vectors_data 0000000180025950 f   sfc_debug:sfcdebug.obj
 0001:00024a50       sf_debug_set_state_vectors_data 0000000180025a50 f   sfc_debug:sfcdebug.obj
 0001:00024d10       sf_debug_get_script_index  0000000180025d10 f   sfc_debug:sfcdebug.obj
 0001:00024ea0       sf_debug_add_script        0000000180025ea0 f   sfc_debug:sfcdebug.obj
 0001:00025030       cv_eval_point              0000000180026030 f   sfc_debug:sfcdebug.obj
 0001:000251a0       cv_eval_testobjective      00000001800261a0 f   sfc_debug:sfcdebug.obj
 0001:000252c0       sf_debug_cv_init_state     00000001800262c0 f   sfc_debug:sfcdebug.obj
 0001:000253e0       sf_debug_cv_init_chart     00000001800263e0 f   sfc_debug:sfcdebug.obj
 0001:000254c0       sf_debug_cv_init_trans     00000001800264c0 f   sfc_debug:sfcdebug.obj
 0001:000255c0       sf_debug_cv_init_testobjectives 00000001800265c0 f   sfc_debug:sfcdebug.obj
 0001:000257a0       cv_eml_init_script         00000001800267a0 f   sfc_debug:sfcdebug.obj
 0001:000258b0       cv_eml_init_fcn            00000001800268b0 f   sfc_debug:sfcdebug.obj
 0001:00025960       cv_eml_init_testobjective  0000000180026960 f   sfc_debug:sfcdebug.obj
 0001:00025a30       cv_eml_init_saturation     0000000180026a30 f   sfc_debug:sfcdebug.obj
 0001:00025af0       cv_eml_init_if             0000000180026af0 f   sfc_debug:sfcdebug.obj
 0001:00025bc0       cv_eml_init_for            0000000180026bc0 f   sfc_debug:sfcdebug.obj
 0001:00025c80       cv_eml_init_while          0000000180026c80 f   sfc_debug:sfcdebug.obj
 0001:00025d40       cv_eml_init_mcdc           0000000180026d40 f   sfc_debug:sfcdebug.obj
 0001:00025e50       cv_eml_init_switch         0000000180026e50 f   sfc_debug:sfcdebug.obj
 0001:00025f40       cv_eml_eval                0000000180026f40 f   sfc_debug:sfcdebug.obj
 0001:00026020       sf_debug_bm_is_a_eml_breakpoint 0000000180027020 f   sfc_debug:sfcdebug.obj
 0001:00026170       sf_debug_temporal_threshold 0000000180027170 f   sfc_debug:sfcdebug.obj
 0001:000264d0       sf_debug_transition_conflict_error 00000001800274d0 f   sfc_debug:sfcdebug.obj
 0001:00026850       sf_debug_state_inconsistency_error 0000000180027850 f   sfc_debug:sfcdebug.obj
 0001:00026970       sf_debug_check_for_state_inconsistency 0000000180027970 f   sfc_debug:sfcdebug.obj
 0001:000269a0       sf_debug_cycle_detecton_error 00000001800279a0 f   sfc_debug:sfcdebug.obj
 0001:00027170       sf_debug_size_eq_check_1d  0000000180028170 f   sfc_debug:sfcdebug.obj
 0001:00027190       sf_debug_size_eq_check_nd  0000000180028190 f   sfc_debug:sfcdebug.obj
 0001:00027370       sf_debug_dim_size_eq_check 0000000180028370 f   sfc_debug:sfcdebug.obj
 0001:000273a0       sf_debug_dim_size_geq_check 00000001800283a0 f   sfc_debug:sfcdebug.obj
 0001:000273d0       sf_debug_sub_assign_size_check_nd 00000001800283d0 f   sfc_debug:sfcdebug.obj
 0001:00027610       sf_debug_matrix_matrix_index_check 0000000180028610 f   sfc_debug:sfcdebug.obj
 0001:00027640       sf_debug_vector_vector_index_check 0000000180028640 f   sfc_debug:sfcdebug.obj
 0001:00027670       sf_debug_for_loop_vector_check 0000000180028670 f   sfc_debug:sfcdebug.obj
 0001:00027700       sf_debug_runtime_error_msgid 0000000180028700 f   sfc_debug:sfcdebug.obj
 0001:00027790       sf_debug_data_array_bounds_error_check 0000000180028790 f   sfc_debug:sfcdebug.obj
 0001:000278a0       sf_debug_eml_data_array_bounds_error_check 00000001800288a0 f   sfc_debug:sfcdebug.obj
 0001:00027d80       sf_debug_integer_check     0000000180028d80 f   sfc_debug:sfcdebug.obj
 0001:00027e60       sf_debug_not_nan_check     0000000180028e60 f   sfc_debug:sfcdebug.obj
 0001:00027f20       sf_debug_non_negative_check 0000000180028f20 f   sfc_debug:sfcdebug.obj
 0001:00027fe0       sf_debug_overflow_detection 0000000180028fe0 f   sfc_debug:sfcdebug.obj
 0001:000286d0       sf_debug_cast_to_real32_T  00000001800296d0 f   sfc_debug:sfcdebug.obj
 0001:00028790       sf_debug_cast_to_int8_T    0000000180029790 f   sfc_debug:sfcdebug.obj
 0001:00028850       sf_debug_cast_to_uint8_T   0000000180029850 f   sfc_debug:sfcdebug.obj
 0001:00028910       sf_debug_cast_to_int16_T   0000000180029910 f   sfc_debug:sfcdebug.obj
 0001:000289d0       sf_debug_cast_to_uint16_T  00000001800299d0 f   sfc_debug:sfcdebug.obj
 0001:00028a90       sf_debug_cast_to_int32_T   0000000180029a90 f   sfc_debug:sfcdebug.obj
 0001:00028b50       sf_debug_cast_to_uint32_T  0000000180029b50 f   sfc_debug:sfcdebug.obj
 0001:00028c10       sf_debug_data_range_error  0000000180029c10 f   sfc_debug:sfcdebug.obj
 0001:00028f60       sf_debug_read_before_write_check 0000000180029f60 f   sfc_debug:sfcdebug.obj
 0001:000293c0       sf_debug_data_range_error_wrapper_min_max 000000018002a3c0 f   sfc_debug:sfcdebug.obj
 0001:000294b0       sf_debug_data_range_error_wrapper_min 000000018002a4b0 f   sfc_debug:sfcdebug.obj
 0001:00029590       sf_debug_data_range_error_wrapper_max 000000018002a590 f   sfc_debug:sfcdebug.obj
 0001:00029670       sf_debug_data_range_wrapper 000000018002a670 f   sfc_debug:sfcdebug.obj
 0001:00029720       sf_debug_set_current_status_info 000000018002a720 f   sfc_debug:sfcdebug.obj
 0001:00029ad0       sf_debug_register_message_post_receive_info 000000018002aad0 f   sfc_debug:sfcdebug.obj
 0001:00029d40       sf_debug_call              000000018002ad40 f   sfc_debug:sfcdebug.obj
 0001:0002a9a0       sf_debug_initialize_machine 000000018002b9a0 f   sfc_debug:sfcdebug.obj
 0001:0002acb0       sf_debug_initialize_chart  000000018002bcb0 f   sfc_debug:sfcdebug.obj
 0001:0002b100       sf_debug_ensure_script     000000018002c100 f   sfc_debug:sfcdebug.obj
 0001:0002b1c0       cv_script_init_script      000000018002c1c0 f   sfc_debug:sfcdebug.obj
 0001:0002b2b0       cv_script_init_fcn         000000018002c2b0 f   sfc_debug:sfcdebug.obj
 0001:0002b360       cv_script_init_testobjective 000000018002c360 f   sfc_debug:sfcdebug.obj
 0001:0002b410       cv_script_init_if          000000018002c410 f   sfc_debug:sfcdebug.obj
 0001:0002b4c0       cv_script_init_for         000000018002c4c0 f   sfc_debug:sfcdebug.obj
 0001:0002b570       cv_script_init_while       000000018002c570 f   sfc_debug:sfcdebug.obj
 0001:0002b620       cv_script_init_mcdc        000000018002c620 f   sfc_debug:sfcdebug.obj
 0001:0002b720       cv_script_init_switch      000000018002c720 f   sfc_debug:sfcdebug.obj
 0001:0002b800       cv_script_eval             000000018002c800 f   sfc_debug:sfcdebug.obj
 0001:0002b8e0       eml_debug_line_call        000000018002c8e0 f   sfc_debug:sfcdebug.obj
 0001:0002ba90       sf_debug_terminate         000000018002ca90 f   sfc_debug:sfcdebug.obj
 0001:0002bc00       sf_debug_set_script_cv_ids 000000018002cc00 f   sfc_debug:sfcdebug.obj
 0001:0002bd30       sf_debug_api               000000018002cd30 f   sfc_debug:sfc_api.obj
 0001:0002d3e0       sf_debug_sm_terminate      000000018002e3e0 f   sfc_debug:sfdb_animation.obj
 0001:0002d5a0       sf_debug_reset_path_objects 000000018002e5a0 f   sfc_debug:sfdb_animation.obj
 0001:0002d620       sf_debug_sm_reset_object_selection_status 000000018002e620 f   sfc_debug:sfdb_animation.obj
 0001:0002d6c0       sf_debug_sm_reset_state_buffer 000000018002e6c0 f   sfc_debug:sfdb_animation.obj
 0001:0002d790       sf_debug_sm_store_state_buffer 000000018002e790 f   sfc_debug:sfdb_animation.obj
 0001:0002d810       sf_debug_sm_restore_state_buffer1 000000018002e810 f   sfc_debug:sfdb_animation.obj
 0001:0002d880       sf_debug_sm_restore_state_buffer2 000000018002e880 f   sfc_debug:sfdb_animation.obj
 0001:0002d8f0       sf_debug_sm_chart_active   000000018002e8f0 f   sfc_debug:sfdb_animation.obj
 0001:0002d940       sf_debug_sm_select_active_objects 000000018002e940 f   sfc_debug:sfdb_animation.obj
 0001:0002de30       sf_debug_sm_is_chart_active 000000018002ee30 f   sfc_debug:sfdb_animation.obj
 0001:0002de70       sf_debug_sm_is_state_active 000000018002ee70 f   sfc_debug:sfdb_animation.obj
 0001:0002e0b0       sf_debug_sm_get_active_states 000000018002f0b0 f   sfc_debug:sfdb_animation.obj
 0001:0002e670       sf_debug_sm_initialize_instance 000000018002f670 f   sfc_debug:sfdb_animation.obj
 0001:0002e890       sf_debug_sm_change_object_selection_status 000000018002f890 f   sfc_debug:sfdb_animation.obj
 0001:0002eba0       cv_create_interface        000000018002fba0 f   sfc_debug:cv_sfinterface.obj
 0001:0002ef00       cv_init_trans              000000018002ff00 f   sfc_debug:cv_sfinterface.obj
 0001:0002ef50       cv_init_testobjective      000000018002ff50 f   sfc_debug:cv_sfinterface.obj
 0001:0002ef90       cv_init_state              000000018002ff90 f   sfc_debug:cv_sfinterface.obj
 0001:0002f000       cv_init_chart              0000000180030000 f   sfc_debug:cv_sfinterface.obj
 0001:0002f050       cv_dec_update_call         0000000180030050 f   sfc_debug:cv_sfinterface.obj
 0001:0002f090       cv_cond_update_call        0000000180030090 f   sfc_debug:cv_sfinterface.obj
 0001:0002f0d0       cv_testobjective_update_call 00000001800300d0 f   sfc_debug:cv_sfinterface.obj
 0001:0002f110       cv_sigrange_update         0000000180030110 f   sfc_debug:cv_sfinterface.obj
 0001:0002f150       cvsf_eml_eval              0000000180030150 f   sfc_debug:cv_sfinterface.obj
 0001:0002f240       cvsf_eml_init_script       0000000180030240 f   sfc_debug:cv_sfinterface.obj
 0001:0002f2d0       cvsf_eml_init_fcn          00000001800302d0 f   sfc_debug:cv_sfinterface.obj
 0001:0002f330       cvsf_eml_init_testobjective 0000000180030330 f   sfc_debug:cv_sfinterface.obj
 0001:0002f390       cvsf_eml_init_saturation   0000000180030390 f   sfc_debug:cv_sfinterface.obj
 0001:0002f3e0       cvsf_eml_init_if           00000001800303e0 f   sfc_debug:cv_sfinterface.obj
 0001:0002f440       cvsf_eml_init_for          0000000180030440 f   sfc_debug:cv_sfinterface.obj
 0001:0002f490       cvsf_eml_init_while        0000000180030490 f   sfc_debug:cv_sfinterface.obj
 0001:0002f4e0       cvsf_eml_init_mcdc         00000001800304e0 f   sfc_debug:cv_sfinterface.obj
 0001:0002f570       cvsf_eml_init_switch       0000000180030570 f   sfc_debug:cv_sfinterface.obj
 0001:0002f5e0       cvsf_script_eval           00000001800305e0 f   sfc_debug:cv_sfinterface.obj
 0001:0002f6d0       cvsf_script_init_script    00000001800306d0 f   sfc_debug:cv_sfinterface.obj
 0001:0002f760       cvsf_script_init_fcn       0000000180030760 f   sfc_debug:cv_sfinterface.obj
 0001:0002f7c0       cvsf_script_init_testobjective 00000001800307c0 f   sfc_debug:cv_sfinterface.obj
 0001:0002f820       cvsf_script_init_saturation 0000000180030820 f   sfc_debug:cv_sfinterface.obj
 0001:0002f870       cvsf_script_init_if        0000000180030870 f   sfc_debug:cv_sfinterface.obj
 0001:0002f8d0       cvsf_script_init_for       00000001800308d0 f   sfc_debug:cv_sfinterface.obj
 0001:0002f920       cvsf_script_init_while     0000000180030920 f   sfc_debug:cv_sfinterface.obj
 0001:0002f970       cvsf_script_init_mcdc      0000000180030970 f   sfc_debug:cv_sfinterface.obj
 0001:0002fa00       cvsf_script_init_switch    0000000180030a00 f   sfc_debug:cv_sfinterface.obj
 0001:0002fa70       cv_destroy_interface       0000000180030a70 f   sfc_debug:cv_sfinterface.obj
 0001:0002fa90       cv_create_instance_objects 0000000180030a90 f   sfc_debug:cv_sfinterface.obj
 0001:0002ff40       cv_is_enabled              0000000180030f40 f   sfc_debug:cv_sfinterface.obj
 0001:0002ff50       sf_debug_cv_initialize_script 0000000180030f50 f   sfc_debug:cv_sfinterface.obj
 0001:00030100       sf_debug_cv_initialize_instance 0000000180031100 f   sfc_debug:cv_sfinterface.obj
 0001:000304a0       sf_debug_cv_terminate_chart 00000001800314a0 f   sfc_debug:cv_sfinterface.obj
 0001:000305e0       cv_call_trans_test         00000001800315e0 f   sfc_debug:cv_sfinterface.obj
 0001:000305f0       cv_call_sub_cond_test      00000001800315f0 f   sfc_debug:cv_sfinterface.obj
 0001:00030630       sf_debug_st_initialize_machine 0000000180031630 f   sfc_debug:sfdb_data_browse.obj
 0001:000306f0       sf_debug_st_initialize_instance 00000001800316f0 f   sfc_debug:sfdb_data_browse.obj
 0001:00030920       sf_debug_st_terminate      0000000180031920 f   sfc_debug:sfdb_data_browse.obj
 0001:00030cc0       sf_debug_st_set_data_value_ptr_in_machine 0000000180031cc0 f   sfc_debug:sfdb_data_browse.obj
 0001:00030d50       sf_debug_st_set_data_value_ptr_in_instance 0000000180031d50 f   sfc_debug:sfdb_data_browse.obj
 0001:00030e30       sf_debug_st_unset_data_value_ptr_in_machine 0000000180031e30 f   sfc_debug:sfdb_data_browse.obj
 0001:00030ea0       sf_debug_st_unset_data_value_ptr_in_instance 0000000180031ea0 f   sfc_debug:sfdb_data_browse.obj
 0001:000311b0       sf_debug_mx_value          00000001800321b0 f   sfc_debug:sfdb_data_browse.obj
 0001:00031210       sf_debug_mx_packed_vector  0000000180032210 f   sfc_debug:sfdb_data_browse.obj
 0001:000312f0       sf_debug_mx_uint_vector    00000001800322f0 f   sfc_debug:sfdb_data_browse.obj
 0001:000313b0       sf_debug_st_get_double_value_from_void_ptr_vector 00000001800323b0 f   sfc_debug:sfdb_data_browse.obj
 0001:00031ea0       sf_debug_st_browse_data    0000000180032ea0 f   sfc_debug:sfdb_data_browse.obj
 0001:00032730       sf_debug_hm_initialize_instance 0000000180033730 f   sfc_debug:sfdb_handle_management.obj
 0001:00032c60       sf_debug_hm_get_object_id  0000000180033c60 f   sfc_debug:sfdb_handle_management.obj
 0001:00033810       sf_debug_hm_update_chart_visibility 0000000180034810 f   sfc_debug:sfdb_handle_management.obj
 0001:00034af0       sf_debug_object_is_eml_function 0000000180035af0 f   sfc_debug:sfdb_handle_management.obj
 0001:00034b60       sf_debug_hm_initialize_ids_in_machine 0000000180035b60 f   sfc_debug:sfdb_handle_management.obj
 0001:00034cd0       sf_debug_hm_initialize_ids_in_chart 0000000180035cd0 f   sfc_debug:sfdb_handle_management.obj
 0001:00034dd0       sf_debug_hm_initialize_chart 0000000180035dd0 f   sfc_debug:sfdb_handle_management.obj
 0001:00035570       sf_debug_hm_terminate      0000000180036570 f   sfc_debug:sfdb_handle_management.obj
 0001:000355d0       sf_debug_hm_initialize_machine 00000001800365d0 f   sfc_debug:sfdb_handle_management.obj
 0001:00035d80       sf_debug_ss_initialize     0000000180036d80 f   sfc_debug:sfdb_symbol_scope.obj
 0001:00035da0       sf_debug_ss_terminate      0000000180036da0 f   sfc_debug:sfdb_symbol_scope.obj
 0001:00035e30       sf_debug_ss_push_symbol_scope 0000000180036e30 f   sfc_debug:sfdb_symbol_scope.obj
 0001:00035f30       sf_debug_ss_push_symbol_scope_eml 0000000180036f30 f   sfc_debug:sfdb_symbol_scope.obj
 0001:00035f90       sf_debug_ss_pop_symbol_scope 0000000180036f90 f   sfc_debug:sfdb_symbol_scope.obj
 0001:00036040       sf_debug_ss_add_symbol     0000000180037040 f   sfc_debug:sfdb_symbol_scope.obj
 0001:000361a0       sf_debug_ss_add_symbol_eml 00000001800371a0 f   sfc_debug:sfdb_symbol_scope.obj
 0001:00036ec0       sf_debug_ss_set_data_value 0000000180037ec0 f   sfc_debug:sfdb_symbol_scope.obj
 0001:00037390       getInstanceNumber          0000000180038390 f   sfc_debug:sfdb_symbol_scope.obj
 0001:00037460       sf_debug_ss_watch_data     0000000180038460 f   sfc_debug:sfdb_symbol_scope.obj
 0001:00037600       sf_debug_ss_assign_data    0000000180038600 f   sfc_debug:sfdb_symbol_scope.obj
 0001:00038020       get_data_entry_name        0000000180039020 f   sfc_debug:sfdb_symbol_scope.obj
 0001:00038070       sf_debug_ss_whos           0000000180039070 f   sfc_debug:sfdb_symbol_scope.obj
 0001:00038790       sf_debug_cc_initialize_chart 0000000180039790 f   sfc_debug:sfdb_coverage.obj
 0001:00039180       sf_debug_cc_initialize_instance 000000018003a180 f   sfc_debug:sfdb_coverage.obj
 0001:00039f90       sf_debug_cc_terminate      000000018003af90 f   sfc_debug:sfdb_coverage.obj
 0001:0003a080       sf_debug_cc_set_transition_maps 000000018003b080 f   sfc_debug:sfdb_coverage.obj
 0001:0003a1b0       sf_debug_cc_set_state_maps 000000018003b1b0 f   sfc_debug:sfdb_coverage.obj
 0001:0003a290       sf_debug_cc_set_transition_weights 000000018003b290 f   sfc_debug:sfdb_coverage.obj
 0001:0003a560       sf_debug_cc_set_state_weights 000000018003b560 f   sfc_debug:sfdb_coverage.obj
 0001:0003a830       sf_debug_cc_mark_transition_guard 000000018003b830 f   sfc_debug:sfdb_coverage.obj
 0001:0003a8c0       sf_debug_cc_mark_transition_trigger 000000018003b8c0 f   sfc_debug:sfdb_coverage.obj
 0001:0003a950       sf_debug_cc_mark_transition_decision 000000018003b950 f   sfc_debug:sfdb_coverage.obj
 0001:0003a9c0       sf_debug_cc_mark_transition_condition_action 000000018003b9c0 f   sfc_debug:sfdb_coverage.obj
 0001:0003aa10       sf_debug_cc_mark_transition_transition_action 000000018003ba10 f   sfc_debug:sfdb_coverage.obj
 0001:0003aa60       sf_debug_cc_mark_state_entry 000000018003ba60 f   sfc_debug:sfdb_coverage.obj
 0001:0003aab0       sf_debug_cc_mark_state_during 000000018003bab0 f   sfc_debug:sfdb_coverage.obj
 0001:0003ab00       sf_debug_cc_mark_state_exit 000000018003bb00 f   sfc_debug:sfdb_coverage.obj
 0001:0003ab50       sf_debug_bm_clear_script_breakpoints 000000018003bb50 f   sfc_debug:sfdb_breakpoints.obj
 0001:0003ab80       sf_debug_bm_set_script_breakpoint 000000018003bb80 f   sfc_debug:sfdb_breakpoints.obj
 0001:0003ac00       sf_debug_bm_clear_single_script_breakpoint 000000018003bc00 f   sfc_debug:sfdb_breakpoints.obj
 0001:0003ac80       sf_debug_bm_query_script_breakpoint 000000018003bc80 f   sfc_debug:sfdb_breakpoints.obj
 0001:0003acd0       sf_debug_bm_initialize_scripts 000000018003bcd0 f   sfc_debug:sfdb_breakpoints.obj
 0001:0003b3f0       sf_debug_bm_terminate      000000018003c3f0 f   sfc_debug:sfdb_breakpoints.obj
 0001:0003b6e0       sf_debug_bm_remove_all_breakpoints_in_machine 000000018003c6e0 f   sfc_debug:sfdb_breakpoints.obj
 0001:0003b750       sf_debug_bm_remove_all_breakpoints_in_chart 000000018003c750 f   sfc_debug:sfdb_breakpoints.obj
 0001:0003b8a0       sf_debug_bm_initialize_global_breakpoints 000000018003c8a0 f   sfc_debug:sfdb_breakpoints.obj
 0001:0003ba20       sf_debug_bm_set_breakpoint 000000018003ca20 f   sfc_debug:sfdb_breakpoints.obj
 0001:0003c020       sf_debug_bm_set_eml_breakpoint 000000018003d020 f   sfc_debug:sfdb_breakpoints.obj
 0001:0003c0c0       sf_debug_bm_initialize_machine_breakpoint_map 000000018003d0c0 f   sfc_debug:sfdb_breakpoints.obj
 0001:0003c4e0       sf_debug_bm_is_a_breakpoint 000000018003d4e0 f   sfc_debug:sfdb_breakpoints.obj
 0001:0003cac0       sf_debug_bm_get_all_breakpoints_in_machine 000000018003dac0 f   sfc_debug:sfdb_breakpoints.obj
 0001:0003cdc0       sf_debug_bm_get_all_breakpoints_in_chart 000000018003ddc0 f   sfc_debug:sfdb_breakpoints.obj
 0001:0003da80       sf_debug_bm_initialize_machine 000000018003ea80 f   sfc_debug:sfdb_breakpoints.obj
 0001:0003db50       sf_debug_bm_initialize_chart 000000018003eb50 f   sfc_debug:sfdb_breakpoints.obj
 0001:0003df70       sf_debug_sc_terminate      000000018003ef70 f   sfc_debug:sfdb_state_consistency.obj
 0001:0003e2a0       sf_debug_sc_is_chart_consistent 000000018003f2a0 f   sfc_debug:sfdb_state_consistency.obj
 0001:0003e550       sf_debug_sc_get_consistency_error_info 000000018003f550 f   sfc_debug:sfdb_state_consistency.obj
 0001:0003e9a0       sf_debug_tm_terminate      000000018003f9a0 f   sfc_debug:sfdb_call_stack.obj
 0001:0003ea60       sf_debug_tm_push_chart_instance 000000018003fa60 f   sfc_debug:sfdb_call_stack.obj
 0001:0003ebb0       sf_debug_tm_pop_chart_instance 000000018003fbb0 f   sfc_debug:sfdb_call_stack.obj
 0001:0003ec10       sf_debug_tm_push_trace_node 000000018003fc10 f   sfc_debug:sfdb_call_stack.obj
 0001:0003eda0       sf_debug_tm_pop_trace_node 000000018003fda0 f   sfc_debug:sfdb_call_stack.obj
 0001:0003ee20       sf_debug_tm_get_current_global_trace_index 000000018003fe20 f   sfc_debug:sfdb_call_stack.obj
 0001:0003ee30       sf_debug_tm_get_current_local_trace_index 000000018003fe30 f   sfc_debug:sfdb_call_stack.obj
 0001:0003ee60       sf_debug_tm_set_cycle_detected_flag 000000018003fe60 f   sfc_debug:sfdb_call_stack.obj
 0001:0003eea0       sf_debug_tm_set_cycle_started_flag 000000018003fea0 f   sfc_debug:sfdb_call_stack.obj
 0001:0003eee0       sf_debug_tm_get_chart_number_from_stack 000000018003fee0 f   sfc_debug:sfdb_call_stack.obj
 0001:0003f0e0       sf_debug_tm_browse_trace   00000001800400e0 f   sfc_debug:sfdb_call_stack.obj
 0001:0003f420       sf_debug_cd_initialize_instance 0000000180040420 f   sfc_debug:sfdb_cycle_detection.obj
 0001:0003f6d0       sf_debug_cd_mark_processed_transition_in_instance 00000001800406d0 f   sfc_debug:sfdb_cycle_detection.obj
 0001:0003f770       sf_debug_cd_checksum_push  0000000180040770 f   sfc_debug:sfdb_cycle_detection.obj
 0001:0003fa30       sf_debug_cd_checksum_pop   0000000180040a30 f   sfc_debug:sfdb_cycle_detection.obj
 0001:0003faa0       sf_debug_cd_turn_off_cycle_detection 0000000180040aa0 f   sfc_debug:sfdb_cycle_detection.obj
 0001:0003faf0       sf_debug_cd_terminate      0000000180040af0 f   sfc_debug:sfdb_cycle_detection.obj
 0001:0003fd30       md5_initialize_state       0000000180040d30 f   sfc_debug:ckmd5.obj
 0001:000407a0       md5_update_state           00000001800417a0 f   sfc_debug:ckmd5.obj
 0001:000407c0       md5_get_hash               00000001800417c0 f   sfc_debug:ckmd5.obj
 0001:000407f0       md5_get_hash_for_a_single_string 00000001800417f0 f   sfc_debug:ckmd5.obj
 0001:00040854       mxGetPr                    0000000180041854 f   libmx:libmx.dll
 0001:0004085a       mxCreateDoubleScalar       000000018004185a f   libmx:libmx.dll
 0001:00040860       mxCreateDoubleMatrix_730   0000000180041860 f   libmx:libmx.dll
 0001:00040866       mxSetField_730             0000000180041866 f   libmx:libmx.dll
 0001:0004086c       mxCreateString             000000018004186c f   libmx:libmx.dll
 0001:00040872       mxCreateStructMatrix_730   0000000180041872 f   libmx:libmx.dll
 0001:00040878       mxDestroyArray             0000000180041878 f   libmx:libmx.dll
 0001:0004087e       mxDuplicateArray           000000018004187e f   libmx:libmx.dll
 0001:00040884       mxGetString_730            0000000180041884 f   libmx:libmx.dll
 0001:0004088a       mxIsChar                   000000018004188a f   libmx:libmx.dll
 0001:00040890       mxGetClassID               0000000180041890 f   libmx:libmx.dll
 0001:00040896       mxIsNumeric                0000000180041896 f   libmx:libmx.dll
 0001:0004089c       mxIsComplex                000000018004189c f   libmx:libmx.dll
 0001:000408a2       mxGetN                     00000001800418a2 f   libmx:libmx.dll
 0001:000408a8       mxGetM                     00000001800418a8 f   libmx:libmx.dll
 0001:000408ae       mxCalloc                   00000001800418ae f   libmx:libmx.dll
 0001:000408b4       mxGetScalar                00000001800418b4 f   libmx:libmx.dll
 0001:000408ba       mxIsLogical                00000001800418ba f   libmx:libmx.dll
 0001:000408c0       mxCreateDoubleMatrix_700   00000001800418c0 f   libmx:libmx.dll
 0001:000408c6       mxFree                     00000001800418c6 f   libmx:libmx.dll
 0001:000408cc       mxArrayToString            00000001800418cc f   libmx:libmx.dll
 0001:000408d2       mxCreateCellMatrix_700     00000001800418d2 f   libmx:libmx.dll
 0001:000408d8       mxSetCell_700              00000001800418d8 f   libmx:libmx.dll
 0001:000408de       mxGetCell_700              00000001800418de f   libmx:libmx.dll
 0001:000408e4       mxGetClassName             00000001800418e4 f   libmx:libmx.dll
 0001:000408ea       mxSetField_700             00000001800418ea f   libmx:libmx.dll
 0001:000408f0       mxAddField                 00000001800418f0 f   libmx:libmx.dll
 0001:000408f6       mxGetField_700             00000001800418f6 f   libmx:libmx.dll
 0001:000408fc       mxGetNumberOfElements      00000001800418fc f   libmx:libmx.dll
 0001:00040902       mxIsStruct                 0000000180041902 f   libmx:libmx.dll
 0001:00040908       mxIsA                      0000000180041908 f   libmx:libmx.dll
 0001:0004090e       mxIsClass                  000000018004190e f   libmx:libmx.dll
 0001:00040914       mxGetLogicals              0000000180041914 f   libmx:libmx.dll
 0001:0004091a       mxIsSparse                 000000018004191a f   libmx:libmx.dll
 0001:00040920       mxSetFieldByNumber_700     0000000180041920 f   libmx:libmx.dll
 0001:00040926       mxGetFieldByNumber_700     0000000180041926 f   libmx:libmx.dll
 0001:0004092c       mxGetFieldNameByNumber     000000018004192c f   libmx:libmx.dll
 0001:00040932       mxGetNumberOfFields        0000000180041932 f   libmx:libmx.dll
 0001:00040938       mxCreateStructMatrix_700   0000000180041938 f   libmx:libmx.dll
 0001:0004093e       mxGetFieldNumber           000000018004193e f   libmx:libmx.dll
 0001:00040944       mxIsNaN                    0000000180041944 f   libmx:libmx.dll
 0001:0004094a       mxIsEmpty                  000000018004194a f   libmx:libmx.dll
 0001:00040950       mxGetData                  0000000180041950 f   libmx:libmx.dll
 0001:00040956       mxGetImagData              0000000180041956 f   libmx:libmx.dll
 0001:0004095c       mxArrayClassIDName         000000018004195c f   libmx:libmx.dll
 0001:00040962       mxCreateNumericMatrix_700  0000000180041962 f   libmx:libmx.dll
 0001:00040968       mxCreateStructArray_700    0000000180041968 f   libmx:libmx.dll
 0001:0004096e       mxCalcSingleSubscript_700  000000018004196e f   libmx:libmx.dll
 0001:00040974       mxGetDimensions_700        0000000180041974 f   libmx:libmx.dll
 0001:0004097a       mxGetNumberOfDimensions_700 000000018004197a f   libmx:libmx.dll
 0001:00040980       mxCreateNumericArray_700   0000000180041980 f   libmx:libmx.dll
 0001:00040986       mxGetElementSize           0000000180041986 f   libmx:libmx.dll
 0001:0004098c       mxCreateStringFromNChars_700 000000018004198c f   libmx:libmx.dll
 0001:00040992       mxGetString_700            0000000180041992 f   libmx:libmx.dll
 0001:00040998       mxIsLogicalScalarTrue      0000000180041998 f   libmx:libmx.dll
 0001:0004099e       mxCreateLogicalScalar      000000018004199e f   libmx:libmx.dll
 0001:000409a4       mexUnlock                  00000001800419a4 f   libmex:libmex.dll
 0001:000409aa       mexIsLocked                00000001800419aa f   libmex:libmex.dll
 0001:000409b0       mexWarnMsgTxt              00000001800419b0 f   libmex:libmex.dll
 0001:000409b6       mexCallMATLAB              00000001800419b6 f   libmex:libmex.dll
 0001:000409bc       mexErrMsgTxt               00000001800419bc f   libmex:libmex.dll
 0001:000409c2       mexMakeArrayPersistent     00000001800419c2 f   libmex:libmex.dll
 0001:000409c8       mexSetTrapFlag             00000001800419c8 f   libmex:libmex.dll
 0001:000409ce       mexPutVariable             00000001800419ce f   libmex:libmex.dll
 0001:000409d4       mexGetVariable             00000001800419d4 f   libmex:libmex.dll
 0001:000409da       mexLock                    00000001800419da f   libmex:libmex.dll
 0001:000409e0       mexMakeMemoryPersistent    00000001800419e0 f   libmex:libmex.dll
 0001:000409e6       mexFunctionName            00000001800419e6 f   libmex:libmex.dll
 0001:000409ec       ssRegisterDataTypeFxpFSlopeFixExpBias 00000001800419ec f   libfixedpoint:libfixedpoint.dll
 0001:000409f2       utVSNprintf                00000001800419f2 f   libut:libut.dll
 0001:000409f8       utCPUtime                  00000001800419f8 f   libut:libut.dll
 0001:000409fe       utFree                     00000001800419fe f   libut:libut.dll
 0001:00040a04       utMalloc                   0000000180041a04 f   libut:libut.dll
 0001:00040a0a       muDoubleScalarSin          0000000180041a0a f   libmwmathutil:libmwmathutil.dll
 0001:00040a10       muDoubleScalarCos          0000000180041a10 f   libmwmathutil:libmwmathutil.dll
 0001:00040a16       muDoubleScalarPower        0000000180041a16 f   libmwmathutil:libmwmathutil.dll
 0001:00040a1c       muDoubleScalarAbs          0000000180041a1c f   libmwmathutil:libmwmathutil.dll
 0001:00040a22       muDoubleScalarSign         0000000180041a22 f   libmwmathutil:libmwmathutil.dll
 0001:00040a28       emlrtCreateRootTLS         0000000180041a28 f   libemlrt:libemlrt.dll
 0001:00040a2e       emlrtDestroyRootTLS        0000000180041a2e f   libemlrt:libemlrt.dll
 0001:00040a34       emlrtCheckBuiltInR2012b    0000000180041a34 f   libemlrt:libemlrt.dll
 0001:00040a3a       emlrtCheckVsBuiltInR2012b  0000000180041a3a f   libemlrt:libemlrt.dll
 0001:00040a40       emlrtCheckEnumR2012b       0000000180041a40 f   libemlrt:libemlrt.dll
 0001:00040a46       emlrtCreateEnumR2012b      0000000180041a46 f   libemlrt:libemlrt.dll
 0001:00040a4c       emlrtGetEnumElementR2009a  0000000180041a4c f   libemlrt:libemlrt.dll
 0001:00040a52       emlrtCreateReference       0000000180041a52 f   libemlrt:libemlrt.dll
 0001:00040a58       emlrtImportVsFiArrayR2009b 0000000180041a58 f   libemlrt:libemlrt.dll
 0001:00040a5e       emlrtNameCapturePostProcessR2012a 0000000180041a5e f   libemlrt:libemlrt.dll
 0001:00040a64       emlrtExtractMessageId      0000000180041a64 f   libemlrt:libemlrt.dll
 0001:00040a6a       emlrtTranslateMessageIDtoLCPstring 0000000180041a6a f   libemlrt:libemlrt.dll
 0001:00040a70       emlrtForLoopVectorIsValidR2011b 0000000180041a70 f   libemlrt:libemlrt.dll
 0001:00040a76       emlrtTranslateUTF16MessagetoLCPstring 0000000180041a76 f   libemlrt:libemlrt.dll
 0001:00040a7c       emlrtGetEnumUnderlyingArrayR2009a 0000000180041a7c f   libemlrt:libemlrt.dll
 0001:00040a82       emlrtIsEnumR2009a          0000000180041a82 f   libemlrt:libemlrt.dll
 0001:00040a88       __GSHandlerCheckCommon     0000000180041a88 f   MSVCRT:gshandler.obj
 0001:00040aec       __GSHandlerCheck           0000000180041aec f   MSVCRT:gshandler.obj
 0001:00040b0a       strlen                     0000000180041b0a f   MSVCRT:MSVCR100.dll
 0001:00040b20       __security_check_cookie    0000000180041b20 f   MSVCRT:amdsecgs.obj
 0001:00040b40       memset                     0000000180041b40 f   MSVCRT:MSVCR100.dll
 0001:00040b46       malloc                     0000000180041b46 f   MSVCRT:MSVCR100.dll
 0001:00040b4c       free                       0000000180041b4c f   MSVCRT:MSVCR100.dll
 0001:00040b52       strcmp                     0000000180041b52 f   MSVCRT:MSVCR100.dll
 0001:00040b58       sprintf                    0000000180041b58 f   MSVCRT:MSVCR100.dll
 0001:00040b5e       strcat                     0000000180041b5e f   MSVCRT:MSVCR100.dll
 0001:00040b64       memcpy                     0000000180041b64 f   MSVCRT:MSVCR100.dll
 0001:00040b6c       NtCurrentTeb               0000000180041b6c f i MSVCRT:crtdll.obj
 0001:00040bd8       _CRT_INIT                  0000000180041bd8 f   MSVCRT:crtdll.obj
 0001:00040f70       _DllMainCRTStartup         0000000180041f70 f   MSVCRT:crtdll.obj
 0001:00040fae       strncpy                    0000000180041fae f   MSVCRT:MSVCR100.dll
 0001:00040fd0       _alloca_probe              0000000180041fd0     MSVCRT:chkstk.obj
 0001:00040fd0       __chkstk                   0000000180041fd0 f   MSVCRT:chkstk.obj
 0001:0004101e       longjmp                    000000018004201e f   MSVCRT:MSVCR100.dll
 0001:00041024       strncmp                    0000000180042024 f   MSVCRT:MSVCR100.dll
 0001:0004102a       ceil                       000000018004202a f   MSVCRT:MSVCR100.dll
 0001:00041030       strrchr                    0000000180042030 f   MSVCRT:MSVCR100.dll
 0001:00041036       _setjmp                    0000000180042036 f   MSVCRT:MSVCR100.dll
 0001:0004103c       calloc                     000000018004203c f   MSVCRT:MSVCR100.dll
 0001:00041042       realloc                    0000000180042042 f   MSVCRT:MSVCR100.dll
 0001:00041048       ldexp                      0000000180042048 f   MSVCRT:MSVCR100.dll
 0001:00041050       __report_gsfailure         0000000180042050 f   MSVCRT:gs_report.obj
 0001:0004119c       __clean_type_info_names    000000018004219c f   MSVCRT:tncleanup.obj
 0001:000411a8       _onexit                    00000001800421a8 f   MSVCRT:atonexit.obj
 0001:00041258       atexit                     0000000180042258 f   MSVCRT:atonexit.obj
 0001:00041270       _RTC_Initialize            0000000180042270 f   MSVCRT:_initsect_.obj
 0001:000412a8       _RTC_Terminate             00000001800422a8 f   MSVCRT:_initsect_.obj
 0001:000412e0       _malloc_crt                00000001800422e0 f   MSVCRT:MSVCR100.dll
 0001:000412f0       _ValidateImageBase         00000001800422f0 f   MSVCRT:pesect.obj
 0001:00041320       _FindPESection             0000000180042320 f   MSVCRT:pesect.obj
 0001:00041370       _IsNonwritableInCurrentImage 0000000180042370 f   MSVCRT:pesect.obj
 0001:000413b2       _initterm                  00000001800423b2 f   MSVCRT:MSVCR100.dll
 0001:000413b8       _initterm_e                00000001800423b8 f   MSVCRT:MSVCR100.dll
 0001:000413be       _encoded_null              00000001800423be f   MSVCRT:MSVCR100.dll
 0001:000413c4       _amsg_exit                 00000001800423c4 f   MSVCRT:MSVCR100.dll
 0001:000413ca       __C_specific_handler       00000001800423ca f   MSVCRT:MSVCR100.dll
 0001:000413d0       __CppXcptFilter            00000001800423d0 f   MSVCRT:MSVCR100.dll
 0001:000413d8       DllMain                    00000001800423d8 f   MSVCRT:dllmain.obj
 0001:000413fc       __security_init_cookie     00000001800423fc f   MSVCRT:gs_support.obj
 0001:000414b0       __crt_debugger_hook        00000001800424b0 f   MSVCRT:MSVCR100.dll
 0001:000414b6       __clean_type_info_names_internal 00000001800424b6 f   MSVCRT:MSVCR100.dll
 0001:000414bc       _unlock                    00000001800424bc f   MSVCRT:MSVCR100.dll
 0001:000414c2       __dllonexit                00000001800424c2 f   MSVCRT:MSVCR100.dll
 0001:000414c8       _lock                      00000001800424c8 f   MSVCRT:MSVCR100.dll
 0001:000414ce       EncodePointer              00000001800424ce f   kernel32:KERNEL32.dll
 0001:000414d4       DecodePointer              00000001800424d4 f   kernel32:KERNEL32.dll
 0001:000414da       Sleep                      00000001800424da f   kernel32:KERNEL32.dll
 0001:000414e0       TerminateProcess           00000001800424e0 f   kernel32:KERNEL32.dll
 0001:000414e6       GetCurrentProcess          00000001800424e6 f   kernel32:KERNEL32.dll
 0001:000414ec       UnhandledExceptionFilter   00000001800424ec f   kernel32:KERNEL32.dll
 0001:000414f2       SetUnhandledExceptionFilter 00000001800424f2 f   kernel32:KERNEL32.dll
 0001:000414f8       IsDebuggerPresent          00000001800424f8 f   kernel32:KERNEL32.dll
 0001:000414fe       RtlVirtualUnwind           00000001800424fe f   kernel32:KERNEL32.dll
 0001:00041504       RtlLookupFunctionEntry     0000000180042504 f   kernel32:KERNEL32.dll
 0001:0004150a       RtlCaptureContext          000000018004250a f   kernel32:KERNEL32.dll
 0001:00041510       DisableThreadLibraryCalls  0000000180042510 f   kernel32:KERNEL32.dll
 0001:00041516       QueryPerformanceCounter    0000000180042516 f   kernel32:KERNEL32.dll
 0001:0004151c       GetTickCount               000000018004251c f   kernel32:KERNEL32.dll
 0001:00041522       GetCurrentThreadId         0000000180042522 f   kernel32:KERNEL32.dll
 0001:00041528       GetCurrentProcessId        0000000180042528 f   kernel32:KERNEL32.dll
 0001:0004152e       GetSystemTimeAsFileTime    000000018004252e f   kernel32:KERNEL32.dll
 0002:00000000       __imp_DisableThreadLibraryCalls 0000000180043000     kernel32:KERNEL32.dll
 0002:00000008       __imp_RtlCaptureContext    0000000180043008     kernel32:KERNEL32.dll
 0002:00000010       __imp_RtlLookupFunctionEntry 0000000180043010     kernel32:KERNEL32.dll
 0002:00000018       __imp_RtlVirtualUnwind     0000000180043018     kernel32:KERNEL32.dll
 0002:00000020       __imp_IsDebuggerPresent    0000000180043020     kernel32:KERNEL32.dll
 0002:00000028       __imp_SetUnhandledExceptionFilter 0000000180043028     kernel32:KERNEL32.dll
 0002:00000030       __imp_UnhandledExceptionFilter 0000000180043030     kernel32:KERNEL32.dll
 0002:00000038       __imp_GetCurrentProcess    0000000180043038     kernel32:KERNEL32.dll
 0002:00000040       __imp_TerminateProcess     0000000180043040     kernel32:KERNEL32.dll
 0002:00000048       __imp_Sleep                0000000180043048     kernel32:KERNEL32.dll
 0002:00000050       __imp_DecodePointer        0000000180043050     kernel32:KERNEL32.dll
 0002:00000058       __imp_EncodePointer        0000000180043058     kernel32:KERNEL32.dll
 0002:00000060       __imp_GetTickCount         0000000180043060     kernel32:KERNEL32.dll
 0002:00000068       __imp_GetCurrentThreadId   0000000180043068     kernel32:KERNEL32.dll
 0002:00000070       __imp_GetCurrentProcessId  0000000180043070     kernel32:KERNEL32.dll
 0002:00000078       __imp_GetSystemTimeAsFileTime 0000000180043078     kernel32:KERNEL32.dll
 0002:00000080       __imp_QueryPerformanceCounter 0000000180043080     kernel32:KERNEL32.dll
 0002:00000088       \177KERNEL32_NULL_THUNK_DATA 0000000180043088     kernel32:KERNEL32.dll
 0002:00000090       __imp__onexit              0000000180043090     MSVCRT:MSVCR100.dll
 0002:00000098       __imp__lock                0000000180043098     MSVCRT:MSVCR100.dll
 0002:000000a0       __imp___dllonexit          00000001800430a0     MSVCRT:MSVCR100.dll
 0002:000000a8       __imp__unlock              00000001800430a8     MSVCRT:MSVCR100.dll
 0002:000000b0       __imp___clean_type_info_names_internal 00000001800430b0     MSVCRT:MSVCR100.dll
 0002:000000b8       __imp___crt_debugger_hook  00000001800430b8     MSVCRT:MSVCR100.dll
 0002:000000c0       __imp___CppXcptFilter      00000001800430c0     MSVCRT:MSVCR100.dll
 0002:000000c8       __imp___C_specific_handler 00000001800430c8     MSVCRT:MSVCR100.dll
 0002:000000d0       __imp__amsg_exit           00000001800430d0     MSVCRT:MSVCR100.dll
 0002:000000d8       __imp__encoded_null        00000001800430d8     MSVCRT:MSVCR100.dll
 0002:000000e0       __imp__initterm_e          00000001800430e0     MSVCRT:MSVCR100.dll
 0002:000000e8       __imp__initterm            00000001800430e8     MSVCRT:MSVCR100.dll
 0002:000000f0       __imp__malloc_crt          00000001800430f0     MSVCRT:MSVCR100.dll
 0002:000000f8       __imp_ldexp                00000001800430f8     MSVCRT:MSVCR100.dll
 0002:00000100       __imp_realloc              0000000180043100     MSVCRT:MSVCR100.dll
 0002:00000108       __imp_calloc               0000000180043108     MSVCRT:MSVCR100.dll
 0002:00000110       __imp__setjmp              0000000180043110     MSVCRT:MSVCR100.dll
 0002:00000118       __imp_strrchr              0000000180043118     MSVCRT:MSVCR100.dll
 0002:00000120       __imp_ceil                 0000000180043120     MSVCRT:MSVCR100.dll
 0002:00000128       __imp_strncmp              0000000180043128     MSVCRT:MSVCR100.dll
 0002:00000130       __imp_longjmp              0000000180043130     MSVCRT:MSVCR100.dll
 0002:00000138       __imp_strncpy              0000000180043138     MSVCRT:MSVCR100.dll
 0002:00000140       __imp_memcpy               0000000180043140     MSVCRT:MSVCR100.dll
 0002:00000148       __imp_strcat               0000000180043148     MSVCRT:MSVCR100.dll
 0002:00000150       __imp_sprintf              0000000180043150     MSVCRT:MSVCR100.dll
 0002:00000158       __imp_strcmp               0000000180043158     MSVCRT:MSVCR100.dll
 0002:00000160       __imp_free                 0000000180043160     MSVCRT:MSVCR100.dll
[...]
 0001:00016bf0       sf_mex_check_fimath        0000000180017bf0 f   sfc_mex:sfc_mex.obj
 0001:000177a0       size_mismatch_error        00000001800187a0 f   sfc_mex:sfc_mex.obj
 0001:00018240       check_array_dimensions     0000000180019240 f   sfc_mex:sfc_mex.obj
 0001:000182b0       check_input_mxarray        00000001800192b0 f   sfc_mex:sfc_mex.obj
 0001:000189f0       sf_numeric_value_to_double 00000001800199f0 f   sfc_mex:sfc_mex.obj
 0001:00018a40       ml_generic_out_of_bounds_check 0000000180019a40 f   sfc_mex:sfc_mex.obj
 0001:00018c10       ml_get_element_value_from_array 0000000180019c10 f   sfc_mex:sfc_mex.obj
 0001:00018fb0       _ml_generic_castability_check 0000000180019fb0 f   sfc_mex:sfc_mex.obj
 0001:00019d10       ml_generic_castability_check 000000018001ad10 f   sfc_mex:sfc_mex.obj
 0001:00019db0       ml_check_mx_array_for_single_castability 000000018001adb0 f   sfc_mex:sfc_mex.obj
 0001:00019e50       ml_check_mx_array_for_logical_castability 000000018001ae50 f   sfc_mex:sfc_mex.obj
 0001:00019ef0       ml_check_mx_array_for_int8_castability 000000018001aef0 f   sfc_mex:sfc_mex.obj
 0001:00019fa0       ml_check_mx_array_for_uint8_castability 000000018001afa0 f   sfc_mex:sfc_mex.obj
 0001:0001a000       ml_check_mx_array_for_int16_castability 000000018001b000 f   sfc_mex:sfc_mex.obj
 0001:0001a060       ml_check_mx_array_for_uint16_castability 000000018001b060 f   sfc_mex:sfc_mex.obj
 0001:0001a0c0       ml_check_mx_array_for_int32_castability 000000018001b0c0 f   sfc_mex:sfc_mex.obj
 0001:0001a120       ml_check_mx_array_for_uint32_castability 000000018001b120 f   sfc_mex:sfc_mex.obj
 0001:0001a180       ml_check_mx_array_for_castability 000000018001b180 f   sfc_mex:sfc_mex.obj
 0001:0001aab0       set_data_value             000000018001bab0 f   sfc_mex:sfc_mex.obj
 0001:0001ae20       get_data_value             000000018001be20 f   sfc_mex:sfc_mex.obj
 0001:0001af30       get_next_element_address   000000018001bf30 f   sfc_mex:sfc_mex.obj
 0001:0001b000       sf_normalize_index         000000018001c000 f   sfc_mex:sfc_mex.obj
 0001:0001b390       ml_array_index_bound_check 000000018001c390 f   sfc_mex:sfc_mex.obj
 0001:0001beb0       mx_value                   000000018001ceb0 f   sfc_mex:sfc_mex.obj
 0001:0001bf00       sf_create_numeric_array    000000018001cf00 f   sfc_mex:sfc_mex.obj
 0001:0001bfa0       sf_mex_assign_to_mx_array  000000018001cfa0 f   sfc_mex:sfc_mex.obj
 0001:0001c2f0       assign_from_mx_array       000000018001d2f0 f   sfc_mex:sfc_mex.obj
 0001:0001cb20       sf_mex_import_v            000000018001db20 f   sfc_mex:sfc_mex.obj
 0001:0001d220       get_machine_and_chart_file_number 000000018001e220 f   sfc_mex:sfc_sf.obj
 0001:0001d310       get_sfun_block_specialization 000000018001e310 f   sfc_mex:sfc_sf.obj
 0001:0001d3c0       call_sf_machine_global_method_dispatcher 000000018001e3c0 f   sfc_mex:sfc_sf.obj
 0001:0001d610       mdl_zeroCrossings_processing 000000018001e610 f   sfc_mex:sfc_sf.obj
 0001:0001d6e0       mdl_derivatives_processing 000000018001e6e0 f   sfc_mex:sfc_sf.obj
 0001:0001d9a0       mdl_outputs_continuous_legacy 000000018001e9a0 f   sfc_mex:sfc_sf.obj
 0001:0001da20       mdl_outputs_processing     000000018001ea20 f   sfc_mex:sfc_sf.obj
 0001:0001dc90       mdl_enable_processing      000000018001ec90 f   sfc_mex:sfc_sf.obj
 0001:0001dd60       mdl_disable_processing     000000018001ed60 f   sfc_mex:sfc_sf.obj
 0001:0001ead0       sf_call_output_fcn_enable_disable 000000018001fad0 f   sfc_mex:sfc_sf.obj
 0001:0001ed50       set_dwork_information_from_mx_array 000000018001fd50 f   sfc_mex:sfc_sf.obj
 0001:0001f610       ptr2mxStruct               0000000180020610 f   sfc_mex:sfc_sf.obj
 0001:0001f920       SNPRINTF_WRAPPER           0000000180020920 f   sfc_debug:sfcdebug.obj
 0001:0001f940       sf_debug_chart_instance_initialized_quick 0000000180020940 f   sfc_debug:sfcdebug.obj
 0001:0001f950       sf_debug_chart_instance_initialized 0000000180020950 f   sfc_debug:sfcdebug.obj
 0001:0001faf0       sfrtAddSize                0000000180020af0 f   sfc_debug:sfcdebug.obj
 0001:0001fbb0       sfrtGenSizeString          0000000180020bb0 f   sfc_debug:sfcdebug.obj
 0001:000202c0       fill_single_message_info   00000001800212c0 f   sfc_debug:sfcdebug.obj
 0001:00020480       sf_debug_sim_status_listener 0000000180021480 f   sfc_debug:sfcdebug.obj
 0001:000209f0       sf_debug_form_mask_bits    00000001800219f0 f   sfc_debug:sfcdebug.obj
 0001:00020a30       sf_debug_form_sf_data_type_offsets 0000000180021a30 f   sfc_debug:sfcdebug.obj
 0001:00020af0       sf_debug_free_all          0000000180021af0 f   sfc_debug:sfcdebug.obj
 0001:00020ca0       sf_debug_append_debugger_context 0000000180021ca0 f   sfc_debug:sfcdebug.obj
 0001:00020e40       sf_debug_update_always_honor_breakpoints 0000000180021e40 f   sfc_debug:sfcdebug.obj
 0001:00021010       local_strdup               0000000180022010 f   sfc_debug:sfcdebug.obj
 0001:00021ef0       sf_debug_em_terminate      0000000180022ef0 f   sfc_debug:sfcdebug.obj
 0001:00021f30       sf_debug_push_eml_function 0000000180022f30 f   sfc_debug:sfcdebug.obj
 0001:00021fd0       sf_debug_pop_eml_function  0000000180022fd0 f   sfc_debug:sfcdebug.obj
 0001:00022cd0       sf_debug_get_machine_number_from_id_or_name 0000000180023cd0 f   sfc_debug:sfcdebug.obj
 0001:00022e20       sf_debug_get_chart_number_from_id 0000000180023e20 f   sfc_debug:sfcdebug.obj
 0001:00023bc0       sf_debug_transfer_control_to_debugger_GUI 0000000180024bc0 f   sfc_debug:sfcdebug.obj
 0001:00024b50       sf_debug_scripts_rehash    0000000180025b50 f   sfc_debug:sfcdebug.obj
 0001:00024d90       sf_debug_get_script_line_count 0000000180025d90 f   sfc_debug:sfcdebug.obj
 0001:000256c0       cv_eml_state_cvId          00000001800266c0 f   sfc_debug:sfcdebug.obj
 0001:00025730       cv_eml_trans_cvId          0000000180026730 f   sfc_debug:sfcdebug.obj
 0001:00026ac0       sf_debug_data_array_bounds_error 0000000180027ac0 f   sfc_debug:sfcdebug.obj
 0001:00026ef0       eml_debug_runtime_error_doclink 0000000180027ef0 f   sfc_debug:sfcdebug.obj
 0001:00027050       sf_debug_runtime_error     0000000180028050 f   sfc_debug:sfcdebug.obj
 0001:000270c0       sf_debug_matlab_error      00000001800280c0 f   sfc_debug:sfcdebug.obj
 0001:00027a00       sf_debug_data_value_error  0000000180028a00 f   sfc_debug:sfcdebug.obj
 0001:00028300       sf_debug_data_loss_error   0000000180029300 f   sfc_debug:sfcdebug.obj
 0001:00029290       call_cv_range_check        000000018002a290 f   sfc_debug:sfcdebug.obj
 0001:00029a60       sf_debug_invoke_cycle_detection_code 000000018002aa60 f   sfc_debug:sfcdebug.obj
 0001:0002a8e0       sf_reset_debug_info_struct 000000018002b8e0 f   sfc_debug:sfcdebug.obj
 0001:0002b140       cv_script_cvId             000000018002c140 f   sfc_debug:sfcdebug.obj
 0001:0002bea0       sfc_api_chart_visible      000000018002cea0 f   sfc_debug:sfc_api.obj
 0001:0002bf20       sfc_api_active_instance    000000018002cf20 f   sfc_debug:sfc_api.obj
 0001:0002bfa0       sfc_api_machine_load       000000018002cfa0 f   sfc_debug:sfc_api.obj
 0001:0002c070       sfc_api_debugger_alive     000000018002d070 f   sfc_debug:sfc_api.obj
 0001:0002c080       sfc_api_go                 000000018002d080 f   sfc_debug:sfc_api.obj
 0001:0002c090       sfc_api_step_over          000000018002d090 f   sfc_debug:sfc_api.obj
 0001:0002c0a0       sfc_api_step_out           000000018002d0a0 f   sfc_debug:sfc_api.obj
 0001:0002c0b0       sfc_api_resume             000000018002d0b0 f   sfc_debug:sfc_api.obj
 0001:0002c0c0       sfc_api_break              000000018002d0c0 f   sfc_debug:sfc_api.obj
 0001:0002c0d0       sfc_api_stop_debugging     000000018002d0d0 f   sfc_debug:sfc_api.obj
 0001:0002c120       sfc_api_is_cycle_detected  000000018002d120 f   sfc_debug:sfc_api.obj
 0001:0002c170       sfc_api_is_array_bounds_detected 000000018002d170 f   sfc_debug:sfc_api.obj
 0001:0002c1c0       sfc_api_set_disable_all_breakpoints 000000018002d1c0 f   sfc_debug:sfc_api.obj
 0001:0002c230       sfc_api_disable_all_breakpoints_and_go 000000018002d230 f   sfc_debug:sfc_api.obj
 0001:0002c240       sfc_api_close              000000018002d240 f   sfc_debug:sfc_api.obj
 0001:0002c250       sfc_api_browse_data        000000018002d250 f   sfc_debug:sfc_api.obj
 0001:0002c2c0       sfc_api_watch_data         000000018002d2c0 f   sfc_debug:sfc_api.obj
 0001:0002c3c0       sfc_api_extract_message_post_receive_info 000000018002d3c0 f   sfc_debug:sfc_api.obj
 0001:0002c3e0       sfc_api_assign_data        000000018002d3e0 f   sfc_debug:sfc_api.obj
 0001:0002c480       sfc_api_whos               000000018002d480 f   sfc_debug:sfc_api.obj
 0001:0002c510       sfc_api_get_consistency_info 000000018002d510 f   sfc_debug:sfc_api.obj
 0001:0002c520       sfc_api_browse_trace       000000018002d520 f   sfc_debug:sfc_api.obj
 0001:0002c530       sfc_api_break_on_chart_entry 000000018002d530 f   sfc_debug:sfc_api.obj
 0001:0002c550       sfc_api_break_on_event_broadcast 000000018002d550 f   sfc_debug:sfc_api.obj
 0001:0002c570       sfc_api_break_on_state_entry 000000018002d570 f   sfc_debug:sfc_api.obj
 0001:0002c590       sfc_api_set_watch          000000018002d590 f   sfc_debug:sfc_api.obj
 0001:0002c630       sfc_api_set_breakpoints    000000018002d630 f   sfc_debug:sfc_api.obj
 0001:0002c6d0       sfc_api_set_eml_breakpoints 000000018002d6d0 f   sfc_debug:sfc_api.obj
 0001:0002c750       sfc_api_set_script_breakpoints 000000018002d750 f   sfc_debug:sfc_api.obj
 0001:0002c7a0       sfc_api_add_script_breakpoints 000000018002d7a0 f   sfc_debug:sfc_api.obj
 0001:0002c7f0       sfc_api_clear_script_breakpoints 000000018002d7f0 f   sfc_debug:sfc_api.obj
 0001:0002c840       sfc_api_query_script_breakpoints 000000018002d840 f   sfc_debug:sfc_api.obj
 0001:0002c8a0       sfc_api_get_script_id      000000018002d8a0 f   sfc_debug:sfc_api.obj
 0001:0002c960       sfc_api_get_active_states  000000018002d960 f   sfc_debug:sfc_api.obj
 0001:0002c9e0       sfc_api_break_between_times 000000018002d9e0 f   sfc_debug:sfc_api.obj
 0001:0002ca40       sfc_api_get_instance_handle 000000018002da40 f   sfc_debug:sfc_api.obj
 0001:0002caf0       sfc_api_set_animation      000000018002daf0 f   sfc_debug:sfc_api.obj
 0001:0002cb40       sfc_api_select_chart       000000018002db40 f   sfc_debug:sfc_api.obj
 0001:0002cba0       sfc_api_select_charts      000000018002dba0 f   sfc_debug:sfc_api.obj
 0001:0002cbd0       sfc_api_cycle_detection_check 000000018002dbd0 f   sfc_debug:sfc_api.obj
 0001:0002cc20       sfc_api_data_range_check   000000018002dc20 f   sfc_debug:sfc_api.obj
 0001:0002cc70       sfc_api_transition_conflict_check 000000018002dc70 f   sfc_debug:sfc_api.obj
 0001:0002ccc0       sfc_api_state_consistency_check 000000018002dcc0 f   sfc_debug:sfc_api.obj
 0001:0002cd10       sfc_api_set_instance_cv_ids 000000018002dd10 f   sfc_debug:sfc_api.obj
 0001:0002ce20       sfc_api_set_script_cv_ids  000000018002de20 f   sfc_debug:sfc_api.obj
 0001:0002ced0       sfc_api_get_current_machine_id 000000018002ded0 f   sfc_debug:sfc_api.obj
 0001:0002cf00       sfc_api_get_current_machine_number 000000018002df00 f   sfc_debug:sfc_api.obj
 0001:0002cf30       sfc_api_get_current_chart_number 000000018002df30 f   sfc_debug:sfc_api.obj
 0001:0002cf60       sfc_api_get_current_instance_number 000000018002df60 f   sfc_debug:sfc_api.obj
 0001:0002cf90       sfc_api_get_current_instance_handle 000000018002df90 f   sfc_debug:sfc_api.obj
 0001:0002cfb0       sfc_api_get_current_is_minor_time_step 000000018002dfb0 f   sfc_debug:sfc_api.obj
 0001:0002cfe0       sfc_api_get_current_machine_name 000000018002dfe0 f   sfc_debug:sfc_api.obj
 0001:0002d000       sfc_api_get_current_chart_id 000000018002e000 f   sfc_debug:sfc_api.obj
 0001:0002d030       sfc_api_get_current_object_type 000000018002e030 f   sfc_debug:sfc_api.obj
 0001:0002d060       sfc_api_get_current_event_type 000000018002e060 f   sfc_debug:sfc_api.obj
 0001:0002d090       sfc_api_get_current_object_id 000000018002e090 f   sfc_debug:sfc_api.obj
 0001:0002d0c0       sfc_get_current_active_event_type 000000018002e0c0 f   sfc_debug:sfc_api.obj
 0001:0002d0f0       sfc_api_get_current_active_event_id 000000018002e0f0 f   sfc_debug:sfc_api.obj
 0001:0002d120       sfc_api_get_current_simulation_time 000000018002e120 f   sfc_debug:sfc_api.obj
 0001:0002d140       sfc_get_current_tag_type   000000018002e140 f   sfc_debug:sfc_api.obj
 0001:0002d170       sfc_get_current_coverage_percentage 000000018002e170 f   sfc_debug:sfc_api.obj
 0001:0002d190       sfc_get_current_statement_context 000000018002e190 f   sfc_debug:sfc_api.obj
 0001:0002d1b0       sfc_get_current_optional_integer 000000018002e1b0 f   sfc_debug:sfc_api.obj
 0001:0002d1e0       sfc_get_current_statement_info 000000018002e1e0 f   sfc_debug:sfc_api.obj
 0001:0002d280       sfc_api_get                000000018002e280 f   sfc_debug:sfc_api.obj
 0001:0002def0       sf_debug_sm_fill_state_activity_data 000000018002eef0 f   sfc_debug:sfdb_animation.obj
 0001:000307f0       void_ptr_stack_vector_free_total 00000001800317f0 f   sfc_debug:sfdb_data_browse.obj
 0001:00030880       sf_debug_st_terminate_machine 0000000180031880 f   sfc_debug:sfdb_data_browse.obj
 0001:000308c0       sf_debug_st_terminate_instance 00000001800318c0 f   sfc_debug:sfdb_data_browse.obj
 0001:00030c70       push_on_to_void_ptr_stack  0000000180031c70 f   sfc_debug:sfdb_data_browse.obj
 0001:00030e00       pop_from_void_ptr_stack    0000000180031e00 f   sfc_debug:sfdb_data_browse.obj
 0001:00030f30       sf_debug_st_get_data_value 0000000180031f30 f   sfc_debug:sfdb_data_browse.obj
 0001:000314c0       mx_value                   00000001800324c0 f   sfc_debug:sfdb_data_browse.obj
 0001:00031500       sf_debug_st_fill_data_struct 0000000180032500 f   sfc_debug:sfdb_data_browse.obj
 0001:00031840       data_type_format_strings   0000000180032840 f   sfc_debug:sfdb_data_browse.obj
 0001:000318f0       sf_debug_st_fill_data      00000001800328f0 f   sfc_debug:sfdb_data_browse.obj
 0001:00032640       sf_debug_hm_get_simulink_handle 0000000180033640 f   sfc_debug:sfdb_handle_management.obj
 0001:00033140       sf_debug_hm_initialize_globals 0000000180034140 f   sfc_debug:sfdb_handle_management.obj
 0001:00033240       sf_debug_hm_get_machine_debug_flag 0000000180034240 f   sfc_debug:sfdb_handle_management.obj
 0001:000333b0       sf_debug_hm_get_machine_id 00000001800343b0 f   sfc_debug:sfdb_handle_management.obj
 0001:000334d0       sf_debug_hm_get_chart_id   00000001800344d0 f   sfc_debug:sfdb_handle_management.obj
 0001:00033670       sf_debug_hm_register_executing_SFunction 0000000180034670 f   sfc_debug:sfdb_handle_management.obj
 0001:00033a00       sf_debug_hm_form_object_boolean_properties 0000000180034a00 f   sfc_debug:sfdb_handle_management.obj
 0001:00033cd0       sf_debug_hm_form_object_properties 0000000180034cd0 f   sfc_debug:sfdb_handle_management.obj
 0001:00033f10       sf_debug_hm_terminate_charts 0000000180034f10 f   sfc_debug:sfdb_handle_management.obj
 0001:00034670       sf_debug_hm_terminate_machines 0000000180035670 f   sfc_debug:sfdb_handle_management.obj
 0001:00036270       sf_debug_ss_copy_dimension 0000000180037270 f   sfc_debug:sfdb_symbol_scope.obj
 0001:00036330       sf_debug_ss_get_number_elements 0000000180037330 f   sfc_debug:sfdb_symbol_scope.obj
 0001:00036350       sf_debug_ss_fill_data_struct 0000000180037350 f   sfc_debug:sfdb_symbol_scope.obj
 0001:000366a0       sf_debug_ss_reset_data_info 00000001800376a0 f   sfc_debug:sfdb_symbol_scope.obj
 0001:00036700       sf_debug_fill_data_info_by_symbol_scope_entry 0000000180037700 f   sfc_debug:sfdb_symbol_scope.obj
 0001:000367c0       sf_debug_fill_data_info_by_data_vector 00000001800377c0 f   sfc_debug:sfdb_symbol_scope.obj
 0001:00036a10       get_data_info_helper       0000000180037a10 f   sfc_debug:sfdb_symbol_scope.obj
 0001:00036b10       sf_debug_ss_get_data_info  0000000180037b10 f   sfc_debug:sfdb_symbol_scope.obj
 0001:00036d40       sf_debug_select_mex_function 0000000180037d40 f   sfc_debug:sfdb_symbol_scope.obj
 0001:00036d70       sf_debug_is_dyn_matrix_initialized 0000000180037d70 f   sfc_debug:sfdb_symbol_scope.obj
 0001:00036d90       sf_debug_ss_set_data_value_try 0000000180037d90 f   sfc_debug:sfdb_symbol_scope.obj
 0001:00036f60       sf_debug_ss_get_data_value 0000000180037f60 f   sfc_debug:sfdb_symbol_scope.obj
 0001:000376d0       sf_debug_ss_data_bytes_string 00000001800386d0 f   sfc_debug:sfdb_symbol_scope.obj
 0001:00037780       sf_debug_ss_data_class_string 0000000180038780 f   sfc_debug:sfdb_symbol_scope.obj
 0001:00037b10       sf_debug_ss_data_size_string 0000000180038b10 f   sfc_debug:sfdb_symbol_scope.obj
 0001:00037bf0       sf_debug_ss_data_create_data_info_struct 0000000180038bf0 f   sfc_debug:sfdb_symbol_scope.obj
 0001:00037ec0       sf_debug_ss_data_create_name_value_pair 0000000180038ec0 f   sfc_debug:sfdb_symbol_scope.obj
 0001:00037f60       sf_debug_ss_data_get_whos_info 0000000180038f60 f   sfc_debug:sfdb_symbol_scope.obj
 0001:00037f70       same_named_data_in_data_array 0000000180038f70 f   sfc_debug:sfdb_symbol_scope.obj
 0001:00039800       sf_debug_cc_terminate_chart 000000018003a800 f   sfc_debug:sfdb_coverage.obj
 0001:00039ba0       sf_debug_cc_terminate_instance 000000018003aba0 f   sfc_debug:sfdb_coverage.obj
 0001:0003a790       sf_debug_cc_mark_object_if_needed 000000018003b790 f   sfc_debug:sfdb_coverage.obj
 0001:0003b090       sf_debug_bm_initialize_eml 000000018003c090 f   sfc_debug:sfdb_breakpoints.obj
 0001:0003c1d0       sf_debug_bm_map_debug_tag_to_breakpoint_tag 000000018003d1d0 f   sfc_debug:sfdb_breakpoints.obj
 0001:0003c2b0       sf_debug_bm_is_a_eml_breakpoint_impl 000000018003d2b0 f   sfc_debug:sfdb_breakpoints.obj
 0001:0003ddf0       sf_debug_sc_push_on_error_stack 000000018003edf0 f   sfc_debug:sfdb_state_consistency.obj
 0001:0003df20       sf_debug_sc_reset_error_stack 000000018003ef20 f   sfc_debug:sfdb_state_consistency.obj
 0001:0003e0b0       sf_debug_sc_is_state_inconsistent 000000018003f0b0 f   sfc_debug:sfdb_state_consistency.obj
 0001:0003e3b0       sf_debug_sc_fill_consistency_info 000000018003f3b0 f   sfc_debug:sfdb_state_consistency.obj
 0001:0003e990       void_assertion_fcn         000000018003f990 f   sfc_debug:sfdb_call_stack.obj
 0001:0003ef10       sf_debug_tm_fill_local_trace 000000018003ff10 f   sfc_debug:sfdb_call_stack.obj
 0001:0003f4e0       sf_debug_cd_terminate_instance 00000001800404e0 f   sfc_debug:sfdb_cycle_detection.obj
 0001:0003f540       sf_debug_cd_free_checksum_stack 0000000180040540 f   sfc_debug:sfdb_cycle_detection.obj
 0001:0003f590       sf_debug_cd_reset_pack_strings 0000000180040590 f   sfc_debug:sfdb_cycle_detection.obj
 0001:0003fc50       md5file_clear              0000000180040c50 f   sfc_debug:ckmd5.obj
 0001:0003fc80       Encode                     0000000180040c80 f   sfc_debug:ckmd5.obj
 0001:0003fcd0       Decode                     0000000180040cd0 f   sfc_debug:ckmd5.obj
 0001:0003fd70       MD5Transform               0000000180040d70 f   sfc_debug:ckmd5.obj
 0001:000405c0       md5file_addn               00000001800415c0 f   sfc_debug:ckmd5.obj
 0001:00040690       md5file_hash               0000000180041690 f   sfc_debug:ckmd5.obj
 0001:00040b78       pre_c_init                 0000000180041b78 f   MSVCRT:crtdll.obj
 0001:00040e34       __DllMainCRTStartup        0000000180041e34 f   MSVCRT:crtdll.obj
 0001:00041540       __DllMainCRTStartup$filt$0 0000000180042540 f   MSVCRT:crtdll.obj
 0001:00041570       __DllMainCRTStartup$fin$1  0000000180042570 f   MSVCRT:crtdll.obj
 0001:0004158a       _onexit$fin$0              000000018004258a f   MSVCRT:atonexit.obj
 0001:000415b0       _IsNonwritableInCurrentImage$filt$0 00000001800425b0 f   MSVCRT:pesect.obj
