 pendubot_simulate_with_sign_sfun

 Timestamp is 59235e4d (Tue May 23 00:55:25 2017)

 Preferred load address is 0000000180000000

 Start         Length     Name                   Class
 0001:00000000 00047f14H .text                   CODE
 0001:00047f20 00000092H .text$x                 CODE
 0002:00000000 000004a0H .idata$5                DATA
 0002:000004a0 00000008H .CRT$XCA                DATA
 0002:000004a8 00000008H .CRT$XCZ                DATA
 0002:000004b0 00000008H .CRT$XIA                DATA
 0002:000004b8 00000008H .CRT$XIAA               DATA
 0002:000004c0 00000008H .CRT$XIZ                DATA
 0002:000004d0 00004becH .rdata                  DATA
 0002:000050c0 00000008H .rtc$IAA                DATA
 0002:000050c8 00000008H .rtc$IZZ                DATA
 0002:000050d0 00000008H .rtc$TAA                DATA
 0002:000050d8 00000008H .rtc$TZZ                DATA
 0002:000050e0 00004284H .xdata                  DATA
 0002:00009364 000000a0H .idata$2                DATA
 0002:00009404 00000014H .idata$3                DATA
 0002:00009418 000004a0H .idata$4                DATA
 0002:000098b8 00000ac0H .idata$6                DATA
 0002:0000a380 00000066H .edata                  DATA
 0003:00000000 00004ba8H .data                   DATA
 0003:00004bc0 000026d8H .bss                    DATA
 0004:00000000 000034a4H .pdata                  DATA

  Address         Publics by Value              Rva+Base               Lib:Object

 0000:00000000       ___safe_se_handler_table   0000000000000000     <absolute>
 0000:00000000       ___safe_se_handler_count   0000000000000000     <absolute>
 0000:00000000       __ImageBase                0000000180000000     <linker-defined>
 0001:00000000       sf_c1_pendubot_simulate_with_sign_get_eml_resolved_functions_info 0000000180001000 f   c1_pendubot_simulate_with_sign.obj
 0001:00000b80       sf_c1_pendubot_simulate_with_sign_get_check_sum 0000000180001b80 f   c1_pendubot_simulate_with_sign.obj
 0001:00000c00       sf_c1_pendubot_simulate_with_sign_get_autoinheritance_info 0000000180001c00 f   c1_pendubot_simulate_with_sign.obj
 0001:00001b90       sf_internal_get_sim_state_c1_pendubot_simulate_with_sign 0000000180002b90 f   c1_pendubot_simulate_with_sign.obj
 0001:00001ef0       sf_internal_set_sim_state_c1_pendubot_simulate_with_sign 0000000180002ef0 f   c1_pendubot_simulate_with_sign.obj
 0001:000022f0       c1_pendubot_simulate_with_sign_method_dispatcher 00000001800032f0 f   c1_pendubot_simulate_with_sign.obj
 0001:00006700       sf_c2_pendubot_simulate_with_sign_get_eml_resolved_functions_info 0000000180007700 f   c2_pendubot_simulate_with_sign.obj
 0001:000072f0       sf_c2_pendubot_simulate_with_sign_get_check_sum 00000001800082f0 f   c2_pendubot_simulate_with_sign.obj
 0001:00007370       sf_c2_pendubot_simulate_with_sign_get_autoinheritance_info 0000000180008370 f   c2_pendubot_simulate_with_sign.obj
 0001:00007df0       sf_internal_get_sim_state_c2_pendubot_simulate_with_sign 0000000180008df0 f   c2_pendubot_simulate_with_sign.obj
 0001:00008200       sf_internal_set_sim_state_c2_pendubot_simulate_with_sign 0000000180009200 f   c2_pendubot_simulate_with_sign.obj
 0001:00008640       c2_pendubot_simulate_with_sign_method_dispatcher 0000000180009640 f   c2_pendubot_simulate_with_sign.obj
 0001:0000b7f0       sf_c3_pendubot_simulate_with_sign_get_eml_resolved_functions_info 000000018000c7f0 f   c3_pendubot_simulate_with_sign.obj
 0001:0000bd60       sf_c3_pendubot_simulate_with_sign_get_check_sum 000000018000cd60 f   c3_pendubot_simulate_with_sign.obj
 0001:0000bde0       sf_c3_pendubot_simulate_with_sign_get_autoinheritance_info 000000018000cde0 f   c3_pendubot_simulate_with_sign.obj
 0001:0000c350       sf_internal_get_sim_state_c3_pendubot_simulate_with_sign 000000018000d350 f   c3_pendubot_simulate_with_sign.obj
 0001:0000c6a0       sf_internal_set_sim_state_c3_pendubot_simulate_with_sign 000000018000d6a0 f   c3_pendubot_simulate_with_sign.obj
 0001:0000caa0       c3_pendubot_simulate_with_sign_method_dispatcher 000000018000daa0 f   c3_pendubot_simulate_with_sign.obj
 0001:0000e8e0       sf_c4_pendubot_simulate_with_sign_get_eml_resolved_functions_info 000000018000f8e0 f   c4_pendubot_simulate_with_sign.obj
 0001:0000f460       sf_c4_pendubot_simulate_with_sign_get_check_sum 0000000180010460 f   c4_pendubot_simulate_with_sign.obj
 0001:0000f4e0       sf_c4_pendubot_simulate_with_sign_get_autoinheritance_info 00000001800104e0 f   c4_pendubot_simulate_with_sign.obj
 0001:000105b0       sf_internal_get_sim_state_c4_pendubot_simulate_with_sign 00000001800115b0 f   c4_pendubot_simulate_with_sign.obj
 0001:00010900       sf_internal_set_sim_state_c4_pendubot_simulate_with_sign 0000000180011900 f   c4_pendubot_simulate_with_sign.obj
 0001:00010d00       c4_pendubot_simulate_with_sign_method_dispatcher 0000000180011d00 f   c4_pendubot_simulate_with_sign.obj
 0001:000156e0       sf_process_check_sum_call  00000001800166e0 f   pendubot_simulate_with_sign_sfun_registry.obj
 0001:00015730       sf_process_autoinheritance_call 0000000180016730 f   pendubot_simulate_with_sign_sfun_registry.obj
 0001:000158d0       sf_process_get_eml_resolved_functions_info_call 00000001800168d0 f   pendubot_simulate_with_sign_sfun_registry.obj
 0001:00015a50       sf_mex_unlock_call         0000000180016a50 f   pendubot_simulate_with_sign_sfun_registry.obj
 0001:00015b00       sf_machine_global_initializer_called 0000000180016b00 f   pendubot_simulate_with_sign_sfun_registry.obj
 0001:00015b30       sf_machine_global_method_dispatcher 0000000180016b30 f   pendubot_simulate_with_sign_sfun_registry.obj
 0001:00015b90       sf_machine_global_terminator 0000000180016b90 f   pendubot_simulate_with_sign_sfun_registry.obj
 0001:00015bd0       sf_register_machine_exported_symbols 0000000180016bd0 f   pendubot_simulate_with_sign_sfun_registry.obj
 0001:00015bf0       callCustomFcn              0000000180016bf0 f   pendubot_simulate_with_sign_sfun_registry.obj
 0001:00015c00       sf_machine_global_initializer 0000000180016c00 f   pendubot_simulate_with_sign_sfun_registry.obj
 0001:00015c70       _ssSetStateAbsTol          0000000180016c70 f   pendubot_simulate_with_sign_sfun_registry.obj
 0001:00015d50       _ssGetAbsTol               0000000180016d50 f   pendubot_simulate_with_sign_sfun_registry.obj
 0001:00015dc0       _ssSetInputPortMatrixDimensions 0000000180016dc0 f   pendubot_simulate_with_sign_sfun_registry.obj
 0001:00015ed0       _ssSetOutputPortMatrixDimensions 0000000180016ed0 f   pendubot_simulate_with_sign_sfun_registry.obj
 0001:00015fe0       _ssSetInputPortVectorDimension 0000000180016fe0 f   pendubot_simulate_with_sign_sfun_registry.obj
 0001:000160b0       _ssSetOutputPortVectorDimension 00000001800170b0 f   pendubot_simulate_with_sign_sfun_registry.obj
 0001:00016180       ssIsRunTimeParamTunable    0000000180017180 f   pendubot_simulate_with_sign_sfun_registry.obj
 0001:000161f0       ssGetSFuncBlockHandle      00000001800171f0 f   pendubot_simulate_with_sign_sfun_registry.obj
 0001:00016260       _ssGetCurrentInputPortWidth 0000000180017260 f   pendubot_simulate_with_sign_sfun_registry.obj
 0001:00016380       _ssGetCurrentOutputPortWidth 0000000180017380 f   pendubot_simulate_with_sign_sfun_registry.obj
 0001:000164a0       _ssGetCallSystemNumFcnCallDestinations 00000001800174a0 f   pendubot_simulate_with_sign_sfun_registry.obj
 0001:00016510       ssWarning                  0000000180017510 f   pendubot_simulate_with_sign_sfun_registry.obj
 0001:00016620       ssGetIsZeroCrossControlDisabled 0000000180017620 f   pendubot_simulate_with_sign_sfun_registry.obj
 0001:00016690       ssSetIsInputPortUsedForContZcSignal 0000000180017690 f   pendubot_simulate_with_sign_sfun_registry.obj
 0001:00016700       ssSetZcSignalIsZcElementDisc 0000000180017700 f   pendubot_simulate_with_sign_sfun_registry.obj
 0001:000167b0       ssSetZcSignalName          00000001800177b0 f   pendubot_simulate_with_sign_sfun_registry.obj
 0001:00016820       ssSetZcSignalWidth         0000000180017820 f   pendubot_simulate_with_sign_sfun_registry.obj
 0001:00016890       ssSetZcSignalZcEventType   0000000180017890 f   pendubot_simulate_with_sign_sfun_registry.obj
 0001:00016900       ssSetZcSignalType          0000000180017900 f   pendubot_simulate_with_sign_sfun_registry.obj
 0001:00016970       ssSetZcSignalZcTol         0000000180017970 f   pendubot_simulate_with_sign_sfun_registry.obj
 0001:000169e0       ssSetZcSignalNeedsEventNotification 00000001800179e0 f   pendubot_simulate_with_sign_sfun_registry.obj
 0001:00016a50       ssCreateAndAddZcSignalInfo 0000000180017a50 f   pendubot_simulate_with_sign_sfun_registry.obj
 0001:00016ac0       ssCloneAndAddZcSignalInfo  0000000180017ac0 f   pendubot_simulate_with_sign_sfun_registry.obj
 0001:00016b30       ssGetNumZcSignals          0000000180017b30 f   pendubot_simulate_with_sign_sfun_registry.obj
 0001:00016ba0       ssGetZcSignalVector        0000000180017ba0 f   pendubot_simulate_with_sign_sfun_registry.obj
 0001:00016c10       ssGetZcSignalZcEvents      0000000180017c10 f   pendubot_simulate_with_sign_sfun_registry.obj
 0001:00016c80       ssGetZcSignalName          0000000180017c80 f   pendubot_simulate_with_sign_sfun_registry.obj
 0001:00016cf0       ssGetZcSignalWidth         0000000180017cf0 f   pendubot_simulate_with_sign_sfun_registry.obj
 0001:00016d60       ssGetZcSignalZcEventType   0000000180017d60 f   pendubot_simulate_with_sign_sfun_registry.obj
 0001:00016dd0       ssGetZcSignalType          0000000180017dd0 f   pendubot_simulate_with_sign_sfun_registry.obj
 0001:00016e40       ssGetZcSignalZcTol         0000000180017e40 f   pendubot_simulate_with_sign_sfun_registry.obj
 0001:00016ec0       ssGetZcSignalNeedsEventNotification 0000000180017ec0 f   pendubot_simulate_with_sign_sfun_registry.obj
 0001:00016f30       ssGetZcSignalIsZcElementDisc 0000000180017f30 f   pendubot_simulate_with_sign_sfun_registry.obj
 0001:00016fd0       ssGetIsInputPortElementContinuous 0000000180017fd0 f   pendubot_simulate_with_sign_sfun_registry.obj
 0001:00017070       _ssGetInputPortSignalPtrsFcn 0000000180018070 f   pendubot_simulate_with_sign_sfun_registry.obj
 0001:00017330       _ssGetInputPortSignalFcn   0000000180018330 f   pendubot_simulate_with_sign_sfun_registry.obj
 0001:00017550       _ssSetInputPortDirectFeedThroughFcn 0000000180018550 f   pendubot_simulate_with_sign_sfun_registry.obj
 0001:000176b0       _ssSetInputPortReusableFcn 00000001800186b0 f   pendubot_simulate_with_sign_sfun_registry.obj
 0001:000177a0       _ssSetOutputPortReusableFcn 00000001800187a0 f   pendubot_simulate_with_sign_sfun_registry.obj
 0001:00017880       ssGetDTypeIdFromMxArray    0000000180018880 f   pendubot_simulate_with_sign_sfun_registry.obj
 0001:000179a0       ssWriteRTWStr              00000001800189a0 f   pendubot_simulate_with_sign_sfun_registry.obj
 0001:00017a00       ssWriteRTWMxVectParam      0000000180018a00 f   pendubot_simulate_with_sign_sfun_registry.obj
 0001:00017a60       ssWriteRTWMx2dMatParam     0000000180018a60 f   pendubot_simulate_with_sign_sfun_registry.obj
 0001:00017ae0       ssWriteRTWNameValuePair    0000000180018ae0 f   pendubot_simulate_with_sign_sfun_registry.obj
 0001:00017fd0       ssWriteRTWParameters       0000000180018fd0 f   pendubot_simulate_with_sign_sfun_registry.obj
 0001:000185d0       ssWriteRTWParamSettings    00000001800195d0 f   pendubot_simulate_with_sign_sfun_registry.obj
 0001:00018ca0       ssWriteRTWWorkVect         0000000180019ca0 f   pendubot_simulate_with_sign_sfun_registry.obj
 0001:000191a0       mexFunction                000000018001a1a0 f   pendubot_simulate_with_sign_sfun_registry.obj
 0001:0001ae60       ProcessMexSfunctionEveryCall 000000018001be60 f   pendubot_simulate_with_sign_sfun_registry.obj
 0001:0001afd0       pendubot_simulate_with_sign_initializer 000000018001bfd0 f   pendubot_simulate_with_sign_sfun.obj
 0001:0001afe0       pendubot_simulate_with_sign_terminator 000000018001bfe0 f   pendubot_simulate_with_sign_sfun.obj
 0001:0001aff0       sf_pendubot_simulate_with_sign_method_dispatcher 000000018001bff0 f   pendubot_simulate_with_sign_sfun.obj
 0001:0001b0a0       sf_pendubot_simulate_with_sign_process_check_sum_call 000000018001c0a0 f   pendubot_simulate_with_sign_sfun.obj
 0001:0001b4f0       sf_pendubot_simulate_with_sign_autoinheritance_info 000000018001c4f0 f   pendubot_simulate_with_sign_sfun.obj
 0001:0001b750       sf_pendubot_simulate_with_sign_get_eml_resolved_functions_info 000000018001c750 f   pendubot_simulate_with_sign_sfun.obj
 0001:0001b940       pendubot_simulate_with_sign_debug_initialize 000000018001c940 f   pendubot_simulate_with_sign_sfun.obj
 0001:0001b9b0       pendubot_simulate_with_sign_register_exported_symbols 000000018001c9b0 f   pendubot_simulate_with_sign_sfun.obj
 0001:0001b9c0       load_pendubot_simulate_with_sign_optimization_info 000000018001c9c0 f   pendubot_simulate_with_sign_sfun.obj
 0001:0001ba10       unload_pendubot_simulate_with_sign_optimization_info 000000018001ca10 f   pendubot_simulate_with_sign_sfun.obj
 0001:0001bb30       sf_mex_mx_is_numeric       000000018001cb30 f   sfc_mex:sfc_mex.obj
 0001:0001bb70       strcmp_ignore_ws           000000018001cb70 f   sfc_mex:sfc_mex.obj
 0001:0001bcb0       sf_mex_duplicatearraysafe  000000018001ccb0 f   sfc_mex:sfc_mex.obj
 0001:0001be10       sf_set_error_debugger_context_message_fcn 000000018001ce10 f   sfc_mex:sfc_mex.obj
 0001:0001be20       sf_set_debugger_matlab_error_fcn 000000018001ce20 f   sfc_mex:sfc_mex.obj
 0001:0001be50       sf_set_error_prefix_string 000000018001ce50 f   sfc_mex:sfc_mex.obj
 0001:0001be80       sf_get_error_prefix_string 000000018001ce80 f   sfc_mex:sfc_mex.obj
 0001:0001be90       sf_mex_enter_parallel_region 000000018001ce90 f   sfc_mex:sfc_mex.obj
 0001:0001bea0       sf_mex_exit_parallel_region 000000018001cea0 f   sfc_mex:sfc_mex.obj
 0001:0001beb0       sf_get_current_jmp_buf_ptr 000000018001ceb0 f   sfc_mex:sfc_mex.obj
 0001:0001bec0       sf_set_current_jmp_buf_ptr 000000018001cec0 f   sfc_mex:sfc_mex.obj
 0001:0001bed0       sf_mex_set_halt_simulation 000000018001ced0 f   sfc_mex:sfc_mex.obj
 0001:0001bee0       sf_mex_get_halt_simulation 000000018001cee0 f   sfc_mex:sfc_mex.obj
 0001:0001bef0       sf_mex_clear_error_message 000000018001cef0 f   sfc_mex:sfc_mex.obj
 0001:0001bf10       sf_mex_get_error_message_for_read 000000018001cf10 f   sfc_mex:sfc_mex.obj
 0001:0001bf20       sf_mex_get_error_message_buffer_length 000000018001cf20 f   sfc_mex:sfc_mex.obj
 0001:0001c000       sf_mex_warning_message     000000018001d000 f   sfc_mex:sfc_mex.obj
 0001:0001c070       sf_mex_v_errbuf_createf    000000018001d070 f   sfc_mex:sfc_mex.obj
 0001:0001c080       sf_mex_errbuf_createf      000000018001d080 f   sfc_mex:sfc_mex.obj
 0001:0001c0b0       sf_mex_v_errbuf_catf       000000018001d0b0 f   sfc_mex:sfc_mex.obj
 0001:0001c0f0       sf_mex_errbuf_catf         000000018001d0f0 f   sfc_mex:sfc_mex.obj
 0001:0001c140       sf_mex_errbuf_copy         000000018001d140 f   sfc_mex:sfc_mex.obj
 0001:0001c150       sf_mex_errbuf_clear        000000018001d150 f   sfc_mex:sfc_mex.obj
 0001:0001c160       sf_mex_errbuf_isempty      000000018001d160 f   sfc_mex:sfc_mex.obj
 0001:0001c270       sf_mex_set_error_status    000000018001d270 f   sfc_mex:sfc_mex.obj
 0001:0001c2c0       sf_mex_error_direct_call   000000018001d2c0 f   sfc_mex:sfc_mex.obj
 0001:0001c2e0       sf_mex_error_message_no_long_jump 000000018001d2e0 f   sfc_mex:sfc_mex.obj
 0001:0001c300       sf_mex_long_jump_on_error  000000018001d300 f   sfc_mex:sfc_mex.obj
 0001:0001c330       sf_mex_call_matlab         000000018001d330 f   sfc_mex:sfc_mex.obj
 0001:0001c450       sf_mex_check_builtin       000000018001d450 f   sfc_mex:sfc_mex.obj
 0001:0001c4f0       sf_mex_check_builtin_vs    000000018001d4f0 f   sfc_mex:sfc_mex.obj
 0001:0001c5b0       sf_mex_check_enum          000000018001d5b0 f   sfc_mex:sfc_mex.obj
 0001:0001c630       sf_mex_create_enum         000000018001d630 f   sfc_mex:sfc_mex.obj
 0001:0001c6a0       sf_mex_get_enum_element    000000018001d6a0 f   sfc_mex:sfc_mex.obj
 0001:0001c6b0       sf_mex_createcellarray     000000018001d6b0 f   sfc_mex:sfc_mex.obj
 0001:0001c6c0       sf_mex_setcell             000000018001d6c0 f   sfc_mex:sfc_mex.obj
 0001:0001c6d0       sf_mex_getcell             000000018001d6d0 f   sfc_mex:sfc_mex.obj
 0001:0001c6e0       sf_mex_dup                 000000018001d6e0 f   sfc_mex:sfc_mex.obj
 0001:0001c700       sf_mex_assign              000000018001d700 f   sfc_mex:sfc_mex.obj
 0001:0001c780       sf_mex_destroy             000000018001d780 f   sfc_mex:sfc_mex.obj
 0001:0001c7b0       mx_array_has_fi_type       000000018001d7b0 f   sfc_mex:sfc_mex.obj
 0001:0001c7e0       sf_mex_convert_from_fi     000000018001d7e0 f   sfc_mex:sfc_mex.obj
 0001:0001c910       sf_mex_convert_to_double   000000018001d910 f   sfc_mex:sfc_mex.obj
 0001:0001ca30       sf_mex_import_fi_vs        000000018001da30 f   sfc_mex:sfc_mex.obj
 0001:0001cbf0       sf_matrix_matrix_index_ok  000000018001dbf0 f   sfc_mex:sfc_mex.obj
 0001:0001cc80       sf_vector_vector_index_ok  000000018001dc80 f   sfc_mex:sfc_mex.obj
 0001:0001ccb0       ssGetCurrentInputPortDimensions_wrapper 000000018001dcb0 f   sfc_mex:sfc_mex.obj
 0001:0001ccd0       ssGetCurrentOutputPortDimensions_wrapper 000000018001dcd0 f   sfc_mex:sfc_mex.obj
 0001:0001ccf0       sf_mex_emlrt_context_is_debug_mode 000000018001dcf0 f   sfc_mex:sfc_mex.obj
 0001:0001cd00       sf_mex_emlrt_context_set_debug_mode 000000018001dd00 f   sfc_mex:sfc_mex.obj
 0001:0001cd10       sf_mex_emlrtNameCapturePostProcessR2012a 000000018001dd10 f   sfc_mex:sfc_mex.obj
 0001:0001cd80       sf_clear_error_manager_info 000000018001dd80 f   sfc_mex:sfc_mex.obj
 0001:0001cde0       sf_mex_stop_simulation_abruptly_wo_error 000000018001dde0 f   sfc_mex:sfc_mex.obj
 0001:0001ce20       sf_mex_error_message       000000018001de20 f   sfc_mex:sfc_mex.obj
 0001:0001ce80       sf_react_to_error_in_matlab_call 000000018001de80 f   sfc_mex:sfc_mex.obj
 0001:0001ceb0       sf_mex_addfield            000000018001deb0 f   sfc_mex:sfc_mex.obj
 0001:0001cf50       sf_mex_getfield            000000018001df50 f   sfc_mex:sfc_mex.obj
 0001:0001d250       sf_mex_check_class         000000018001e250 f   sfc_mex:sfc_mex.obj
 0001:0001d2f0       sf_mex_is_real             000000018001e2f0 f   sfc_mex:sfc_mex.obj
 0001:0001d760       sf_mex_decode_encoded_mx_struct_array 000000018001e760 f   sfc_mex:sfc_mex.obj
 0001:0001da40       sf_mex_lw_bounds_check     000000018001ea40 f   sfc_mex:sfc_mex.obj
 0001:0001da70       sf_mex_lw_size_eq_check_1d 000000018001ea70 f   sfc_mex:sfc_mex.obj
 0001:0001da90       sf_mex_lw_size_eq_check_nd 000000018001ea90 f   sfc_mex:sfc_mex.obj
 0001:0001dc70       sf_mex_lw_dim_size_eq_check 000000018001ec70 f   sfc_mex:sfc_mex.obj
 0001:0001dca0       sf_mex_lw_dim_size_geq_check 000000018001eca0 f   sfc_mex:sfc_mex.obj
 0001:0001dcd0       sf_mex_lw_sub_assign_size_check_nd 000000018001ecd0 f   sfc_mex:sfc_mex.obj
 0001:0001df00       sf_mex_lw_runtime_error_msgid 000000018001ef00 f   sfc_mex:sfc_mex.obj
 0001:0001dff0       sf_mex_lw_matrix_matrix_index_check 000000018001eff0 f   sfc_mex:sfc_mex.obj
 0001:0001e010       sf_mex_lw_vector_vector_index_check 000000018001f010 f   sfc_mex:sfc_mex.obj
 0001:0001e050       sf_mex_lw_for_loop_vector_check 000000018001f050 f   sfc_mex:sfc_mex.obj
 0001:0001e0e0       sf_mex_lw_non_negative_check 000000018001f0e0 f   sfc_mex:sfc_mex.obj
 0001:0001e120       sf_mex_overflow_error      000000018001f120 f   sfc_mex:sfc_mex.obj
 0001:0001e130       sf_mex_dividebyzero_error  000000018001f130 f   sfc_mex:sfc_mex.obj
 0001:0001e140       sf_mex_unsafe_enum_error   000000018001f140 f   sfc_mex:sfc_mex.obj
 0001:0001e150       sf_emlrtErrHandler         000000018001f150 f   sfc_mex:sfc_mex.obj
 0001:0001e230       sf_mex_size_one_check      000000018001f230 f   sfc_mex:sfc_mex.obj
 0001:0001e250       sf_mex_printf              000000018001f250 f   sfc_mex:sfc_mex.obj
 0001:0001e420       sf_mex_check_size          000000018001f420 f   sfc_mex:sfc_mex.obj
 0001:0001e6f0       sf_mex_check_struct        000000018001f6f0 f   sfc_mex:sfc_mex.obj
 0001:0001e950       sf_mex_check_struct_vs     000000018001f950 f   sfc_mex:sfc_mex.obj
 0001:0001e9e0       sf_mex_check_fi            000000018001f9e0 f   sfc_mex:sfc_mex.obj
 0001:0001eae0       sf_mex_check_fi_vs         000000018001fae0 f   sfc_mex:sfc_mex.obj
 0001:0001eb80       sf_echo_expression         000000018001fb80 f   sfc_mex:sfc_mex.obj
 0001:0001ebe0       sf_assertion_failed        000000018001fbe0 f   sfc_mex:sfc_mex.obj
 0001:0001eec0       sf_mex_evalin              000000018001fec0 f   sfc_mex:sfc_mex.obj
 0001:0001f130       sf_mex_export              0000000180020130 f   sfc_mex:sfc_mex.obj
 0001:0001f1f0       sf_mex_get_ml_var_no_error 00000001800201f0 f   sfc_mex:sfc_mex.obj
 0001:0001f390       sf_mex_get_ml_var          0000000180020390 f   sfc_mex:sfc_mex.obj
 0001:0001f830       ml_set_element_value_in_array 0000000180020830 f   sfc_mex:sfc_mex.obj
 0001:00020f00       sf_mex_call_impl           0000000180021f00 f   sfc_mex:sfc_mex.obj
 0001:00021430       sf_mex_call_debug          0000000180022430 f   sfc_mex:sfc_mex.obj
 0001:00021460       sf_mex_call                0000000180022460 f   sfc_mex:sfc_mex.obj
 0001:00021ab0       sf_mex_createstruct        0000000180022ab0 f   sfc_mex:sfc_mex.obj
 0001:00021ba0       sf_mex_createstructarray   0000000180022ba0 f   sfc_mex:sfc_mex.obj
 0001:00021c20       sf_mex_get_mx_datatype_from_sf_datatype 0000000180022c20 f   sfc_mex:sfc_mex.obj
 0001:00021f30       sf_mex_ml_var_sub          0000000180022f30 f   sfc_mex:sfc_mex.obj
 0001:00022100       sf_mex_ml_var_subsasgn     0000000180023100 f   sfc_mex:sfc_mex.obj
 0001:000224f0       sf_mex_sub                 00000001800234f0 f   sfc_mex:sfc_mex.obj
 0001:000226f0       sf_mex_subsasgn            00000001800236f0 f   sfc_mex:sfc_mex.obj
 0001:00022bd0       sf_mex_create              0000000180023bd0 f   sfc_mex:sfc_mex.obj
 0001:00023620       sf_mex_import_named        0000000180024620 f   sfc_mex:sfc_mex.obj
 0001:00023680       sf_mex_import              0000000180024680 f   sfc_mex:sfc_mex.obj
 0001:000236d0       sf_mex_import_vs           00000001800246d0 f   sfc_mex:sfc_mex.obj
 0001:000237e0       sf_mex_lower_fixpt_mx_array 00000001800247e0 f   sfc_mex:sfc_mex.obj
 0001:00023ad0       sf_send_message_wrapper    0000000180024ad0 f   sfc_mex:sfc_sf.obj
 0001:00023b00       sf_receive_message_wrapper 0000000180024b00 f   sfc_mex:sfc_sf.obj
 0001:00023b40       sf_check_out_message_wrapper 0000000180024b40 f   sfc_mex:sfc_sf.obj
 0001:00023b80       sf_check_in_message_wrapper 0000000180024b80 f   sfc_mex:sfc_sf.obj
 0001:00023bc0       sf_no_message_wrapper      0000000180024bc0 f   sfc_mex:sfc_sf.obj
 0001:00023f50       sim_mode_is_rtw_gen        0000000180024f50 f   sfc_mex:sfc_sf.obj
 0001:00023f80       sim_mode_is_external       0000000180024f80 f   sfc_mex:sfc_sf.obj
 0001:00023f90       sim_mode_is_modelref_sim   0000000180024f90 f   sfc_mex:sfc_sf.obj
 0001:00023fb0       mdlInitializeSizes         0000000180024fb0 f   sfc_mex:sfc_sf.obj
 0001:00023fd0       mdlInitializeSampleTimes   0000000180024fd0 f   sfc_mex:sfc_sf.obj
 0001:00024010       mdlZeroCrossings           0000000180025010 f   sfc_mex:sfc_sf.obj
 0001:000240f0       mdlDerivatives             00000001800250f0 f   sfc_mex:sfc_sf.obj
 0001:000241a0       mdl_initialize_conditions_processing 00000001800251a0 f   sfc_mex:sfc_sf.obj
 0001:000241d0       mdlInitializeConditions    00000001800251d0 f   sfc_mex:sfc_sf.obj
 0001:00024290       mdlGetSimState             0000000180025290 f   sfc_mex:sfc_sf.obj
 0001:000242a0       mdlSetSimState             00000001800252a0 f   sfc_mex:sfc_sf.obj
 0001:000242b0       mdl_ext_mode_exec_processing 00000001800252b0 f   sfc_mex:sfc_sf.obj
 0001:000242d0       mdlExtModeExec             00000001800252d0 f   sfc_mex:sfc_sf.obj
 0001:00024460       mdlTerminate               0000000180025460 f   sfc_mex:sfc_sf.obj
 0001:000244d0       mdlRTW                     00000001800254d0 f   sfc_mex:sfc_sf.obj
 0001:00024500       mdlSetWorkWidths           0000000180025500 f   sfc_mex:sfc_sf.obj
 0001:00024510       mdlProcessParameters       0000000180025510 f   sfc_mex:sfc_sf.obj
 0001:00024520       mdl_start_processing       0000000180025520 f   sfc_mex:sfc_sf.obj
 0001:00024580       mdlStart                   0000000180025580 f   sfc_mex:sfc_sf.obj
 0001:00024690       mdlEnable                  0000000180025690 f   sfc_mex:sfc_sf.obj
 0001:00024760       mdlDisable                 0000000180025760 f   sfc_mex:sfc_sf.obj
 0001:00024810       sf_get_chart_instance_ptr  0000000180025810 f   sfc_mex:sfc_sf.obj
 0001:00024830       sf_load_rtw_optimization_info 0000000180025830 f   sfc_mex:sfc_sf.obj
 0001:00024900       sf_rtw_info_uint_prop      0000000180025900 f   sfc_mex:sfc_sf.obj
 0001:00024a40       sf_is_chart_inlinable      0000000180025a40 f   sfc_mex:sfc_sf.obj
 0001:00024a60       sf_mark_output_events_with_multiple_callers 0000000180025a60 f   sfc_mex:sfc_sf.obj
 0001:00024bf0       sf_mark_chart_reusable_outputs 0000000180025bf0 f   sfc_mex:sfc_sf.obj
 0001:00024e50       sf_mark_chart_expressionable_inputs 0000000180025e50 f   sfc_mex:sfc_sf.obj
 0001:000250b0       sf_get_subchart_simstruct  00000001800260b0 f   sfc_mex:sfc_sf.obj
 0001:00025100       sf_get_fixpt_data_type_id  0000000180026100 f   sfc_mex:sfc_sf.obj
 0001:00025140       sf_get_enum_data_type_id   0000000180026140 f   sfc_mex:sfc_sf.obj
 0001:00025180       sf_get_param_data_type_id  0000000180026180 f   sfc_mex:sfc_sf.obj
 0001:000251b0       sf_mex_listen_for_ctrl_c_force 00000001800261b0 f   sfc_mex:sfc_sf.obj
 0001:000252c0       sf_mex_draw_now            00000001800262c0 f   sfc_mex:sfc_sf.obj
 0001:00025300       sf_mex_set_debugger_sim_status_listener_fcn 0000000180026300 f   sfc_mex:sfc_sf.obj
 0001:00025310       sf_mex_listen_for_ctrl_c   0000000180026310 f   sfc_mex:sfc_sf.obj
 0001:000253a0       sf_mex_get_sfun_param      00000001800263a0 f   sfc_mex:sfc_sf.obj
 0001:000253f0       sf_get_runtime_param_data  00000001800263f0 f   sfc_mex:sfc_sf.obj
 0001:00025430       sf_call_output_fcn_call    0000000180026430 f   sfc_mex:sfc_sf.obj
 0001:00025570       sf_call_output_fcn_enable  0000000180026570 f   sfc_mex:sfc_sf.obj
 0001:00025600       sf_call_output_fcn_disable 0000000180026600 f   sfc_mex:sfc_sf.obj
 0001:00025690       sf_clear_rtw_identifier    0000000180026690 f   sfc_mex:sfc_sf.obj
 0001:00025e80       sf_set_encoded_dwork_info  0000000180026e80 f   sfc_mex:sfc_sf.obj
 0001:00025ed0       sf_get_dwork_info_from_mat_file 0000000180026ed0 f   sfc_mex:sfc_sf.obj
 0001:00026090       sf_set_rtw_dwork_info      0000000180027090 f   sfc_mex:sfc_sf.obj
 0001:00026200       mdlOutputs                 0000000180027200 f   sfc_mex:sfc_sf.obj
 0001:000263a0       sf_debug_disp              00000001800273a0 f   sfc_debug:sfcdebug.obj
 0001:00026600       sf_debug_data_runtime_size_mismatch_error_check 0000000180027600 f   sfc_debug:sfcdebug.obj
 0001:000266a0       sf_debug_try_loading_machine 00000001800276a0 f   sfc_debug:sfcdebug.obj
 0001:000267a0       sf_debug_reset_current_state_configuration 00000001800277a0 f   sfc_debug:sfcdebug.obj
 0001:00026830       sf_debug_store_current_state_configuration 0000000180027830 f   sfc_debug:sfcdebug.obj
 0001:000268c0       sf_debug_restore_previous_state_configuration 00000001800278c0 f   sfc_debug:sfcdebug.obj
 0001:00026950       sf_debug_restore_previous_state_configuration2 0000000180027950 f   sfc_debug:sfcdebug.obj
 0001:000269e0       sf_debug_get_event_scope   00000001800279e0 f   sfc_debug:sfcdebug.obj
 0001:00026b50       use_debugger_step_animation 0000000180027b50 f   sfc_debug:sfcdebug.obj
 0001:00026b70       sf_debug_get_script_id     0000000180027b70 f   sfc_debug:sfcdebug.obj
 0001:00026c00       sf_debug_set_script_translation 0000000180027c00 f   sfc_debug:sfcdebug.obj
 0001:00026d80       sf_debug_extract_message_post_receive_info 0000000180027d80 f   sfc_debug:sfcdebug.obj
 0001:00026e80       sf_debug_get_current_machine_id 0000000180027e80 f   sfc_debug:sfcdebug.obj
 0001:00026ea0       sf_debug_get_current_optional_integer 0000000180027ea0 f   sfc_debug:sfcdebug.obj
 0001:00026eb0       sf_debug_get_current_machine_number 0000000180027eb0 f   sfc_debug:sfcdebug.obj
 0001:00026ed0       sf_debug_get_current_machine_name 0000000180027ed0 f   sfc_debug:sfcdebug.obj
 0001:00026ef0       sf_debug_get_current_chart_id 0000000180027ef0 f   sfc_debug:sfcdebug.obj
 0001:00026f40       sf_debug_get_current_chart_number 0000000180027f40 f   sfc_debug:sfcdebug.obj
 0001:00026f50       sf_debug_get_current_instance_number 0000000180027f50 f   sfc_debug:sfcdebug.obj
 0001:00026f60       sf_debug_get_current_is_minor_time_step 0000000180027f60 f   sfc_debug:sfcdebug.obj
 0001:00026fe0       sf_debug_get_current_object_type 0000000180027fe0 f   sfc_debug:sfcdebug.obj
 0001:00026ff0       sf_debug_get_current_instance_handle 0000000180027ff0 f   sfc_debug:sfcdebug.obj
 0001:00027050       sf_debug_get_current_event_type 0000000180028050 f   sfc_debug:sfcdebug.obj
 0001:00027060       sf_debug_get_current_object_id 0000000180028060 f   sfc_debug:sfcdebug.obj
 0001:000270a0       sf_debug_get_current_active_event_type 00000001800280a0 f   sfc_debug:sfcdebug.obj
 0001:000270b0       sf_debug_get_current_active_event_id 00000001800280b0 f   sfc_debug:sfcdebug.obj
 0001:000270f0       sf_debug_get_current_tag_type 00000001800280f0 f   sfc_debug:sfcdebug.obj
 0001:00027100       sf_debug_get_current_simulation_time 0000000180028100 f   sfc_debug:sfcdebug.obj
 0001:00027110       sf_debug_get_current_coverage_percentage 0000000180028110 f   sfc_debug:sfcdebug.obj
 0001:00027120       sf_debug_current_statement_context 0000000180028120 f   sfc_debug:sfcdebug.obj
 0001:000271b0       sf_debug_get_current_statement_info 00000001800281b0 f   sfc_debug:sfcdebug.obj
 0001:00027330       sf_debug_terminate_instance 0000000180028330 f   sfc_debug:sfcdebug.obj
 0001:00027670       sf_debug_assertion_failed  0000000180028670 f   sfc_debug:sfcdebug.obj
 0001:000278d0       sf_debug_set_number_of_data_with_change_event_for_machine 00000001800288d0 f   sfc_debug:sfcdebug.obj
 0001:00027910       sf_debug_set_machine_event_thresholds 0000000180028910 f   sfc_debug:sfcdebug.obj
 0001:00027930       sf_debug_set_machine_event_scope 0000000180028930 f   sfc_debug:sfcdebug.obj
 0001:00027970       sf_debug_set_machine_data_thresholds 0000000180028970 f   sfc_debug:sfcdebug.obj
 0001:000279b0       sf_debug_set_machine_data_scope 00000001800289b0 f   sfc_debug:sfcdebug.obj
 0001:00027a40       sf_debug_set_machine_data_name 0000000180028a40 f   sfc_debug:sfcdebug.obj
 0001:00027ae0       sf_debug_set_machine_data_size 0000000180028ae0 f   sfc_debug:sfcdebug.obj
 0001:00027c20       sf_debug_set_machine_data_type 0000000180028c20 f   sfc_debug:sfcdebug.obj
 0001:00027d90       sf_debug_get_chart_data_number 0000000180028d90 f   sfc_debug:sfcdebug.obj
 0001:00027db0       sf_debug_get_chart_event_number 0000000180028db0 f   sfc_debug:sfcdebug.obj
 0001:00027dd0       sf_debug_set_chart_state_info 0000000180028dd0 f   sfc_debug:sfcdebug.obj
 0001:00027e50       sf_debug_set_chart_decomposition 0000000180028e50 f   sfc_debug:sfcdebug.obj
 0001:00027ec0       sf_debug_set_chart_substate_count 0000000180028ec0 f   sfc_debug:sfcdebug.obj
 0001:00027fa0       sf_debug_set_chart_substate_index 0000000180028fa0 f   sfc_debug:sfcdebug.obj
 0001:00028010       sf_debug_set_chart_state_substate_count 0000000180029010 f   sfc_debug:sfcdebug.obj
 0001:00028120       sf_debug_set_chart_state_substate_index 0000000180029120 f   sfc_debug:sfcdebug.obj
 0001:000281a0       sf_debug_set_number_of_data_with_change_event_for_chart 00000001800291a0 f   sfc_debug:sfcdebug.obj
 0001:00028220       sf_debug_set_number_of_states_with_entry_event_for_chart 0000000180029220 f   sfc_debug:sfcdebug.obj
 0001:00028290       sf_debug_set_number_of_states_with_exit_event_for_chart 0000000180029290 f   sfc_debug:sfcdebug.obj
 0001:00028300       sf_debug_set_chart_disable_implicit_casting 0000000180029300 f   sfc_debug:sfcdebug.obj
 0001:00028370       sf_debug_set_chart_event_thresholds 0000000180029370 f   sfc_debug:sfcdebug.obj
 0001:000283e0       sf_debug_set_chart_data_compiled_props 00000001800293e0 f   sfc_debug:sfcdebug.obj
 0001:00028730       sf_debug_set_chart_data_props 0000000180029730 f   sfc_debug:sfcdebug.obj
 0001:00028a50       sf_debug_check_fi_license  0000000180029a50 f   sfc_debug:sfcdebug.obj
 0001:00028c40       sf_debug_symbol_scope_push 0000000180029c40 f   sfc_debug:sfcdebug.obj
 0001:00028c80       sf_debug_symbol_scope_push_eml 0000000180029c80 f   sfc_debug:sfcdebug.obj
 0001:00028cd0       sf_debug_symbol_scope_pop  0000000180029cd0 f   sfc_debug:sfcdebug.obj
 0001:00028d10       sf_debug_symbol_scope_add_importable 0000000180029d10 f   sfc_debug:sfcdebug.obj
 0001:00028d90       sf_debug_symbol_scope_add  0000000180029d90 f   sfc_debug:sfcdebug.obj
 0001:00028e10       sf_debug_symbol_scope_add_dyn_importable 0000000180029e10 f   sfc_debug:sfcdebug.obj
 0001:00028ed0       sf_debug_symbol_scope_add_dyn 0000000180029ed0 f   sfc_debug:sfcdebug.obj
 0001:00028f00       sf_debug_symbol_scope_add_eml_importable 0000000180029f00 f   sfc_debug:sfcdebug.obj
 0001:00028f40       sf_debug_symbol_scope_add_eml 0000000180029f40 f   sfc_debug:sfcdebug.obj
 0001:00028f80       sf_debug_symbol_scope_add_eml_dyn_importable 0000000180029f80 f   sfc_debug:sfcdebug.obj
 0001:00028ff0       sf_debug_symbol_scope_add_eml_dyn 0000000180029ff0 f   sfc_debug:sfcdebug.obj
 0001:00029050       sf_debug_symbol_switch     000000018002a050 f   sfc_debug:sfcdebug.obj
 0001:00029070       sf_debug_symbol_scope_add_verbose 000000018002a070 f   sfc_debug:sfcdebug.obj
 0001:00029140       sf_debug_set_machine_data_value_ptr 000000018002a140 f   sfc_debug:sfcdebug.obj
 0001:00029180       sf_debug_set_instance_data_value_ptr 000000018002a180 f   sfc_debug:sfcdebug.obj
 0001:00029240       sf_debug_unset_instance_data_value_ptr 000000018002a240 f   sfc_debug:sfcdebug.obj
 0001:000292f0       sf_debug_set_chart_event_scope 000000018002a2f0 f   sfc_debug:sfcdebug.obj
 0001:00029370       sf_debug_set_chart_transition_coverage_maps 000000018002a370 f   sfc_debug:sfcdebug.obj
 0001:00029480       sf_debug_set_chart_state_coverage_maps 000000018002a480 f   sfc_debug:sfcdebug.obj
 0001:00029560       sf_debug_set_instance_transition_coverage_weights 000000018002a560 f   sfc_debug:sfcdebug.obj
 0001:00029600       sf_debug_set_instance_state_coverage_weights 000000018002a600 f   sfc_debug:sfcdebug.obj
 0001:00029850       sf_debug_unload_machine    000000018002a850 f   sfc_debug:sfcdebug.obj
 0001:000298a0       sf_debug_load_machine      000000018002a8a0 f   sfc_debug:sfcdebug.obj
 0001:000299a0       sf_debug_set_active_instance_in_data_dictionary 000000018002a9a0 f   sfc_debug:sfcdebug.obj
 0001:00029b80       sf_debug_set_active_instance 000000018002ab80 f   sfc_debug:sfcdebug.obj
 0001:00029ce0       sf_debug_chart_visiblity_change 000000018002ace0 f   sfc_debug:sfcdebug.obj
 0001:00029de0       sf_debug_select_chart      000000018002ade0 f   sfc_debug:sfcdebug.obj
 0001:00029f50       sf_debug_set_instance_cv_ids 000000018002af50 f   sfc_debug:sfcdebug.obj
 0001:0002a260       sf_debug_select_charts     000000018002b260 f   sfc_debug:sfcdebug.obj
 0001:0002a3f0       sf_debug_initialized       000000018002b3f0 f   sfc_debug:sfcdebug.obj
 0001:0002a400       sf_debug_is_uninterruptible 000000018002b400 f   sfc_debug:sfcdebug.obj
 0001:0002a430       sf_debug_initialize_debugger_gui 000000018002b430 f   sfc_debug:sfcdebug.obj
 0001:0002a820       sf_debug_resume            000000018002b820 f   sfc_debug:sfcdebug.obj
 0001:0002a840       sf_debug_go                000000018002b840 f   sfc_debug:sfcdebug.obj
 0001:0002a850       sf_debug_break             000000018002b850 f   sfc_debug:sfcdebug.obj
 0001:0002a860       sf_debug_step_over         000000018002b860 f   sfc_debug:sfcdebug.obj
 0001:0002a870       sf_debug_step_out          000000018002b870 f   sfc_debug:sfcdebug.obj
 0001:0002a880       sf_debug_set_disable_all_breakpoints 000000018002b880 f   sfc_debug:sfcdebug.obj
 0001:0002a890       sf_debug_disable_all_breakpoints_and_go 000000018002b890 f   sfc_debug:sfcdebug.obj
 0001:0002a8a0       sf_debug_break_on_chart_entry 000000018002b8a0 f   sfc_debug:sfcdebug.obj
 0001:0002a8b0       sf_debug_break_on_event_broadcast 000000018002b8b0 f   sfc_debug:sfcdebug.obj
 0001:0002a8c0       sf_debug_break_on_state_entry 000000018002b8c0 f   sfc_debug:sfcdebug.obj
 0001:0002a8d0       sf_debug_break_between_times 000000018002b8d0 f   sfc_debug:sfcdebug.obj
 0001:0002a8f0       sf_debug_browse_data       000000018002b8f0 f   sfc_debug:sfcdebug.obj
 0001:0002a910       sf_debug_watch_data        000000018002b910 f   sfc_debug:sfcdebug.obj
 0001:0002a930       sf_debug_assign_data       000000018002b930 f   sfc_debug:sfcdebug.obj
 0001:0002a950       sf_debug_whos              000000018002b950 f   sfc_debug:sfcdebug.obj
 0001:0002a970       sf_debug_get_consistency_info 000000018002b970 f   sfc_debug:sfcdebug.obj
 0001:0002a980       sf_debug_browse_trace      000000018002b980 f   sfc_debug:sfcdebug.obj
 0001:0002a990       sf_debug_set_breakpoints   000000018002b990 f   sfc_debug:sfcdebug.obj
 0001:0002aaf0       sf_debug_set_eml_breakpoints 000000018002baf0 f   sfc_debug:sfcdebug.obj
 0001:0002ac50       sf_debug_set_script_breakpoints 000000018002bc50 f   sfc_debug:sfcdebug.obj
 0001:0002acd0       sf_debug_add_script_breakpoints 000000018002bcd0 f   sfc_debug:sfcdebug.obj
 0001:0002ad40       sf_debug_clear_script_breakpoints 000000018002bd40 f   sfc_debug:sfcdebug.obj
 0001:0002adb0       sf_debug_query_script_breakpoints 000000018002bdb0 f   sfc_debug:sfcdebug.obj
 0001:0002ae70       sf_debug_get_eml_script_id 000000018002be70 f   sfc_debug:sfcdebug.obj
 0001:0002aec0       sf_debug_set_watch         000000018002bec0 f   sfc_debug:sfcdebug.obj
 0001:0002b0f0       sf_debug_get_instance_handle 000000018002c0f0 f   sfc_debug:sfcdebug.obj
 0001:0002b180       sf_debug_get_active_states 000000018002c180 f   sfc_debug:sfcdebug.obj
 0001:0002b190       sf_debug_get_animation     000000018002c190 f   sfc_debug:sfcdebug.obj
 0001:0002b1a0       sf_debug_set_animation     000000018002c1a0 f   sfc_debug:sfcdebug.obj
 0001:0002b1b0       sf_debug_animate           000000018002c1b0 f   sfc_debug:sfcdebug.obj
 0001:0002b1e0       sf_debug_cycle_detection_check 000000018002c1e0 f   sfc_debug:sfcdebug.obj
 0001:0002b1f0       sf_debug_data_range_check  000000018002c1f0 f   sfc_debug:sfcdebug.obj
 0001:0002b200       sf_debug_transition_conflict_check 000000018002c200 f   sfc_debug:sfcdebug.obj
 0001:0002b210       sf_debug_state_consistency_check 000000018002c210 f   sfc_debug:sfcdebug.obj
 0001:0002b220       sf_debug_data_range_check_enabled 000000018002c220 f   sfc_debug:sfcdebug.obj
 0001:0002b240       sf_debug_transition_conflict_check_enabled 000000018002c240 f   sfc_debug:sfcdebug.obj
 0001:0002b260       sf_debug_transition_conflict_check_begin 000000018002c260 f   sfc_debug:sfcdebug.obj
 0001:0002b280       sf_debug_transition_conflict_check_end 000000018002c280 f   sfc_debug:sfcdebug.obj
 0001:0002b2a0       sf_debug_stop_debugging    000000018002c2a0 f   sfc_debug:sfcdebug.obj
 0001:0002b2d0       sf_debug_is_cycle_detected 000000018002c2d0 f   sfc_debug:sfcdebug.obj
 0001:0002b2e0       sf_debug_is_array_bounds_detected 000000018002c2e0 f   sfc_debug:sfcdebug.obj
 0001:0002b2f0       sf_debug_get_state_vectors_data_size 000000018002c2f0 f   sfc_debug:sfcdebug.obj
 0001:0002b330       sf_debug_get_state_vectors_data 000000018002c330 f   sfc_debug:sfcdebug.obj
 0001:0002b430       sf_debug_set_state_vectors_data 000000018002c430 f   sfc_debug:sfcdebug.obj
 0001:0002b6f0       sf_debug_get_script_index  000000018002c6f0 f   sfc_debug:sfcdebug.obj
 0001:0002b880       sf_debug_add_script        000000018002c880 f   sfc_debug:sfcdebug.obj
 0001:0002ba10       cv_eval_point              000000018002ca10 f   sfc_debug:sfcdebug.obj
 0001:0002bb80       cv_eval_testobjective      000000018002cb80 f   sfc_debug:sfcdebug.obj
 0001:0002bca0       sf_debug_cv_init_state     000000018002cca0 f   sfc_debug:sfcdebug.obj
 0001:0002bdc0       sf_debug_cv_init_chart     000000018002cdc0 f   sfc_debug:sfcdebug.obj
 0001:0002bea0       sf_debug_cv_init_trans     000000018002cea0 f   sfc_debug:sfcdebug.obj
 0001:0002bfa0       sf_debug_cv_init_testobjectives 000000018002cfa0 f   sfc_debug:sfcdebug.obj
 0001:0002c180       cv_eml_init_script         000000018002d180 f   sfc_debug:sfcdebug.obj
 0001:0002c290       cv_eml_init_fcn            000000018002d290 f   sfc_debug:sfcdebug.obj
 0001:0002c340       cv_eml_init_testobjective  000000018002d340 f   sfc_debug:sfcdebug.obj
 0001:0002c410       cv_eml_init_saturation     000000018002d410 f   sfc_debug:sfcdebug.obj
 0001:0002c4d0       cv_eml_init_if             000000018002d4d0 f   sfc_debug:sfcdebug.obj
 0001:0002c5a0       cv_eml_init_for            000000018002d5a0 f   sfc_debug:sfcdebug.obj
 0001:0002c660       cv_eml_init_while          000000018002d660 f   sfc_debug:sfcdebug.obj
 0001:0002c720       cv_eml_init_mcdc           000000018002d720 f   sfc_debug:sfcdebug.obj
 0001:0002c830       cv_eml_init_switch         000000018002d830 f   sfc_debug:sfcdebug.obj
 0001:0002c920       cv_eml_eval                000000018002d920 f   sfc_debug:sfcdebug.obj
 0001:0002ca00       sf_debug_bm_is_a_eml_breakpoint 000000018002da00 f   sfc_debug:sfcdebug.obj
 0001:0002cb50       sf_debug_temporal_threshold 000000018002db50 f   sfc_debug:sfcdebug.obj
 0001:0002ceb0       sf_debug_transition_conflict_error 000000018002deb0 f   sfc_debug:sfcdebug.obj
 0001:0002d230       sf_debug_state_inconsistency_error 000000018002e230 f   sfc_debug:sfcdebug.obj
 0001:0002d350       sf_debug_check_for_state_inconsistency 000000018002e350 f   sfc_debug:sfcdebug.obj
 0001:0002d380       sf_debug_cycle_detecton_error 000000018002e380 f   sfc_debug:sfcdebug.obj
 0001:0002db50       sf_debug_size_eq_check_1d  000000018002eb50 f   sfc_debug:sfcdebug.obj
 0001:0002db70       sf_debug_size_eq_check_nd  000000018002eb70 f   sfc_debug:sfcdebug.obj
 0001:0002dd50       sf_debug_dim_size_eq_check 000000018002ed50 f   sfc_debug:sfcdebug.obj
 0001:0002dd80       sf_debug_dim_size_geq_check 000000018002ed80 f   sfc_debug:sfcdebug.obj
 0001:0002ddb0       sf_debug_sub_assign_size_check_nd 000000018002edb0 f   sfc_debug:sfcdebug.obj
 0001:0002dff0       sf_debug_matrix_matrix_index_check 000000018002eff0 f   sfc_debug:sfcdebug.obj
 0001:0002e020       sf_debug_vector_vector_index_check 000000018002f020 f   sfc_debug:sfcdebug.obj
 0001:0002e050       sf_debug_for_loop_vector_check 000000018002f050 f   sfc_debug:sfcdebug.obj
 0001:0002e0e0       sf_debug_runtime_error_msgid 000000018002f0e0 f   sfc_debug:sfcdebug.obj
 0001:0002e170       sf_debug_data_array_bounds_error_check 000000018002f170 f   sfc_debug:sfcdebug.obj
 0001:0002e280       sf_debug_eml_data_array_bounds_error_check 000000018002f280 f   sfc_debug:sfcdebug.obj
 0001:0002e760       sf_debug_integer_check     000000018002f760 f   sfc_debug:sfcdebug.obj
 0001:0002e840       sf_debug_not_nan_check     000000018002f840 f   sfc_debug:sfcdebug.obj
 0001:0002e900       sf_debug_non_negative_check 000000018002f900 f   sfc_debug:sfcdebug.obj
 0001:0002e9c0       sf_debug_overflow_detection 000000018002f9c0 f   sfc_debug:sfcdebug.obj
 0001:0002f0b0       sf_debug_cast_to_real32_T  00000001800300b0 f   sfc_debug:sfcdebug.obj
 0001:0002f170       sf_debug_cast_to_int8_T    0000000180030170 f   sfc_debug:sfcdebug.obj
 0001:0002f230       sf_debug_cast_to_uint8_T   0000000180030230 f   sfc_debug:sfcdebug.obj
 0001:0002f2f0       sf_debug_cast_to_int16_T   00000001800302f0 f   sfc_debug:sfcdebug.obj
 0001:0002f3b0       sf_debug_cast_to_uint16_T  00000001800303b0 f   sfc_debug:sfcdebug.obj
 0001:0002f470       sf_debug_cast_to_int32_T   0000000180030470 f   sfc_debug:sfcdebug.obj
 0001:0002f530       sf_debug_cast_to_uint32_T  0000000180030530 f   sfc_debug:sfcdebug.obj
 0001:0002f5f0       sf_debug_data_range_error  00000001800305f0 f   sfc_debug:sfcdebug.obj
 0001:0002f940       sf_debug_read_before_write_check 0000000180030940 f   sfc_debug:sfcdebug.obj
 0001:0002fda0       sf_debug_data_range_error_wrapper_min_max 0000000180030da0 f   sfc_debug:sfcdebug.obj
 0001:0002fe90       sf_debug_data_range_error_wrapper_min 0000000180030e90 f   sfc_debug:sfcdebug.obj
 0001:0002ff70       sf_debug_data_range_error_wrapper_max 0000000180030f70 f   sfc_debug:sfcdebug.obj
 0001:00030050       sf_debug_data_range_wrapper 0000000180031050 f   sfc_debug:sfcdebug.obj
 0001:00030100       sf_debug_set_current_status_info 0000000180031100 f   sfc_debug:sfcdebug.obj
 0001:000304b0       sf_debug_register_message_post_receive_info 00000001800314b0 f   sfc_debug:sfcdebug.obj
 0001:00030720       sf_debug_call              0000000180031720 f   sfc_debug:sfcdebug.obj
 0001:00031380       sf_debug_initialize_machine 0000000180032380 f   sfc_debug:sfcdebug.obj
 0001:00031690       sf_debug_initialize_chart  0000000180032690 f   sfc_debug:sfcdebug.obj
 0001:00031ae0       sf_debug_ensure_script     0000000180032ae0 f   sfc_debug:sfcdebug.obj
 0001:00031ba0       cv_script_init_script      0000000180032ba0 f   sfc_debug:sfcdebug.obj
 0001:00031c90       cv_script_init_fcn         0000000180032c90 f   sfc_debug:sfcdebug.obj
 0001:00031d40       cv_script_init_testobjective 0000000180032d40 f   sfc_debug:sfcdebug.obj
 0001:00031df0       cv_script_init_if          0000000180032df0 f   sfc_debug:sfcdebug.obj
 0001:00031ea0       cv_script_init_for         0000000180032ea0 f   sfc_debug:sfcdebug.obj
 0001:00031f50       cv_script_init_while       0000000180032f50 f   sfc_debug:sfcdebug.obj
 0001:00032000       cv_script_init_mcdc        0000000180033000 f   sfc_debug:sfcdebug.obj
 0001:00032100       cv_script_init_switch      0000000180033100 f   sfc_debug:sfcdebug.obj
 0001:000321e0       cv_script_eval             00000001800331e0 f   sfc_debug:sfcdebug.obj
 0001:000322c0       eml_debug_line_call        00000001800332c0 f   sfc_debug:sfcdebug.obj
 0001:00032470       sf_debug_terminate         0000000180033470 f   sfc_debug:sfcdebug.obj
 0001:000325e0       sf_debug_set_script_cv_ids 00000001800335e0 f   sfc_debug:sfcdebug.obj
 0001:00032710       sf_debug_api               0000000180033710 f   sfc_debug:sfc_api.obj
 0001:00033dc0       sf_debug_sm_terminate      0000000180034dc0 f   sfc_debug:sfdb_animation.obj
 0001:00033f80       sf_debug_reset_path_objects 0000000180034f80 f   sfc_debug:sfdb_animation.obj
 0001:00034000       sf_debug_sm_reset_object_selection_status 0000000180035000 f   sfc_debug:sfdb_animation.obj
 0001:000340a0       sf_debug_sm_reset_state_buffer 00000001800350a0 f   sfc_debug:sfdb_animation.obj
 0001:00034170       sf_debug_sm_store_state_buffer 0000000180035170 f   sfc_debug:sfdb_animation.obj
 0001:000341f0       sf_debug_sm_restore_state_buffer1 00000001800351f0 f   sfc_debug:sfdb_animation.obj
 0001:00034260       sf_debug_sm_restore_state_buffer2 0000000180035260 f   sfc_debug:sfdb_animation.obj
 0001:000342d0       sf_debug_sm_chart_active   00000001800352d0 f   sfc_debug:sfdb_animation.obj
 0001:00034320       sf_debug_sm_select_active_objects 0000000180035320 f   sfc_debug:sfdb_animation.obj
 0001:00034810       sf_debug_sm_is_chart_active 0000000180035810 f   sfc_debug:sfdb_animation.obj
 0001:00034850       sf_debug_sm_is_state_active 0000000180035850 f   sfc_debug:sfdb_animation.obj
 0001:00034a90       sf_debug_sm_get_active_states 0000000180035a90 f   sfc_debug:sfdb_animation.obj
 0001:00035050       sf_debug_sm_initialize_instance 0000000180036050 f   sfc_debug:sfdb_animation.obj
 0001:00035270       sf_debug_sm_change_object_selection_status 0000000180036270 f   sfc_debug:sfdb_animation.obj
 0001:00035580       cv_create_interface        0000000180036580 f   sfc_debug:cv_sfinterface.obj
 0001:000358e0       cv_init_trans              00000001800368e0 f   sfc_debug:cv_sfinterface.obj
 0001:00035930       cv_init_testobjective      0000000180036930 f   sfc_debug:cv_sfinterface.obj
 0001:00035970       cv_init_state              0000000180036970 f   sfc_debug:cv_sfinterface.obj
 0001:000359e0       cv_init_chart              00000001800369e0 f   sfc_debug:cv_sfinterface.obj
 0001:00035a30       cv_dec_update_call         0000000180036a30 f   sfc_debug:cv_sfinterface.obj
 0001:00035a70       cv_cond_update_call        0000000180036a70 f   sfc_debug:cv_sfinterface.obj
 0001:00035ab0       cv_testobjective_update_call 0000000180036ab0 f   sfc_debug:cv_sfinterface.obj
 0001:00035af0       cv_sigrange_update         0000000180036af0 f   sfc_debug:cv_sfinterface.obj
 0001:00035b30       cvsf_eml_eval              0000000180036b30 f   sfc_debug:cv_sfinterface.obj
 0001:00035c20       cvsf_eml_init_script       0000000180036c20 f   sfc_debug:cv_sfinterface.obj
 0001:00035cb0       cvsf_eml_init_fcn          0000000180036cb0 f   sfc_debug:cv_sfinterface.obj
 0001:00035d10       cvsf_eml_init_testobjective 0000000180036d10 f   sfc_debug:cv_sfinterface.obj
 0001:00035d70       cvsf_eml_init_saturation   0000000180036d70 f   sfc_debug:cv_sfinterface.obj
 0001:00035dc0       cvsf_eml_init_if           0000000180036dc0 f   sfc_debug:cv_sfinterface.obj
 0001:00035e20       cvsf_eml_init_for          0000000180036e20 f   sfc_debug:cv_sfinterface.obj
 0001:00035e70       cvsf_eml_init_while        0000000180036e70 f   sfc_debug:cv_sfinterface.obj
 0001:00035ec0       cvsf_eml_init_mcdc         0000000180036ec0 f   sfc_debug:cv_sfinterface.obj
 0001:00035f50       cvsf_eml_init_switch       0000000180036f50 f   sfc_debug:cv_sfinterface.obj
 0001:00035fc0       cvsf_script_eval           0000000180036fc0 f   sfc_debug:cv_sfinterface.obj
 0001:000360b0       cvsf_script_init_script    00000001800370b0 f   sfc_debug:cv_sfinterface.obj
 0001:00036140       cvsf_script_init_fcn       0000000180037140 f   sfc_debug:cv_sfinterface.obj
 0001:000361a0       cvsf_script_init_testobjective 00000001800371a0 f   sfc_debug:cv_sfinterface.obj
 0001:00036200       cvsf_script_init_saturation 0000000180037200 f   sfc_debug:cv_sfinterface.obj
 0001:00036250       cvsf_script_init_if        0000000180037250 f   sfc_debug:cv_sfinterface.obj
 0001:000362b0       cvsf_script_init_for       00000001800372b0 f   sfc_debug:cv_sfinterface.obj
 0001:00036300       cvsf_script_init_while     0000000180037300 f   sfc_debug:cv_sfinterface.obj
 0001:00036350       cvsf_script_init_mcdc      0000000180037350 f   sfc_debug:cv_sfinterface.obj
 0001:000363e0       cvsf_script_init_switch    00000001800373e0 f   sfc_debug:cv_sfinterface.obj
 0001:00036450       cv_destroy_interface       0000000180037450 f   sfc_debug:cv_sfinterface.obj
 0001:00036470       cv_create_instance_objects 0000000180037470 f   sfc_debug:cv_sfinterface.obj
 0001:00036920       cv_is_enabled              0000000180037920 f   sfc_debug:cv_sfinterface.obj
 0001:00036930       sf_debug_cv_initialize_script 0000000180037930 f   sfc_debug:cv_sfinterface.obj
 0001:00036ae0       sf_debug_cv_initialize_instance 0000000180037ae0 f   sfc_debug:cv_sfinterface.obj
 0001:00036e80       sf_debug_cv_terminate_chart 0000000180037e80 f   sfc_debug:cv_sfinterface.obj
 0001:00036fc0       cv_call_trans_test         0000000180037fc0 f   sfc_debug:cv_sfinterface.obj
 0001:00036fd0       cv_call_sub_cond_test      0000000180037fd0 f   sfc_debug:cv_sfinterface.obj
 0001:00037010       sf_debug_st_initialize_machine 0000000180038010 f   sfc_debug:sfdb_data_browse.obj
 0001:000370d0       sf_debug_st_initialize_instance 00000001800380d0 f   sfc_debug:sfdb_data_browse.obj
 0001:00037300       sf_debug_st_terminate      0000000180038300 f   sfc_debug:sfdb_data_browse.obj
 0001:000376a0       sf_debug_st_set_data_value_ptr_in_machine 00000001800386a0 f   sfc_debug:sfdb_data_browse.obj
 0001:00037730       sf_debug_st_set_data_value_ptr_in_instance 0000000180038730 f   sfc_debug:sfdb_data_browse.obj
 0001:00037810       sf_debug_st_unset_data_value_ptr_in_machine 0000000180038810 f   sfc_debug:sfdb_data_browse.obj
 0001:00037880       sf_debug_st_unset_data_value_ptr_in_instance 0000000180038880 f   sfc_debug:sfdb_data_browse.obj
 0001:00037b90       sf_debug_mx_value          0000000180038b90 f   sfc_debug:sfdb_data_browse.obj
 0001:00037bf0       sf_debug_mx_packed_vector  0000000180038bf0 f   sfc_debug:sfdb_data_browse.obj
 0001:00037cd0       sf_debug_mx_uint_vector    0000000180038cd0 f   sfc_debug:sfdb_data_browse.obj
 0001:00037d90       sf_debug_st_get_double_value_from_void_ptr_vector 0000000180038d90 f   sfc_debug:sfdb_data_browse.obj
 0001:00038880       sf_debug_st_browse_data    0000000180039880 f   sfc_debug:sfdb_data_browse.obj
 0001:00039110       sf_debug_hm_initialize_instance 000000018003a110 f   sfc_debug:sfdb_handle_management.obj
 0001:00039640       sf_debug_hm_get_object_id  000000018003a640 f   sfc_debug:sfdb_handle_management.obj
 0001:0003a1f0       sf_debug_hm_update_chart_visibility 000000018003b1f0 f   sfc_debug:sfdb_handle_management.obj
 0001:0003b4d0       sf_debug_object_is_eml_function 000000018003c4d0 f   sfc_debug:sfdb_handle_management.obj
 0001:0003b540       sf_debug_hm_initialize_ids_in_machine 000000018003c540 f   sfc_debug:sfdb_handle_management.obj
 0001:0003b6b0       sf_debug_hm_initialize_ids_in_chart 000000018003c6b0 f   sfc_debug:sfdb_handle_management.obj
 0001:0003b7b0       sf_debug_hm_initialize_chart 000000018003c7b0 f   sfc_debug:sfdb_handle_management.obj
 0001:0003bf50       sf_debug_hm_terminate      000000018003cf50 f   sfc_debug:sfdb_handle_management.obj
 0001:0003bfb0       sf_debug_hm_initialize_machine 000000018003cfb0 f   sfc_debug:sfdb_handle_management.obj
 0001:0003c760       sf_debug_ss_initialize     000000018003d760 f   sfc_debug:sfdb_symbol_scope.obj
 0001:0003c780       sf_debug_ss_terminate      000000018003d780 f   sfc_debug:sfdb_symbol_scope.obj
 0001:0003c810       sf_debug_ss_push_symbol_scope 000000018003d810 f   sfc_debug:sfdb_symbol_scope.obj
 0001:0003c910       sf_debug_ss_push_symbol_scope_eml 000000018003d910 f   sfc_debug:sfdb_symbol_scope.obj
 0001:0003c970       sf_debug_ss_pop_symbol_scope 000000018003d970 f   sfc_debug:sfdb_symbol_scope.obj
 0001:0003ca20       sf_debug_ss_add_symbol     000000018003da20 f   sfc_debug:sfdb_symbol_scope.obj
 0001:0003cb80       sf_debug_ss_add_symbol_eml 000000018003db80 f   sfc_debug:sfdb_symbol_scope.obj
 0001:0003d8a0       sf_debug_ss_set_data_value 000000018003e8a0 f   sfc_debug:sfdb_symbol_scope.obj
 0001:0003dd70       getInstanceNumber          000000018003ed70 f   sfc_debug:sfdb_symbol_scope.obj
 0001:0003de40       sf_debug_ss_watch_data     000000018003ee40 f   sfc_debug:sfdb_symbol_scope.obj
 0001:0003dfe0       sf_debug_ss_assign_data    000000018003efe0 f   sfc_debug:sfdb_symbol_scope.obj
 0001:0003ea00       get_data_entry_name        000000018003fa00 f   sfc_debug:sfdb_symbol_scope.obj
 0001:0003ea50       sf_debug_ss_whos           000000018003fa50 f   sfc_debug:sfdb_symbol_scope.obj
 0001:0003f170       sf_debug_cc_initialize_chart 0000000180040170 f   sfc_debug:sfdb_coverage.obj
 0001:0003fb60       sf_debug_cc_initialize_instance 0000000180040b60 f   sfc_debug:sfdb_coverage.obj
 0001:00040970       sf_debug_cc_terminate      0000000180041970 f   sfc_debug:sfdb_coverage.obj
 0001:00040a60       sf_debug_cc_set_transition_maps 0000000180041a60 f   sfc_debug:sfdb_coverage.obj
 0001:00040b90       sf_debug_cc_set_state_maps 0000000180041b90 f   sfc_debug:sfdb_coverage.obj
 0001:00040c70       sf_debug_cc_set_transition_weights 0000000180041c70 f   sfc_debug:sfdb_coverage.obj
 0001:00040f40       sf_debug_cc_set_state_weights 0000000180041f40 f   sfc_debug:sfdb_coverage.obj
 0001:00041210       sf_debug_cc_mark_transition_guard 0000000180042210 f   sfc_debug:sfdb_coverage.obj
 0001:000412a0       sf_debug_cc_mark_transition_trigger 00000001800422a0 f   sfc_debug:sfdb_coverage.obj
 0001:00041330       sf_debug_cc_mark_transition_decision 0000000180042330 f   sfc_debug:sfdb_coverage.obj
 0001:000413a0       sf_debug_cc_mark_transition_condition_action 00000001800423a0 f   sfc_debug:sfdb_coverage.obj
 0001:000413f0       sf_debug_cc_mark_transition_transition_action 00000001800423f0 f   sfc_debug:sfdb_coverage.obj
 0001:00041440       sf_debug_cc_mark_state_entry 0000000180042440 f   sfc_debug:sfdb_coverage.obj
 0001:00041490       sf_debug_cc_mark_state_during 0000000180042490 f   sfc_debug:sfdb_coverage.obj
 0001:000414e0       sf_debug_cc_mark_state_exit 00000001800424e0 f   sfc_debug:sfdb_coverage.obj
 0001:00041530       sf_debug_bm_clear_script_breakpoints 0000000180042530 f   sfc_debug:sfdb_breakpoints.obj
 0001:00041560       sf_debug_bm_set_script_breakpoint 0000000180042560 f   sfc_debug:sfdb_breakpoints.obj
 0001:000415e0       sf_debug_bm_clear_single_script_breakpoint 00000001800425e0 f   sfc_debug:sfdb_breakpoints.obj
 0001:00041660       sf_debug_bm_query_script_breakpoint 0000000180042660 f   sfc_debug:sfdb_breakpoints.obj
 0001:000416b0       sf_debug_bm_initialize_scripts 00000001800426b0 f   sfc_debug:sfdb_breakpoints.obj
 0001:00041dd0       sf_debug_bm_terminate      0000000180042dd0 f   sfc_debug:sfdb_breakpoints.obj
 0001:000420c0       sf_debug_bm_remove_all_breakpoints_in_machine 00000001800430c0 f   sfc_debug:sfdb_breakpoints.obj
 0001:00042130       sf_debug_bm_remove_all_breakpoints_in_chart 0000000180043130 f   sfc_debug:sfdb_breakpoints.obj
 0001:00042280       sf_debug_bm_initialize_global_breakpoints 0000000180043280 f   sfc_debug:sfdb_breakpoints.obj
 0001:00042400       sf_debug_bm_set_breakpoint 0000000180043400 f   sfc_debug:sfdb_breakpoints.obj
 0001:00042a00       sf_debug_bm_set_eml_breakpoint 0000000180043a00 f   sfc_debug:sfdb_breakpoints.obj
 0001:00042aa0       sf_debug_bm_initialize_machine_breakpoint_map 0000000180043aa0 f   sfc_debug:sfdb_breakpoints.obj
 0001:00042ec0       sf_debug_bm_is_a_breakpoint 0000000180043ec0 f   sfc_debug:sfdb_breakpoints.obj
 0001:000434a0       sf_debug_bm_get_all_breakpoints_in_machine 00000001800444a0 f   sfc_debug:sfdb_breakpoints.obj
 0001:000437a0       sf_debug_bm_get_all_breakpoints_in_chart 00000001800447a0 f   sfc_debug:sfdb_breakpoints.obj
 0001:00044460       sf_debug_bm_initialize_machine 0000000180045460 f   sfc_debug:sfdb_breakpoints.obj
 0001:00044530       sf_debug_bm_initialize_chart 0000000180045530 f   sfc_debug:sfdb_breakpoints.obj
 0001:00044950       sf_debug_sc_terminate      0000000180045950 f   sfc_debug:sfdb_state_consistency.obj
 0001:00044c80       sf_debug_sc_is_chart_consistent 0000000180045c80 f   sfc_debug:sfdb_state_consistency.obj
 0001:00044f30       sf_debug_sc_get_consistency_error_info 0000000180045f30 f   sfc_debug:sfdb_state_consistency.obj
 0001:00045380       sf_debug_tm_terminate      0000000180046380 f   sfc_debug:sfdb_call_stack.obj
 0001:00045440       sf_debug_tm_push_chart_instance 0000000180046440 f   sfc_debug:sfdb_call_stack.obj
 0001:00045590       sf_debug_tm_pop_chart_instance 0000000180046590 f   sfc_debug:sfdb_call_stack.obj
 0001:000455f0       sf_debug_tm_push_trace_node 00000001800465f0 f   sfc_debug:sfdb_call_stack.obj
 0001:00045780       sf_debug_tm_pop_trace_node 0000000180046780 f   sfc_debug:sfdb_call_stack.obj
 0001:00045800       sf_debug_tm_get_current_global_trace_index 0000000180046800 f   sfc_debug:sfdb_call_stack.obj
 0001:00045810       sf_debug_tm_get_current_local_trace_index 0000000180046810 f   sfc_debug:sfdb_call_stack.obj
 0001:00045840       sf_debug_tm_set_cycle_detected_flag 0000000180046840 f   sfc_debug:sfdb_call_stack.obj
 0001:00045880       sf_debug_tm_set_cycle_started_flag 0000000180046880 f   sfc_debug:sfdb_call_stack.obj
 0001:000458c0       sf_debug_tm_get_chart_number_from_stack 00000001800468c0 f   sfc_debug:sfdb_call_stack.obj
 0001:00045ac0       sf_debug_tm_browse_trace   0000000180046ac0 f   sfc_debug:sfdb_call_stack.obj
 0001:00045e00       sf_debug_cd_initialize_instance 0000000180046e00 f   sfc_debug:sfdb_cycle_detection.obj
 0001:000460b0       sf_debug_cd_mark_processed_transition_in_instance 00000001800470b0 f   sfc_debug:sfdb_cycle_detection.obj
 0001:00046150       sf_debug_cd_checksum_push  0000000180047150 f   sfc_debug:sfdb_cycle_detection.obj
 0001:00046410       sf_debug_cd_checksum_pop   0000000180047410 f   sfc_debug:sfdb_cycle_detection.obj
 0001:00046480       sf_debug_cd_turn_off_cycle_detection 0000000180047480 f   sfc_debug:sfdb_cycle_detection.obj
 0001:000464d0       sf_debug_cd_terminate      00000001800474d0 f   sfc_debug:sfdb_cycle_detection.obj
 0001:00046710       md5_initialize_state       0000000180047710 f   sfc_debug:ckmd5.obj
 0001:00047180       md5_update_state           0000000180048180 f   sfc_debug:ckmd5.obj
 0001:000471a0       md5_get_hash               00000001800481a0 f   sfc_debug:ckmd5.obj
 0001:000471d0       md5_get_hash_for_a_single_string 00000001800481d0 f   sfc_debug:ckmd5.obj
 0001:00047234       mxGetPr                    0000000180048234 f   libmx:libmx.dll
 0001:0004723a       mxCreateDoubleScalar       000000018004823a f   libmx:libmx.dll
 0001:00047240       mxCreateDoubleMatrix_730   0000000180048240 f   libmx:libmx.dll
 0001:00047246       mxSetField_730             0000000180048246 f   libmx:libmx.dll
 0001:0004724c       mxCreateString             000000018004824c f   libmx:libmx.dll
 0001:00047252       mxCreateStructMatrix_730   0000000180048252 f   libmx:libmx.dll
 0001:00047258       mxDestroyArray             0000000180048258 f   libmx:libmx.dll
 0001:0004725e       mxDuplicateArray           000000018004825e f   libmx:libmx.dll
 0001:00047264       mxGetString_730            0000000180048264 f   libmx:libmx.dll
 0001:0004726a       mxIsChar                   000000018004826a f   libmx:libmx.dll
 0001:00047270       mxGetClassID               0000000180048270 f   libmx:libmx.dll
 0001:00047276       mxIsNumeric                0000000180048276 f   libmx:libmx.dll
 0001:0004727c       mxIsComplex                000000018004827c f   libmx:libmx.dll
 0001:00047282       mxGetN                     0000000180048282 f   libmx:libmx.dll
 0001:00047288       mxGetM                     0000000180048288 f   libmx:libmx.dll
 0001:0004728e       mxCalloc                   000000018004828e f   libmx:libmx.dll
 0001:00047294       mxGetScalar                0000000180048294 f   libmx:libmx.dll
 0001:0004729a       mxIsLogical                000000018004829a f   libmx:libmx.dll
 0001:000472a0       mxCreateDoubleMatrix_700   00000001800482a0 f   libmx:libmx.dll
 0001:000472a6       mxFree                     00000001800482a6 f   libmx:libmx.dll
 0001:000472ac       mxArrayToString            00000001800482ac f   libmx:libmx.dll
 0001:000472b2       mxCreateCellMatrix_700     00000001800482b2 f   libmx:libmx.dll
 0001:000472b8       mxSetCell_700              00000001800482b8 f   libmx:libmx.dll
 0001:000472be       mxGetCell_700              00000001800482be f   libmx:libmx.dll
 0001:000472c4       mxGetClassName             00000001800482c4 f   libmx:libmx.dll
 0001:000472ca       mxSetField_700             00000001800482ca f   libmx:libmx.dll
 0001:000472d0       mxAddField                 00000001800482d0 f   libmx:libmx.dll
 0001:000472d6       mxGetField_700             00000001800482d6 f   libmx:libmx.dll
 0001:000472dc       mxGetNumberOfElements      00000001800482dc f   libmx:libmx.dll
 0001:000472e2       mxIsStruct                 00000001800482e2 f   libmx:libmx.dll
 0001:000472e8       mxIsA                      00000001800482e8 f   libmx:libmx.dll
 0001:000472ee       mxIsClass                  00000001800482ee f   libmx:libmx.dll
 0001:000472f4       mxGetLogicals              00000001800482f4 f   libmx:libmx.dll
 0001:000472fa       mxIsSparse                 00000001800482fa f   libmx:libmx.dll
 0001:00047300       mxSetFieldByNumber_700     0000000180048300 f   libmx:libmx.dll
 0001:00047306       mxGetFieldByNumber_700     0000000180048306 f   libmx:libmx.dll
 0001:0004730c       mxGetFieldNameByNumber     000000018004830c f   libmx:libmx.dll
 0001:00047312       mxGetNumberOfFields        0000000180048312 f   libmx:libmx.dll
 0001:00047318       mxCreateStructMatrix_700   0000000180048318 f   libmx:libmx.dll
 0001:0004731e       mxGetFieldNumber           000000018004831e f   libmx:libmx.dll
 0001:00047324       mxIsNaN                    0000000180048324 f   libmx:libmx.dll
 0001:0004732a       mxIsEmpty                  000000018004832a f   libmx:libmx.dll
 0001:00047330       mxGetData                  0000000180048330 f   libmx:libmx.dll
 0001:00047336       mxGetImagData              0000000180048336 f   libmx:libmx.dll
 0001:0004733c       mxArrayClassIDName         000000018004833c f   libmx:libmx.dll
 0001:00047342       mxCreateNumericMatrix_700  0000000180048342 f   libmx:libmx.dll
 0001:00047348       mxCreateStructArray_700    0000000180048348 f   libmx:libmx.dll
 0001:0004734e       mxCalcSingleSubscript_700  000000018004834e f   libmx:libmx.dll
 0001:00047354       mxGetDimensions_700        0000000180048354 f   libmx:libmx.dll
 0001:0004735a       mxGetNumberOfDimensions_700 000000018004835a f   libmx:libmx.dll
 0001:00047360       mxCreateNumericArray_700   0000000180048360 f   libmx:libmx.dll
 0001:00047366       mxGetElementSize           0000000180048366 f   libmx:libmx.dll
 0001:0004736c       mxCreateStringFromNChars_700 000000018004836c f   libmx:libmx.dll
 0001:00047372       mxGetString_700            0000000180048372 f   libmx:libmx.dll
 0001:00047378       mxIsLogicalScalarTrue      0000000180048378 f   libmx:libmx.dll
 0001:0004737e       mxCreateLogicalScalar      000000018004837e f   libmx:libmx.dll
 0001:00047384       mexUnlock                  0000000180048384 f   libmex:libmex.dll
 0001:0004738a       mexIsLocked                000000018004838a f   libmex:libmex.dll
 0001:00047390       mexWarnMsgTxt              0000000180048390 f   libmex:libmex.dll
 0001:00047396       mexCallMATLAB              0000000180048396 f   libmex:libmex.dll
 0001:0004739c       mexErrMsgTxt               000000018004839c f   libmex:libmex.dll
 0001:000473a2       mexMakeArrayPersistent     00000001800483a2 f   libmex:libmex.dll
 0001:000473a8       mexSetTrapFlag             00000001800483a8 f   libmex:libmex.dll
 0001:000473ae       mexPutVariable             00000001800483ae f   libmex:libmex.dll
 0001:000473b4       mexGetVariable             00000001800483b4 f   libmex:libmex.dll
 0001:000473ba       mexLock                    00000001800483ba f   libmex:libmex.dll
 0001:000473c0       mexMakeMemoryPersistent    00000001800483c0 f   libmex:libmex.dll
 0001:000473c6       mexFunctionName            00000001800483c6 f   libmex:libmex.dll
 0001:000473cc       ssRegisterDataTypeFxpFSlopeFixExpBias 00000001800483cc f   libfixedpoint:libfixedpoint.dll
 0001:000473d2       utVSNprintf                00000001800483d2 f   libut:libut.dll
 0001:000473d8       utCPUtime                  00000001800483d8 f   libut:libut.dll
 0001:000473de       utFree                     00000001800483de f   libut:libut.dll
 0001:000473e4       utMalloc                   00000001800483e4 f   libut:libut.dll
 0001:000473ea       muDoubleScalarSin          00000001800483ea f   libmwmathutil:libmwmathutil.dll
 0001:000473f0       muDoubleScalarCos          00000001800483f0 f   libmwmathutil:libmwmathutil.dll
 0001:000473f6       muDoubleScalarPower        00000001800483f6 f   libmwmathutil:libmwmathutil.dll
 0001:000473fc       muDoubleScalarAbs          00000001800483fc f   libmwmathutil:libmwmathutil.dll
 0001:00047402       emlrtCreateRootTLS         0000000180048402 f   libemlrt:libemlrt.dll
 0001:00047408       emlrtDestroyRootTLS        0000000180048408 f   libemlrt:libemlrt.dll
 0001:0004740e       emlrtCheckBuiltInR2012b    000000018004840e f   libemlrt:libemlrt.dll
 0001:00047414       emlrtCheckVsBuiltInR2012b  0000000180048414 f   libemlrt:libemlrt.dll
 0001:0004741a       emlrtCheckEnumR2012b       000000018004841a f   libemlrt:libemlrt.dll
 0001:00047420       emlrtCreateEnumR2012b      0000000180048420 f   libemlrt:libemlrt.dll
 0001:00047426       emlrtGetEnumElementR2009a  0000000180048426 f   libemlrt:libemlrt.dll
 0001:0004742c       emlrtCreateReference       000000018004842c f   libemlrt:libemlrt.dll
 0001:00047432       emlrtImportVsFiArrayR2009b 0000000180048432 f   libemlrt:libemlrt.dll
 0001:00047438       emlrtNameCapturePostProcessR2012a 0000000180048438 f   libemlrt:libemlrt.dll
 0001:0004743e       emlrtExtractMessageId      000000018004843e f   libemlrt:libemlrt.dll
 0001:00047444       emlrtTranslateMessageIDtoLCPstring 0000000180048444 f   libemlrt:libemlrt.dll
 0001:0004744a       emlrtForLoopVectorIsValidR2011b 000000018004844a f   libemlrt:libemlrt.dll
 0001:00047450       emlrtTranslateUTF16MessagetoLCPstring 0000000180048450 f   libemlrt:libemlrt.dll
 0001:00047456       emlrtGetEnumUnderlyingArrayR2009a 0000000180048456 f   libemlrt:libemlrt.dll
 0001:0004745c       emlrtIsEnumR2009a          000000018004845c f   libemlrt:libemlrt.dll
 0001:00047464       __GSHandlerCheckCommon     0000000180048464 f   MSVCRT:gshandler.obj
 0001:000474c8       __GSHandlerCheck           00000001800484c8 f   MSVCRT:gshandler.obj
 0001:000474e6       strlen                     00000001800484e6 f   MSVCRT:MSVCR100.dll
 0001:00047500       __security_check_cookie    0000000180048500 f   MSVCRT:amdsecgs.obj
 0001:00047520       memset                     0000000180048520 f   MSVCRT:MSVCR100.dll
 0001:00047526       malloc                     0000000180048526 f   MSVCRT:MSVCR100.dll
 0001:0004752c       free                       000000018004852c f   MSVCRT:MSVCR100.dll
 0001:00047532       strcmp                     0000000180048532 f   MSVCRT:MSVCR100.dll
 0001:00047538       sprintf                    0000000180048538 f   MSVCRT:MSVCR100.dll
 0001:0004753e       strcat                     000000018004853e f   MSVCRT:MSVCR100.dll
 0001:00047544       memcpy                     0000000180048544 f   MSVCRT:MSVCR100.dll
 0001:0004754c       NtCurrentTeb               000000018004854c f i MSVCRT:crtdll.obj
 0001:000475b8       _CRT_INIT                  00000001800485b8 f   MSVCRT:crtdll.obj
 0001:00047950       _DllMainCRTStartup         0000000180048950 f   MSVCRT:crtdll.obj
 0001:0004798e       strncpy                    000000018004898e f   MSVCRT:MSVCR100.dll
 0001:000479b0       _alloca_probe              00000001800489b0     MSVCRT:chkstk.obj
 0001:000479b0       __chkstk                   00000001800489b0 f   MSVCRT:chkstk.obj
 0001:000479fe       longjmp                    00000001800489fe f   MSVCRT:MSVCR100.dll
 0001:00047a04       strncmp                    0000000180048a04 f   MSVCRT:MSVCR100.dll
 0001:00047a0a       ceil                       0000000180048a0a f   MSVCRT:MSVCR100.dll
 0001:00047a10       strrchr                    0000000180048a10 f   MSVCRT:MSVCR100.dll
 0001:00047a16       _setjmp                    0000000180048a16 f   MSVCRT:MSVCR100.dll
 0001:00047a1c       calloc                     0000000180048a1c f   MSVCRT:MSVCR100.dll
 0001:00047a22       realloc                    0000000180048a22 f   MSVCRT:MSVCR100.dll
 0001:00047a28       ldexp                      0000000180048a28 f   MSVCRT:MSVCR100.dll
 0001:00047a30       __report_gsfailure         0000000180048a30 f   MSVCRT:gs_report.obj
 0001:00047b7c       __clean_type_info_names    0000000180048b7c f   MSVCRT:tncleanup.obj
 0001:00047b88       _onexit                    0000000180048b88 f   MSVCRT:atonexit.obj
 0001:00047c38       atexit                     0000000180048c38 f   MSVCRT:atonexit.obj
 0001:00047c50       _RTC_Initialize            0000000180048c50 f   MSVCRT:_initsect_.obj
 0001:00047c88       _RTC_Terminate             0000000180048c88 f   MSVCRT:_initsect_.obj
 0001:00047cc0       _malloc_crt                0000000180048cc0 f   MSVCRT:MSVCR100.dll
 0001:00047cd0       _ValidateImageBase         0000000180048cd0 f   MSVCRT:pesect.obj
 0001:00047d00       _FindPESection             0000000180048d00 f   MSVCRT:pesect.obj
 0001:00047d50       _IsNonwritableInCurrentImage 0000000180048d50 f   MSVCRT:pesect.obj
 0001:00047d92       _initterm                  0000000180048d92 f   MSVCRT:MSVCR100.dll
 0001:00047d98       _initterm_e                0000000180048d98 f   MSVCRT:MSVCR100.dll
 0001:00047d9e       _encoded_null              0000000180048d9e f   MSVCRT:MSVCR100.dll
 0001:00047da4       _amsg_exit                 0000000180048da4 f   MSVCRT:MSVCR100.dll
 0001:00047daa       __C_specific_handler       0000000180048daa f   MSVCRT:MSVCR100.dll
 0001:00047db0       __CppXcptFilter            0000000180048db0 f   MSVCRT:MSVCR100.dll
 0001:00047db8       DllMain                    0000000180048db8 f   MSVCRT:dllmain.obj
 0001:00047ddc       __security_init_cookie     0000000180048ddc f   MSVCRT:gs_support.obj
 0001:00047e90       __crt_debugger_hook        0000000180048e90 f   MSVCRT:MSVCR100.dll
 0001:00047e96       __clean_type_info_names_internal 0000000180048e96 f   MSVCRT:MSVCR100.dll
 0001:00047e9c       _unlock                    0000000180048e9c f   MSVCRT:MSVCR100.dll
 0001:00047ea2       __dllonexit                0000000180048ea2 f   MSVCRT:MSVCR100.dll
 0001:00047ea8       _lock                      0000000180048ea8 f   MSVCRT:MSVCR100.dll
 0001:00047eae       EncodePointer              0000000180048eae f   kernel32:KERNEL32.dll
 0001:00047eb4       DecodePointer              0000000180048eb4 f   kernel32:KERNEL32.dll
 0001:00047eba       Sleep                      0000000180048eba f   kernel32:KERNEL32.dll
 0001:00047ec0       TerminateProcess           0000000180048ec0 f   kernel32:KERNEL32.dll
 0001:00047ec6       GetCurrentProcess          0000000180048ec6 f   kernel32:KERNEL32.dll
 0001:00047ecc       UnhandledExceptionFilter   0000000180048ecc f   kernel32:KERNEL32.dll
 0001:00047ed2       SetUnhandledExceptionFilter 0000000180048ed2 f   kernel32:KERNEL32.dll
 0001:00047ed8       IsDebuggerPresent          0000000180048ed8 f   kernel32:KERNEL32.dll
 0001:00047ede       RtlVirtualUnwind           0000000180048ede f   kernel32:KERNEL32.dll
 0001:00047ee4       RtlLookupFunctionEntry     0000000180048ee4 f   kernel32:KERNEL32.dll
 0001:00047eea       RtlCaptureContext          0000000180048eea f   kernel32:KERNEL32.dll
 0001:00047ef0       DisableThreadLibraryCalls  0000000180048ef0 f   kernel32:KERNEL32.dll
 0001:00047ef6       QueryPerformanceCounter    0000000180048ef6 f   kernel32:KERNEL32.dll
 0001:00047efc       GetTickCount               0000000180048efc f   kernel32:KERNEL32.dll
 0001:00047f02       GetCurrentThreadId         0000000180048f02 f   kernel32:KERNEL32.dll
 0001:00047f08       GetCurrentProcessId        0000000180048f08 f   kernel32:KERNEL32.dll
 0001:00047f0e       GetSystemTimeAsFileTime    0000000180048f0e f   kernel32:KERNEL32.dll
 0002:00000000       __imp_DisableThreadLibraryCalls 0000000180049000     kernel32:KERNEL32.dll
 0002:00000008       __imp_RtlCaptureContext    0000000180049008     kernel32:KERNEL32.dll
 0002:00000010       __imp_RtlLookupFunctionEntry 0000000180049010     kernel32:KERNEL32.dll
 0002:00000018       __imp_RtlVirtualUnwind     0000000180049018     kernel32:KERNEL32.dll
 0002:00000020       __imp_IsDebuggerPresent    0000000180049020     kernel32:KERNEL32.dll
 0002:00000028       __imp_SetUnhandledExceptionFilter 0000000180049028     kernel32:KERNEL32.dll
 0002:00000030       __imp_UnhandledExceptionFilter 0000000180049030     kernel32:KERNEL32.dll
 0002:00000038       __imp_GetCurrentProcess    0000000180049038     kernel32:KERNEL32.dll
 0002:00000040       __imp_TerminateProcess     0000000180049040     kernel32:KERNEL32.dll
 0002:00000048       __imp_Sleep                0000000180049048     kernel32:KERNEL32.dll
 0002:00000050       __imp_DecodePointer        0000000180049050     kernel32:KERNEL32.dll
 0002:00000058       __imp_EncodePointer        0000000180049058     kernel32:KERNEL32.dll
 0002:00000060       __imp_GetTickCount         0000000180049060     kernel32:KERNEL32.dll
 0002:00000068       __imp_GetCurrentThreadId   0000000180049068     kernel32:KERNEL32.dll
 0002:00000070       __imp_GetCurrentProcessId  0000000180049070     kernel32:KERNEL32.dll
 0002:00000078       __imp_GetSystemTimeAsFileTime 0000000180049078     kernel32:KERNEL32.dll
 0002:00000080       __imp_QueryPerformanceCounter 0000000180049080     kernel32:KERNEL32.dll
 0002:00000088       \177KERNEL32_NULL_THUNK_DATA 0000000180049088     kernel32:KERNEL32.dll
 0002:00000090       __imp_realloc              0000000180049090     MSVCRT:MSVCR100.dll
 0002:00000098       __imp__onexit              0000000180049098     MSVCRT:MSVCR100.dll
 0002:000000a0       __imp__lock                00000001800490a0     MSVCRT:MSVCR100.dll
 0002:000000a8       __imp___dllonexit          00000001800490a8     MSVCRT:MSVCR100.dll
 0002:000000b0       __imp__unlock              00000001800490b0     MSVCRT:MSVCR100.dll
 0002:000000b8       __imp___clean_type_info_names_internal 00000001800490b8     MSVCRT:MSVCR100.dll
 0002:000000c0       __imp___crt_debugger_hook  00000001800490c0     MSVCRT:MSVCR100.dll
 0002:000000c8       __imp___CppXcptFilter      00000001800490c8     MSVCRT:MSVCR100.dll
 0002:000000d0       __imp___C_specific_handler 00000001800490d0     MSVCRT:MSVCR100.dll
 0002:000000d8       __imp__amsg_exit           00000001800490d8     MSVCRT:MSVCR100.dll
 0002:000000e0       __imp__encoded_null        00000001800490e0     MSVCRT:MSVCR100.dll
 0002:000000e8       __imp__initterm_e          00000001800490e8     MSVCRT:MSVCR100.dll
 0002:000000f0       __imp__initterm            00000001800490f0     MSVCRT:MSVCR100.dll
 0002:000000f8       __imp__malloc_crt          00000001800490f8     MSVCRT:MSVCR100.dll
 0002:00000100       __imp_ldexp                0000000180049100     MSVCRT:MSVCR100.dll
 0002:00000108       __imp_strlen               0000000180049108     MSVCRT:MSVCR100.dll
 0002:00000110       __imp_calloc               0000000180049110     MSVCRT:MSVCR100.dll
 0002:00000118       __imp__setjmp              0000000180049118     MSVCRT:MSVCR100.dll
 0002:00000120       __imp_strrchr              0000000180049120     MSVCRT:MSVCR100.dll
 0002:00000128       __imp_ceil                 0000000180049128     MSVCRT:MSVCR100.dll
 0002:00000130       __imp_strncmp              0000000180049130     MSVCRT:MSVCR100.dll
 0002:00000138       __imp_longjmp              0000000180049138     MSVCRT:MSVCR100.dll
 0002:00000140       __imp_strncpy              0000000180049140     MSVCRT:MSVCR100.dll
 0002:00000148       __imp_memcpy               0000000180049148     MSVCRT:MSVCR100.dll
 0002:00000150       __imp_strcat               0000000180049150     MSVCRT:MSVCR100.dll
 0002:00000158       __imp_sprintf              0000000180049158     MSVCRT:MSVCR100.dll
 0002:00000160       __imp_strcmp               0000000180049160     MSVCRT:MSVCR100.dll
 0002:00000168       __imp_free                 0000000180049168     MSVCRT:MSVCR100.dll
 0002:00000170       __imp_malloc               0000000180049170     MSVCRT:MSVCR100.dll
 0002:00000178       __imp_memset               0000000180049178     MSVCRT:MSVCR100.dll
[...]
 0001:0001d5d0       sf_mex_check_fimath        000000018001e5d0 f   sfc_mex:sfc_mex.obj
 0001:0001e180       size_mismatch_error        000000018001f180 f   sfc_mex:sfc_mex.obj
 0001:0001ec20       check_array_dimensions     000000018001fc20 f   sfc_mex:sfc_mex.obj
 0001:0001ec90       check_input_mxarray        000000018001fc90 f   sfc_mex:sfc_mex.obj
 0001:0001f3d0       sf_numeric_value_to_double 00000001800203d0 f   sfc_mex:sfc_mex.obj
 0001:0001f420       ml_generic_out_of_bounds_check 0000000180020420 f   sfc_mex:sfc_mex.obj
 0001:0001f5f0       ml_get_element_value_from_array 00000001800205f0 f   sfc_mex:sfc_mex.obj
 0001:0001f990       _ml_generic_castability_check 0000000180020990 f   sfc_mex:sfc_mex.obj
 0001:000206f0       ml_generic_castability_check 00000001800216f0 f   sfc_mex:sfc_mex.obj
 0001:00020790       ml_check_mx_array_for_single_castability 0000000180021790 f   sfc_mex:sfc_mex.obj
 0001:00020830       ml_check_mx_array_for_logical_castability 0000000180021830 f   sfc_mex:sfc_mex.obj
 0001:000208d0       ml_check_mx_array_for_int8_castability 00000001800218d0 f   sfc_mex:sfc_mex.obj
 0001:00020980       ml_check_mx_array_for_uint8_castability 0000000180021980 f   sfc_mex:sfc_mex.obj
 0001:000209e0       ml_check_mx_array_for_int16_castability 00000001800219e0 f   sfc_mex:sfc_mex.obj
 0001:00020a40       ml_check_mx_array_for_uint16_castability 0000000180021a40 f   sfc_mex:sfc_mex.obj
 0001:00020aa0       ml_check_mx_array_for_int32_castability 0000000180021aa0 f   sfc_mex:sfc_mex.obj
 0001:00020b00       ml_check_mx_array_for_uint32_castability 0000000180021b00 f   sfc_mex:sfc_mex.obj
 0001:00020b60       ml_check_mx_array_for_castability 0000000180021b60 f   sfc_mex:sfc_mex.obj
 0001:00021490       set_data_value             0000000180022490 f   sfc_mex:sfc_mex.obj
 0001:00021800       get_data_value             0000000180022800 f   sfc_mex:sfc_mex.obj
 0001:00021910       get_next_element_address   0000000180022910 f   sfc_mex:sfc_mex.obj
 0001:000219e0       sf_normalize_index         00000001800229e0 f   sfc_mex:sfc_mex.obj
 0001:00021d70       ml_array_index_bound_check 0000000180022d70 f   sfc_mex:sfc_mex.obj
 0001:00022890       mx_value                   0000000180023890 f   sfc_mex:sfc_mex.obj
 0001:000228e0       sf_create_numeric_array    00000001800238e0 f   sfc_mex:sfc_mex.obj
 0001:00022980       sf_mex_assign_to_mx_array  0000000180023980 f   sfc_mex:sfc_mex.obj
 0001:00022cd0       assign_from_mx_array       0000000180023cd0 f   sfc_mex:sfc_mex.obj
 0001:00023500       sf_mex_import_v            0000000180024500 f   sfc_mex:sfc_mex.obj
 0001:00023c00       get_machine_and_chart_file_number 0000000180024c00 f   sfc_mex:sfc_sf.obj
 0001:00023cf0       get_sfun_block_specialization 0000000180024cf0 f   sfc_mex:sfc_sf.obj
 0001:00023da0       call_sf_machine_global_method_dispatcher 0000000180024da0 f   sfc_mex:sfc_sf.obj
 0001:00023ff0       mdl_zeroCrossings_processing 0000000180024ff0 f   sfc_mex:sfc_sf.obj
 0001:000240c0       mdl_derivatives_processing 00000001800250c0 f   sfc_mex:sfc_sf.obj
 0001:00024380       mdl_outputs_continuous_legacy 0000000180025380 f   sfc_mex:sfc_sf.obj
 0001:00024400       mdl_outputs_processing     0000000180025400 f   sfc_mex:sfc_sf.obj
 0001:00024670       mdl_enable_processing      0000000180025670 f   sfc_mex:sfc_sf.obj
 0001:00024740       mdl_disable_processing     0000000180025740 f   sfc_mex:sfc_sf.obj
 0001:000254b0       sf_call_output_fcn_enable_disable 00000001800264b0 f   sfc_mex:sfc_sf.obj
 0001:00025730       set_dwork_information_from_mx_array 0000000180026730 f   sfc_mex:sfc_sf.obj
 0001:00025ff0       ptr2mxStruct               0000000180026ff0 f   sfc_mex:sfc_sf.obj
 0001:00026300       SNPRINTF_WRAPPER           0000000180027300 f   sfc_debug:sfcdebug.obj
 0001:00026320       sf_debug_chart_instance_initialized_quick 0000000180027320 f   sfc_debug:sfcdebug.obj
 0001:00026330       sf_debug_chart_instance_initialized 0000000180027330 f   sfc_debug:sfcdebug.obj
 0001:000264d0       sfrtAddSize                00000001800274d0 f   sfc_debug:sfcdebug.obj
 0001:00026590       sfrtGenSizeString          0000000180027590 f   sfc_debug:sfcdebug.obj
 0001:00026ca0       fill_single_message_info   0000000180027ca0 f   sfc_debug:sfcdebug.obj
 0001:00026e60       sf_debug_sim_status_listener 0000000180027e60 f   sfc_debug:sfcdebug.obj
 0001:000273d0       sf_debug_form_mask_bits    00000001800283d0 f   sfc_debug:sfcdebug.obj
 0001:00027410       sf_debug_form_sf_data_type_offsets 0000000180028410 f   sfc_debug:sfcdebug.obj
 0001:000274d0       sf_debug_free_all          00000001800284d0 f   sfc_debug:sfcdebug.obj
 0001:00027680       sf_debug_append_debugger_context 0000000180028680 f   sfc_debug:sfcdebug.obj
 0001:00027820       sf_debug_update_always_honor_breakpoints 0000000180028820 f   sfc_debug:sfcdebug.obj
 0001:000279f0       local_strdup               00000001800289f0 f   sfc_debug:sfcdebug.obj
 0001:000288d0       sf_debug_em_terminate      00000001800298d0 f   sfc_debug:sfcdebug.obj
 0001:00028910       sf_debug_push_eml_function 0000000180029910 f   sfc_debug:sfcdebug.obj
 0001:000289b0       sf_debug_pop_eml_function  00000001800299b0 f   sfc_debug:sfcdebug.obj
 0001:000296b0       sf_debug_get_machine_number_from_id_or_name 000000018002a6b0 f   sfc_debug:sfcdebug.obj
 0001:00029800       sf_debug_get_chart_number_from_id 000000018002a800 f   sfc_debug:sfcdebug.obj
 0001:0002a5a0       sf_debug_transfer_control_to_debugger_GUI 000000018002b5a0 f   sfc_debug:sfcdebug.obj
 0001:0002b530       sf_debug_scripts_rehash    000000018002c530 f   sfc_debug:sfcdebug.obj
 0001:0002b770       sf_debug_get_script_line_count 000000018002c770 f   sfc_debug:sfcdebug.obj
 0001:0002c0a0       cv_eml_state_cvId          000000018002d0a0 f   sfc_debug:sfcdebug.obj
 0001:0002c110       cv_eml_trans_cvId          000000018002d110 f   sfc_debug:sfcdebug.obj
 0001:0002d4a0       sf_debug_data_array_bounds_error 000000018002e4a0 f   sfc_debug:sfcdebug.obj
 0001:0002d8d0       eml_debug_runtime_error_doclink 000000018002e8d0 f   sfc_debug:sfcdebug.obj
 0001:0002da30       sf_debug_runtime_error     000000018002ea30 f   sfc_debug:sfcdebug.obj
 0001:0002daa0       sf_debug_matlab_error      000000018002eaa0 f   sfc_debug:sfcdebug.obj
 0001:0002e3e0       sf_debug_data_value_error  000000018002f3e0 f   sfc_debug:sfcdebug.obj
 0001:0002ece0       sf_debug_data_loss_error   000000018002fce0 f   sfc_debug:sfcdebug.obj
 0001:0002fc70       call_cv_range_check        0000000180030c70 f   sfc_debug:sfcdebug.obj
 0001:00030440       sf_debug_invoke_cycle_detection_code 0000000180031440 f   sfc_debug:sfcdebug.obj
 0001:000312c0       sf_reset_debug_info_struct 00000001800322c0 f   sfc_debug:sfcdebug.obj
 0001:00031b20       cv_script_cvId             0000000180032b20 f   sfc_debug:sfcdebug.obj
 0001:00032880       sfc_api_chart_visible      0000000180033880 f   sfc_debug:sfc_api.obj
 0001:00032900       sfc_api_active_instance    0000000180033900 f   sfc_debug:sfc_api.obj
 0001:00032980       sfc_api_machine_load       0000000180033980 f   sfc_debug:sfc_api.obj
 0001:00032a50       sfc_api_debugger_alive     0000000180033a50 f   sfc_debug:sfc_api.obj
 0001:00032a60       sfc_api_go                 0000000180033a60 f   sfc_debug:sfc_api.obj
 0001:00032a70       sfc_api_step_over          0000000180033a70 f   sfc_debug:sfc_api.obj
 0001:00032a80       sfc_api_step_out           0000000180033a80 f   sfc_debug:sfc_api.obj
 0001:00032a90       sfc_api_resume             0000000180033a90 f   sfc_debug:sfc_api.obj
 0001:00032aa0       sfc_api_break              0000000180033aa0 f   sfc_debug:sfc_api.obj
 0001:00032ab0       sfc_api_stop_debugging     0000000180033ab0 f   sfc_debug:sfc_api.obj
 0001:00032b00       sfc_api_is_cycle_detected  0000000180033b00 f   sfc_debug:sfc_api.obj
 0001:00032b50       sfc_api_is_array_bounds_detected 0000000180033b50 f   sfc_debug:sfc_api.obj
 0001:00032ba0       sfc_api_set_disable_all_breakpoints 0000000180033ba0 f   sfc_debug:sfc_api.obj
 0001:00032c10       sfc_api_disable_all_breakpoints_and_go 0000000180033c10 f   sfc_debug:sfc_api.obj
 0001:00032c20       sfc_api_close              0000000180033c20 f   sfc_debug:sfc_api.obj
 0001:00032c30       sfc_api_browse_data        0000000180033c30 f   sfc_debug:sfc_api.obj
 0001:00032ca0       sfc_api_watch_data         0000000180033ca0 f   sfc_debug:sfc_api.obj
 0001:00032da0       sfc_api_extract_message_post_receive_info 0000000180033da0 f   sfc_debug:sfc_api.obj
 0001:00032dc0       sfc_api_assign_data        0000000180033dc0 f   sfc_debug:sfc_api.obj
 0001:00032e60       sfc_api_whos               0000000180033e60 f   sfc_debug:sfc_api.obj
 0001:00032ef0       sfc_api_get_consistency_info 0000000180033ef0 f   sfc_debug:sfc_api.obj
 0001:00032f00       sfc_api_browse_trace       0000000180033f00 f   sfc_debug:sfc_api.obj
 0001:00032f10       sfc_api_break_on_chart_entry 0000000180033f10 f   sfc_debug:sfc_api.obj
 0001:00032f30       sfc_api_break_on_event_broadcast 0000000180033f30 f   sfc_debug:sfc_api.obj
 0001:00032f50       sfc_api_break_on_state_entry 0000000180033f50 f   sfc_debug:sfc_api.obj
 0001:00032f70       sfc_api_set_watch          0000000180033f70 f   sfc_debug:sfc_api.obj
 0001:00033010       sfc_api_set_breakpoints    0000000180034010 f   sfc_debug:sfc_api.obj
 0001:000330b0       sfc_api_set_eml_breakpoints 00000001800340b0 f   sfc_debug:sfc_api.obj
 0001:00033130       sfc_api_set_script_breakpoints 0000000180034130 f   sfc_debug:sfc_api.obj
 0001:00033180       sfc_api_add_script_breakpoints 0000000180034180 f   sfc_debug:sfc_api.obj
 0001:000331d0       sfc_api_clear_script_breakpoints 00000001800341d0 f   sfc_debug:sfc_api.obj
 0001:00033220       sfc_api_query_script_breakpoints 0000000180034220 f   sfc_debug:sfc_api.obj
 0001:00033280       sfc_api_get_script_id      0000000180034280 f   sfc_debug:sfc_api.obj
 0001:00033340       sfc_api_get_active_states  0000000180034340 f   sfc_debug:sfc_api.obj
 0001:000333c0       sfc_api_break_between_times 00000001800343c0 f   sfc_debug:sfc_api.obj
 0001:00033420       sfc_api_get_instance_handle 0000000180034420 f   sfc_debug:sfc_api.obj
 0001:000334d0       sfc_api_set_animation      00000001800344d0 f   sfc_debug:sfc_api.obj
 0001:00033520       sfc_api_select_chart       0000000180034520 f   sfc_debug:sfc_api.obj
 0001:00033580       sfc_api_select_charts      0000000180034580 f   sfc_debug:sfc_api.obj
 0001:000335b0       sfc_api_cycle_detection_check 00000001800345b0 f   sfc_debug:sfc_api.obj
 0001:00033600       sfc_api_data_range_check   0000000180034600 f   sfc_debug:sfc_api.obj
 0001:00033650       sfc_api_transition_conflict_check 0000000180034650 f   sfc_debug:sfc_api.obj
 0001:000336a0       sfc_api_state_consistency_check 00000001800346a0 f   sfc_debug:sfc_api.obj
 0001:000336f0       sfc_api_set_instance_cv_ids 00000001800346f0 f   sfc_debug:sfc_api.obj
 0001:00033800       sfc_api_set_script_cv_ids  0000000180034800 f   sfc_debug:sfc_api.obj
 0001:000338b0       sfc_api_get_current_machine_id 00000001800348b0 f   sfc_debug:sfc_api.obj
 0001:000338e0       sfc_api_get_current_machine_number 00000001800348e0 f   sfc_debug:sfc_api.obj
 0001:00033910       sfc_api_get_current_chart_number 0000000180034910 f   sfc_debug:sfc_api.obj
 0001:00033940       sfc_api_get_current_instance_number 0000000180034940 f   sfc_debug:sfc_api.obj
 0001:00033970       sfc_api_get_current_instance_handle 0000000180034970 f   sfc_debug:sfc_api.obj
 0001:00033990       sfc_api_get_current_is_minor_time_step 0000000180034990 f   sfc_debug:sfc_api.obj
 0001:000339c0       sfc_api_get_current_machine_name 00000001800349c0 f   sfc_debug:sfc_api.obj
 0001:000339e0       sfc_api_get_current_chart_id 00000001800349e0 f   sfc_debug:sfc_api.obj
 0001:00033a10       sfc_api_get_current_object_type 0000000180034a10 f   sfc_debug:sfc_api.obj
 0001:00033a40       sfc_api_get_current_event_type 0000000180034a40 f   sfc_debug:sfc_api.obj
 0001:00033a70       sfc_api_get_current_object_id 0000000180034a70 f   sfc_debug:sfc_api.obj
 0001:00033aa0       sfc_get_current_active_event_type 0000000180034aa0 f   sfc_debug:sfc_api.obj
 0001:00033ad0       sfc_api_get_current_active_event_id 0000000180034ad0 f   sfc_debug:sfc_api.obj
 0001:00033b00       sfc_api_get_current_simulation_time 0000000180034b00 f   sfc_debug:sfc_api.obj
 0001:00033b20       sfc_get_current_tag_type   0000000180034b20 f   sfc_debug:sfc_api.obj
 0001:00033b50       sfc_get_current_coverage_percentage 0000000180034b50 f   sfc_debug:sfc_api.obj
 0001:00033b70       sfc_get_current_statement_context 0000000180034b70 f   sfc_debug:sfc_api.obj
 0001:00033b90       sfc_get_current_optional_integer 0000000180034b90 f   sfc_debug:sfc_api.obj
 0001:00033bc0       sfc_get_current_statement_info 0000000180034bc0 f   sfc_debug:sfc_api.obj
 0001:00033c60       sfc_api_get                0000000180034c60 f   sfc_debug:sfc_api.obj
 0001:000348d0       sf_debug_sm_fill_state_activity_data 00000001800358d0 f   sfc_debug:sfdb_animation.obj
 0001:000371d0       void_ptr_stack_vector_free_total 00000001800381d0 f   sfc_debug:sfdb_data_browse.obj
 0001:00037260       sf_debug_st_terminate_machine 0000000180038260 f   sfc_debug:sfdb_data_browse.obj
 0001:000372a0       sf_debug_st_terminate_instance 00000001800382a0 f   sfc_debug:sfdb_data_browse.obj
 0001:00037650       push_on_to_void_ptr_stack  0000000180038650 f   sfc_debug:sfdb_data_browse.obj
 0001:000377e0       pop_from_void_ptr_stack    00000001800387e0 f   sfc_debug:sfdb_data_browse.obj
 0001:00037910       sf_debug_st_get_data_value 0000000180038910 f   sfc_debug:sfdb_data_browse.obj
 0001:00037ea0       mx_value                   0000000180038ea0 f   sfc_debug:sfdb_data_browse.obj
 0001:00037ee0       sf_debug_st_fill_data_struct 0000000180038ee0 f   sfc_debug:sfdb_data_browse.obj
 0001:00038220       data_type_format_strings   0000000180039220 f   sfc_debug:sfdb_data_browse.obj
 0001:000382d0       sf_debug_st_fill_data      00000001800392d0 f   sfc_debug:sfdb_data_browse.obj
 0001:00039020       sf_debug_hm_get_simulink_handle 000000018003a020 f   sfc_debug:sfdb_handle_management.obj
 0001:00039b20       sf_debug_hm_initialize_globals 000000018003ab20 f   sfc_debug:sfdb_handle_management.obj
 0001:00039c20       sf_debug_hm_get_machine_debug_flag 000000018003ac20 f   sfc_debug:sfdb_handle_management.obj
 0001:00039d90       sf_debug_hm_get_machine_id 000000018003ad90 f   sfc_debug:sfdb_handle_management.obj
 0001:00039eb0       sf_debug_hm_get_chart_id   000000018003aeb0 f   sfc_debug:sfdb_handle_management.obj
 0001:0003a050       sf_debug_hm_register_executing_SFunction 000000018003b050 f   sfc_debug:sfdb_handle_management.obj
 0001:0003a3e0       sf_debug_hm_form_object_boolean_properties 000000018003b3e0 f   sfc_debug:sfdb_handle_management.obj
 0001:0003a6b0       sf_debug_hm_form_object_properties 000000018003b6b0 f   sfc_debug:sfdb_handle_management.obj
 0001:0003a8f0       sf_debug_hm_terminate_charts 000000018003b8f0 f   sfc_debug:sfdb_handle_management.obj
 0001:0003b050       sf_debug_hm_terminate_machines 000000018003c050 f   sfc_debug:sfdb_handle_management.obj
 0001:0003cc50       sf_debug_ss_copy_dimension 000000018003dc50 f   sfc_debug:sfdb_symbol_scope.obj
 0001:0003cd10       sf_debug_ss_get_number_elements 000000018003dd10 f   sfc_debug:sfdb_symbol_scope.obj
 0001:0003cd30       sf_debug_ss_fill_data_struct 000000018003dd30 f   sfc_debug:sfdb_symbol_scope.obj
 0001:0003d080       sf_debug_ss_reset_data_info 000000018003e080 f   sfc_debug:sfdb_symbol_scope.obj
 0001:0003d0e0       sf_debug_fill_data_info_by_symbol_scope_entry 000000018003e0e0 f   sfc_debug:sfdb_symbol_scope.obj
 0001:0003d1a0       sf_debug_fill_data_info_by_data_vector 000000018003e1a0 f   sfc_debug:sfdb_symbol_scope.obj
 0001:0003d3f0       get_data_info_helper       000000018003e3f0 f   sfc_debug:sfdb_symbol_scope.obj
 0001:0003d4f0       sf_debug_ss_get_data_info  000000018003e4f0 f   sfc_debug:sfdb_symbol_scope.obj
 0001:0003d720       sf_debug_select_mex_function 000000018003e720 f   sfc_debug:sfdb_symbol_scope.obj
 0001:0003d750       sf_debug_is_dyn_matrix_initialized 000000018003e750 f   sfc_debug:sfdb_symbol_scope.obj
 0001:0003d770       sf_debug_ss_set_data_value_try 000000018003e770 f   sfc_debug:sfdb_symbol_scope.obj
 0001:0003d940       sf_debug_ss_get_data_value 000000018003e940 f   sfc_debug:sfdb_symbol_scope.obj
 0001:0003e0b0       sf_debug_ss_data_bytes_string 000000018003f0b0 f   sfc_debug:sfdb_symbol_scope.obj
 0001:0003e160       sf_debug_ss_data_class_string 000000018003f160 f   sfc_debug:sfdb_symbol_scope.obj
 0001:0003e4f0       sf_debug_ss_data_size_string 000000018003f4f0 f   sfc_debug:sfdb_symbol_scope.obj
 0001:0003e5d0       sf_debug_ss_data_create_data_info_struct 000000018003f5d0 f   sfc_debug:sfdb_symbol_scope.obj
 0001:0003e8a0       sf_debug_ss_data_create_name_value_pair 000000018003f8a0 f   sfc_debug:sfdb_symbol_scope.obj
 0001:0003e940       sf_debug_ss_data_get_whos_info 000000018003f940 f   sfc_debug:sfdb_symbol_scope.obj
 0001:0003e950       same_named_data_in_data_array 000000018003f950 f   sfc_debug:sfdb_symbol_scope.obj
 0001:000401e0       sf_debug_cc_terminate_chart 00000001800411e0 f   sfc_debug:sfdb_coverage.obj
 0001:00040580       sf_debug_cc_terminate_instance 0000000180041580 f   sfc_debug:sfdb_coverage.obj
 0001:00041170       sf_debug_cc_mark_object_if_needed 0000000180042170 f   sfc_debug:sfdb_coverage.obj
 0001:00041a70       sf_debug_bm_initialize_eml 0000000180042a70 f   sfc_debug:sfdb_breakpoints.obj
 0001:00042bb0       sf_debug_bm_map_debug_tag_to_breakpoint_tag 0000000180043bb0 f   sfc_debug:sfdb_breakpoints.obj
 0001:00042c90       sf_debug_bm_is_a_eml_breakpoint_impl 0000000180043c90 f   sfc_debug:sfdb_breakpoints.obj
 0001:000447d0       sf_debug_sc_push_on_error_stack 00000001800457d0 f   sfc_debug:sfdb_state_consistency.obj
 0001:00044900       sf_debug_sc_reset_error_stack 0000000180045900 f   sfc_debug:sfdb_state_consistency.obj
 0001:00044a90       sf_debug_sc_is_state_inconsistent 0000000180045a90 f   sfc_debug:sfdb_state_consistency.obj
 0001:00044d90       sf_debug_sc_fill_consistency_info 0000000180045d90 f   sfc_debug:sfdb_state_consistency.obj
 0001:00045370       void_assertion_fcn         0000000180046370 f   sfc_debug:sfdb_call_stack.obj
 0001:000458f0       sf_debug_tm_fill_local_trace 00000001800468f0 f   sfc_debug:sfdb_call_stack.obj
 0001:00045ec0       sf_debug_cd_terminate_instance 0000000180046ec0 f   sfc_debug:sfdb_cycle_detection.obj
 0001:00045f20       sf_debug_cd_free_checksum_stack 0000000180046f20 f   sfc_debug:sfdb_cycle_detection.obj
 0001:00045f70       sf_debug_cd_reset_pack_strings 0000000180046f70 f   sfc_debug:sfdb_cycle_detection.obj
 0001:00046630       md5file_clear              0000000180047630 f   sfc_debug:ckmd5.obj
 0001:00046660       Encode                     0000000180047660 f   sfc_debug:ckmd5.obj
 0001:000466b0       Decode                     00000001800476b0 f   sfc_debug:ckmd5.obj
 0001:00046750       MD5Transform               0000000180047750 f   sfc_debug:ckmd5.obj
 0001:00046fa0       md5file_addn               0000000180047fa0 f   sfc_debug:ckmd5.obj
 0001:00047070       md5file_hash               0000000180048070 f   sfc_debug:ckmd5.obj
 0001:00047558       pre_c_init                 0000000180048558 f   MSVCRT:crtdll.obj
 0001:00047814       __DllMainCRTStartup        0000000180048814 f   MSVCRT:crtdll.obj
 0001:00047f20       __DllMainCRTStartup$filt$0 0000000180048f20 f   MSVCRT:crtdll.obj
 0001:00047f50       __DllMainCRTStartup$fin$1  0000000180048f50 f   MSVCRT:crtdll.obj
 0001:00047f6a       _onexit$fin$0              0000000180048f6a f   MSVCRT:atonexit.obj
 0001:00047f90       _IsNonwritableInCurrentImage$filt$0 0000000180048f90 f   MSVCRT:pesect.obj
