 lay_dulieu_cua_bodieukhientruot_sfun

 Timestamp is 592350ba (Mon May 22 23:57:30 2017)

 Preferred load address is 0000000180000000

 Start         Length     Name                   Class
 0001:00000000 000391c4H .text                   CODE
 0001:000391d0 00000092H .text$x                 CODE
 0002:00000000 000004a0H .idata$5                DATA
 0002:000004a0 00000008H .CRT$XCA                DATA
 0002:000004a8 00000008H .CRT$XCZ                DATA
 0002:000004b0 00000008H .CRT$XIA                DATA
 0002:000004b8 00000008H .CRT$XIAA               DATA
 0002:000004c0 00000008H .CRT$XIZ                DATA
 0002:000004d0 00004b7cH .rdata                  DATA
 0002:00005050 00000008H .rtc$IAA                DATA
 0002:00005058 00000008H .rtc$IZZ                DATA
 0002:00005060 00000008H .rtc$TAA                DATA
 0002:00005068 00000008H .rtc$TZZ                DATA
 0002:00005070 00003f84H .xdata                  DATA
 0002:00008ff4 000000a0H .idata$2                DATA
 0002:00009094 00000014H .idata$3                DATA
 0002:000090a8 000004a0H .idata$4                DATA
 0002:00009548 00000ac2H .idata$6                DATA
 0002:0000a010 0000006aH .edata                  DATA
 0003:00000000 000021a8H .data                   DATA
 0003:000021c0 000026d8H .bss                    DATA
 0004:00000000 00003060H .pdata                  DATA

  Address         Publics by Value              Rva+Base               Lib:Object

 0000:00000000       ___safe_se_handler_count   0000000000000000     <absolute>
 0000:00000000       ___safe_se_handler_table   0000000000000000     <absolute>
 0000:00000000       __ImageBase                0000000180000000     <linker-defined>
 0001:00000000       sf_c4_lay_dulieu_cua_bodieukhientruot_get_eml_resolved_functions_info 0000000180001000 f   c4_lay_dulieu_cua_bodieukhientruot.obj
 0001:00000c90       sf_c4_lay_dulieu_cua_bodieukhientruot_get_check_sum 0000000180001c90 f   c4_lay_dulieu_cua_bodieukhientruot.obj
 0001:00000d10       sf_c4_lay_dulieu_cua_bodieukhientruot_get_autoinheritance_info 0000000180001d10 f   c4_lay_dulieu_cua_bodieukhientruot.obj
 0001:00001ca0       sf_internal_get_sim_state_c4_lay_dulieu_cua_bodieukhientruot 0000000180002ca0 f   c4_lay_dulieu_cua_bodieukhientruot.obj
 0001:00001ff0       sf_internal_set_sim_state_c4_lay_dulieu_cua_bodieukhientruot 0000000180002ff0 f   c4_lay_dulieu_cua_bodieukhientruot.obj
 0001:000023f0       c4_lay_dulieu_cua_bodieukhientruot_method_dispatcher 00000001800033f0 f   c4_lay_dulieu_cua_bodieukhientruot.obj
 0001:00006be0       sf_process_check_sum_call  0000000180007be0 f   lay_dulieu_cua_bodieukhientruot_sfun_registry.obj
 0001:00006c30       sf_process_autoinheritance_call 0000000180007c30 f   lay_dulieu_cua_bodieukhientruot_sfun_registry.obj
 0001:00006dd0       sf_process_get_eml_resolved_functions_info_call 0000000180007dd0 f   lay_dulieu_cua_bodieukhientruot_sfun_registry.obj
 0001:00006f50       sf_mex_unlock_call         0000000180007f50 f   lay_dulieu_cua_bodieukhientruot_sfun_registry.obj
 0001:00007000       sf_machine_global_initializer_called 0000000180008000 f   lay_dulieu_cua_bodieukhientruot_sfun_registry.obj
 0001:00007030       sf_machine_global_method_dispatcher 0000000180008030 f   lay_dulieu_cua_bodieukhientruot_sfun_registry.obj
 0001:00007090       sf_machine_global_terminator 0000000180008090 f   lay_dulieu_cua_bodieukhientruot_sfun_registry.obj
 0001:000070d0       sf_register_machine_exported_symbols 00000001800080d0 f   lay_dulieu_cua_bodieukhientruot_sfun_registry.obj
 0001:000070f0       callCustomFcn              00000001800080f0 f   lay_dulieu_cua_bodieukhientruot_sfun_registry.obj
 0001:00007100       sf_machine_global_initializer 0000000180008100 f   lay_dulieu_cua_bodieukhientruot_sfun_registry.obj
 0001:00007170       _ssSetStateAbsTol          0000000180008170 f   lay_dulieu_cua_bodieukhientruot_sfun_registry.obj
 0001:00007250       _ssGetAbsTol               0000000180008250 f   lay_dulieu_cua_bodieukhientruot_sfun_registry.obj
 0001:000072c0       _ssSetInputPortMatrixDimensions 00000001800082c0 f   lay_dulieu_cua_bodieukhientruot_sfun_registry.obj
 0001:000073d0       _ssSetOutputPortMatrixDimensions 00000001800083d0 f   lay_dulieu_cua_bodieukhientruot_sfun_registry.obj
 0001:000074e0       _ssSetInputPortVectorDimension 00000001800084e0 f   lay_dulieu_cua_bodieukhientruot_sfun_registry.obj
 0001:000075b0       _ssSetOutputPortVectorDimension 00000001800085b0 f   lay_dulieu_cua_bodieukhientruot_sfun_registry.obj
 0001:00007680       ssIsRunTimeParamTunable    0000000180008680 f   lay_dulieu_cua_bodieukhientruot_sfun_registry.obj
 0001:000076f0       ssGetSFuncBlockHandle      00000001800086f0 f   lay_dulieu_cua_bodieukhientruot_sfun_registry.obj
 0001:00007760       _ssGetCurrentInputPortWidth 0000000180008760 f   lay_dulieu_cua_bodieukhientruot_sfun_registry.obj
 0001:00007880       _ssGetCurrentOutputPortWidth 0000000180008880 f   lay_dulieu_cua_bodieukhientruot_sfun_registry.obj
 0001:000079a0       _ssGetCallSystemNumFcnCallDestinations 00000001800089a0 f   lay_dulieu_cua_bodieukhientruot_sfun_registry.obj
 0001:00007a10       ssWarning                  0000000180008a10 f   lay_dulieu_cua_bodieukhientruot_sfun_registry.obj
 0001:00007b20       ssGetIsZeroCrossControlDisabled 0000000180008b20 f   lay_dulieu_cua_bodieukhientruot_sfun_registry.obj
 0001:00007b90       ssSetIsInputPortUsedForContZcSignal 0000000180008b90 f   lay_dulieu_cua_bodieukhientruot_sfun_registry.obj
 0001:00007c00       ssSetZcSignalIsZcElementDisc 0000000180008c00 f   lay_dulieu_cua_bodieukhientruot_sfun_registry.obj
 0001:00007cb0       ssSetZcSignalName          0000000180008cb0 f   lay_dulieu_cua_bodieukhientruot_sfun_registry.obj
 0001:00007d20       ssSetZcSignalWidth         0000000180008d20 f   lay_dulieu_cua_bodieukhientruot_sfun_registry.obj
 0001:00007d90       ssSetZcSignalZcEventType   0000000180008d90 f   lay_dulieu_cua_bodieukhientruot_sfun_registry.obj
 0001:00007e00       ssSetZcSignalType          0000000180008e00 f   lay_dulieu_cua_bodieukhientruot_sfun_registry.obj
 0001:00007e70       ssSetZcSignalZcTol         0000000180008e70 f   lay_dulieu_cua_bodieukhientruot_sfun_registry.obj
 0001:00007ee0       ssSetZcSignalNeedsEventNotification 0000000180008ee0 f   lay_dulieu_cua_bodieukhientruot_sfun_registry.obj
 0001:00007f50       ssCreateAndAddZcSignalInfo 0000000180008f50 f   lay_dulieu_cua_bodieukhientruot_sfun_registry.obj
 0001:00007fc0       ssCloneAndAddZcSignalInfo  0000000180008fc0 f   lay_dulieu_cua_bodieukhientruot_sfun_registry.obj
 0001:00008030       ssGetNumZcSignals          0000000180009030 f   lay_dulieu_cua_bodieukhientruot_sfun_registry.obj
 0001:000080a0       ssGetZcSignalVector        00000001800090a0 f   lay_dulieu_cua_bodieukhientruot_sfun_registry.obj
 0001:00008110       ssGetZcSignalZcEvents      0000000180009110 f   lay_dulieu_cua_bodieukhientruot_sfun_registry.obj
 0001:00008180       ssGetZcSignalName          0000000180009180 f   lay_dulieu_cua_bodieukhientruot_sfun_registry.obj
 0001:000081f0       ssGetZcSignalWidth         00000001800091f0 f   lay_dulieu_cua_bodieukhientruot_sfun_registry.obj
 0001:00008260       ssGetZcSignalZcEventType   0000000180009260 f   lay_dulieu_cua_bodieukhientruot_sfun_registry.obj
 0001:000082d0       ssGetZcSignalType          00000001800092d0 f   lay_dulieu_cua_bodieukhientruot_sfun_registry.obj
 0001:00008340       ssGetZcSignalZcTol         0000000180009340 f   lay_dulieu_cua_bodieukhientruot_sfun_registry.obj
 0001:000083c0       ssGetZcSignalNeedsEventNotification 00000001800093c0 f   lay_dulieu_cua_bodieukhientruot_sfun_registry.obj
 0001:00008430       ssGetZcSignalIsZcElementDisc 0000000180009430 f   lay_dulieu_cua_bodieukhientruot_sfun_registry.obj
 0001:000084d0       ssGetIsInputPortElementContinuous 00000001800094d0 f   lay_dulieu_cua_bodieukhientruot_sfun_registry.obj
 0001:00008570       _ssGetInputPortSignalPtrsFcn 0000000180009570 f   lay_dulieu_cua_bodieukhientruot_sfun_registry.obj
 0001:00008830       _ssGetInputPortSignalFcn   0000000180009830 f   lay_dulieu_cua_bodieukhientruot_sfun_registry.obj
 0001:00008a50       _ssSetInputPortDirectFeedThroughFcn 0000000180009a50 f   lay_dulieu_cua_bodieukhientruot_sfun_registry.obj
 0001:00008bb0       _ssSetInputPortReusableFcn 0000000180009bb0 f   lay_dulieu_cua_bodieukhientruot_sfun_registry.obj
 0001:00008ca0       _ssSetOutputPortReusableFcn 0000000180009ca0 f   lay_dulieu_cua_bodieukhientruot_sfun_registry.obj
 0001:00008d80       ssGetDTypeIdFromMxArray    0000000180009d80 f   lay_dulieu_cua_bodieukhientruot_sfun_registry.obj
 0001:00008ea0       ssWriteRTWStr              0000000180009ea0 f   lay_dulieu_cua_bodieukhientruot_sfun_registry.obj
 0001:00008f00       ssWriteRTWMxVectParam      0000000180009f00 f   lay_dulieu_cua_bodieukhientruot_sfun_registry.obj
 0001:00008f60       ssWriteRTWMx2dMatParam     0000000180009f60 f   lay_dulieu_cua_bodieukhientruot_sfun_registry.obj
 0001:00008fe0       ssWriteRTWNameValuePair    0000000180009fe0 f   lay_dulieu_cua_bodieukhientruot_sfun_registry.obj
 0001:000094d0       ssWriteRTWParameters       000000018000a4d0 f   lay_dulieu_cua_bodieukhientruot_sfun_registry.obj
 0001:00009ad0       ssWriteRTWParamSettings    000000018000aad0 f   lay_dulieu_cua_bodieukhientruot_sfun_registry.obj
 0001:0000a1a0       ssWriteRTWWorkVect         000000018000b1a0 f   lay_dulieu_cua_bodieukhientruot_sfun_registry.obj
 0001:0000a6a0       mexFunction                000000018000b6a0 f   lay_dulieu_cua_bodieukhientruot_sfun_registry.obj
 0001:0000c360       ProcessMexSfunctionEveryCall 000000018000d360 f   lay_dulieu_cua_bodieukhientruot_sfun_registry.obj
 0001:0000c4d0       lay_dulieu_cua_bodieukhientruot_initializer 000000018000d4d0 f   lay_dulieu_cua_bodieukhientruot_sfun.obj
 0001:0000c4e0       lay_dulieu_cua_bodieukhientruot_terminator 000000018000d4e0 f   lay_dulieu_cua_bodieukhientruot_sfun.obj
 0001:0000c4f0       sf_lay_dulieu_cua_bodieukhientruot_method_dispatcher 000000018000d4f0 f   lay_dulieu_cua_bodieukhientruot_sfun.obj
 0001:0000c540       sf_lay_dulieu_cua_bodieukhientruot_process_check_sum_call 000000018000d540 f   lay_dulieu_cua_bodieukhientruot_sfun.obj
 0001:0000c950       sf_lay_dulieu_cua_bodieukhientruot_autoinheritance_info 000000018000d950 f   lay_dulieu_cua_bodieukhientruot_sfun.obj
 0001:0000cac0       sf_lay_dulieu_cua_bodieukhientruot_get_eml_resolved_functions_info 000000018000dac0 f   lay_dulieu_cua_bodieukhientruot_sfun.obj
 0001:0000cbf0       lay_dulieu_cua_bodieukhientruot_debug_initialize 000000018000dbf0 f   lay_dulieu_cua_bodieukhientruot_sfun.obj
 0001:0000cc60       lay_dulieu_cua_bodieukhientruot_register_exported_symbols 000000018000dc60 f   lay_dulieu_cua_bodieukhientruot_sfun.obj
 0001:0000cc70       load_lay_dulieu_cua_bodieukhientruot_optimization_info 000000018000dc70 f   lay_dulieu_cua_bodieukhientruot_sfun.obj
 0001:0000ccc0       unload_lay_dulieu_cua_bodieukhientruot_optimization_info 000000018000dcc0 f   lay_dulieu_cua_bodieukhientruot_sfun.obj
 0001:0000cde0       sf_mex_mx_is_numeric       000000018000dde0 f   sfc_mex:sfc_mex.obj
 0001:0000ce20       strcmp_ignore_ws           000000018000de20 f   sfc_mex:sfc_mex.obj
 0001:0000cf60       sf_mex_duplicatearraysafe  000000018000df60 f   sfc_mex:sfc_mex.obj
 0001:0000d0c0       sf_set_error_debugger_context_message_fcn 000000018000e0c0 f   sfc_mex:sfc_mex.obj
 0001:0000d0d0       sf_set_debugger_matlab_error_fcn 000000018000e0d0 f   sfc_mex:sfc_mex.obj
 0001:0000d100       sf_set_error_prefix_string 000000018000e100 f   sfc_mex:sfc_mex.obj
 0001:0000d130       sf_get_error_prefix_string 000000018000e130 f   sfc_mex:sfc_mex.obj
 0001:0000d140       sf_mex_enter_parallel_region 000000018000e140 f   sfc_mex:sfc_mex.obj
 0001:0000d150       sf_mex_exit_parallel_region 000000018000e150 f   sfc_mex:sfc_mex.obj
 0001:0000d160       sf_get_current_jmp_buf_ptr 000000018000e160 f   sfc_mex:sfc_mex.obj
 0001:0000d170       sf_set_current_jmp_buf_ptr 000000018000e170 f   sfc_mex:sfc_mex.obj
 0001:0000d180       sf_mex_set_halt_simulation 000000018000e180 f   sfc_mex:sfc_mex.obj
 0001:0000d190       sf_mex_get_halt_simulation 000000018000e190 f   sfc_mex:sfc_mex.obj
 0001:0000d1a0       sf_mex_clear_error_message 000000018000e1a0 f   sfc_mex:sfc_mex.obj
 0001:0000d1c0       sf_mex_get_error_message_for_read 000000018000e1c0 f   sfc_mex:sfc_mex.obj
 0001:0000d1d0       sf_mex_get_error_message_buffer_length 000000018000e1d0 f   sfc_mex:sfc_mex.obj
 0001:0000d2b0       sf_mex_warning_message     000000018000e2b0 f   sfc_mex:sfc_mex.obj
 0001:0000d320       sf_mex_v_errbuf_createf    000000018000e320 f   sfc_mex:sfc_mex.obj
 0001:0000d330       sf_mex_errbuf_createf      000000018000e330 f   sfc_mex:sfc_mex.obj
 0001:0000d360       sf_mex_v_errbuf_catf       000000018000e360 f   sfc_mex:sfc_mex.obj
 0001:0000d3a0       sf_mex_errbuf_catf         000000018000e3a0 f   sfc_mex:sfc_mex.obj
 0001:0000d3f0       sf_mex_errbuf_copy         000000018000e3f0 f   sfc_mex:sfc_mex.obj
 0001:0000d400       sf_mex_errbuf_clear        000000018000e400 f   sfc_mex:sfc_mex.obj
 0001:0000d410       sf_mex_errbuf_isempty      000000018000e410 f   sfc_mex:sfc_mex.obj
 0001:0000d520       sf_mex_set_error_status    000000018000e520 f   sfc_mex:sfc_mex.obj
 0001:0000d570       sf_mex_error_direct_call   000000018000e570 f   sfc_mex:sfc_mex.obj
 0001:0000d590       sf_mex_error_message_no_long_jump 000000018000e590 f   sfc_mex:sfc_mex.obj
 0001:0000d5b0       sf_mex_long_jump_on_error  000000018000e5b0 f   sfc_mex:sfc_mex.obj
 0001:0000d5e0       sf_mex_call_matlab         000000018000e5e0 f   sfc_mex:sfc_mex.obj
 0001:0000d700       sf_mex_check_builtin       000000018000e700 f   sfc_mex:sfc_mex.obj
 0001:0000d7a0       sf_mex_check_builtin_vs    000000018000e7a0 f   sfc_mex:sfc_mex.obj
 0001:0000d860       sf_mex_check_enum          000000018000e860 f   sfc_mex:sfc_mex.obj
 0001:0000d8e0       sf_mex_create_enum         000000018000e8e0 f   sfc_mex:sfc_mex.obj
 0001:0000d950       sf_mex_get_enum_element    000000018000e950 f   sfc_mex:sfc_mex.obj
 0001:0000d960       sf_mex_createcellarray     000000018000e960 f   sfc_mex:sfc_mex.obj
 0001:0000d970       sf_mex_setcell             000000018000e970 f   sfc_mex:sfc_mex.obj
 0001:0000d980       sf_mex_getcell             000000018000e980 f   sfc_mex:sfc_mex.obj
 0001:0000d990       sf_mex_dup                 000000018000e990 f   sfc_mex:sfc_mex.obj
 0001:0000d9b0       sf_mex_assign              000000018000e9b0 f   sfc_mex:sfc_mex.obj
 0001:0000da30       sf_mex_destroy             000000018000ea30 f   sfc_mex:sfc_mex.obj
 0001:0000da60       mx_array_has_fi_type       000000018000ea60 f   sfc_mex:sfc_mex.obj
 0001:0000da90       sf_mex_convert_from_fi     000000018000ea90 f   sfc_mex:sfc_mex.obj
 0001:0000dbc0       sf_mex_convert_to_double   000000018000ebc0 f   sfc_mex:sfc_mex.obj
 0001:0000dce0       sf_mex_import_fi_vs        000000018000ece0 f   sfc_mex:sfc_mex.obj
 0001:0000dea0       sf_matrix_matrix_index_ok  000000018000eea0 f   sfc_mex:sfc_mex.obj
 0001:0000df30       sf_vector_vector_index_ok  000000018000ef30 f   sfc_mex:sfc_mex.obj
 0001:0000df60       ssGetCurrentInputPortDimensions_wrapper 000000018000ef60 f   sfc_mex:sfc_mex.obj
 0001:0000df80       ssGetCurrentOutputPortDimensions_wrapper 000000018000ef80 f   sfc_mex:sfc_mex.obj
 0001:0000dfa0       sf_mex_emlrt_context_is_debug_mode 000000018000efa0 f   sfc_mex:sfc_mex.obj
 0001:0000dfb0       sf_mex_emlrt_context_set_debug_mode 000000018000efb0 f   sfc_mex:sfc_mex.obj
 0001:0000dfc0       sf_mex_emlrtNameCapturePostProcessR2012a 000000018000efc0 f   sfc_mex:sfc_mex.obj
 0001:0000e030       sf_clear_error_manager_info 000000018000f030 f   sfc_mex:sfc_mex.obj
 0001:0000e090       sf_mex_stop_simulation_abruptly_wo_error 000000018000f090 f   sfc_mex:sfc_mex.obj
 0001:0000e0d0       sf_mex_error_message       000000018000f0d0 f   sfc_mex:sfc_mex.obj
 0001:0000e130       sf_react_to_error_in_matlab_call 000000018000f130 f   sfc_mex:sfc_mex.obj
 0001:0000e160       sf_mex_addfield            000000018000f160 f   sfc_mex:sfc_mex.obj
 0001:0000e200       sf_mex_getfield            000000018000f200 f   sfc_mex:sfc_mex.obj
 0001:0000e500       sf_mex_check_class         000000018000f500 f   sfc_mex:sfc_mex.obj
 0001:0000e5a0       sf_mex_is_real             000000018000f5a0 f   sfc_mex:sfc_mex.obj
 0001:0000ea10       sf_mex_decode_encoded_mx_struct_array 000000018000fa10 f   sfc_mex:sfc_mex.obj
 0001:0000ecf0       sf_mex_lw_bounds_check     000000018000fcf0 f   sfc_mex:sfc_mex.obj
 0001:0000ed20       sf_mex_lw_size_eq_check_1d 000000018000fd20 f   sfc_mex:sfc_mex.obj
 0001:0000ed40       sf_mex_lw_size_eq_check_nd 000000018000fd40 f   sfc_mex:sfc_mex.obj
 0001:0000ef20       sf_mex_lw_dim_size_eq_check 000000018000ff20 f   sfc_mex:sfc_mex.obj
 0001:0000ef50       sf_mex_lw_dim_size_geq_check 000000018000ff50 f   sfc_mex:sfc_mex.obj
 0001:0000ef80       sf_mex_lw_sub_assign_size_check_nd 000000018000ff80 f   sfc_mex:sfc_mex.obj
 0001:0000f1b0       sf_mex_lw_runtime_error_msgid 00000001800101b0 f   sfc_mex:sfc_mex.obj
 0001:0000f2a0       sf_mex_lw_matrix_matrix_index_check 00000001800102a0 f   sfc_mex:sfc_mex.obj
 0001:0000f2c0       sf_mex_lw_vector_vector_index_check 00000001800102c0 f   sfc_mex:sfc_mex.obj
 0001:0000f300       sf_mex_lw_for_loop_vector_check 0000000180010300 f   sfc_mex:sfc_mex.obj
 0001:0000f390       sf_mex_lw_non_negative_check 0000000180010390 f   sfc_mex:sfc_mex.obj
 0001:0000f3d0       sf_mex_overflow_error      00000001800103d0 f   sfc_mex:sfc_mex.obj
 0001:0000f3e0       sf_mex_dividebyzero_error  00000001800103e0 f   sfc_mex:sfc_mex.obj
 0001:0000f3f0       sf_mex_unsafe_enum_error   00000001800103f0 f   sfc_mex:sfc_mex.obj
 0001:0000f400       sf_emlrtErrHandler         0000000180010400 f   sfc_mex:sfc_mex.obj
 0001:0000f4e0       sf_mex_size_one_check      00000001800104e0 f   sfc_mex:sfc_mex.obj
 0001:0000f500       sf_mex_printf              0000000180010500 f   sfc_mex:sfc_mex.obj
 0001:0000f6d0       sf_mex_check_size          00000001800106d0 f   sfc_mex:sfc_mex.obj
 0001:0000f9a0       sf_mex_check_struct        00000001800109a0 f   sfc_mex:sfc_mex.obj
 0001:0000fc00       sf_mex_check_struct_vs     0000000180010c00 f   sfc_mex:sfc_mex.obj
 0001:0000fc90       sf_mex_check_fi            0000000180010c90 f   sfc_mex:sfc_mex.obj
 0001:0000fd90       sf_mex_check_fi_vs         0000000180010d90 f   sfc_mex:sfc_mex.obj
 0001:0000fe30       sf_echo_expression         0000000180010e30 f   sfc_mex:sfc_mex.obj
 0001:0000fe90       sf_assertion_failed        0000000180010e90 f   sfc_mex:sfc_mex.obj
 0001:00010170       sf_mex_evalin              0000000180011170 f   sfc_mex:sfc_mex.obj
 0001:000103e0       sf_mex_export              00000001800113e0 f   sfc_mex:sfc_mex.obj
 0001:000104a0       sf_mex_get_ml_var_no_error 00000001800114a0 f   sfc_mex:sfc_mex.obj
 0001:00010640       sf_mex_get_ml_var          0000000180011640 f   sfc_mex:sfc_mex.obj
 0001:00010ae0       ml_set_element_value_in_array 0000000180011ae0 f   sfc_mex:sfc_mex.obj
 0001:000121b0       sf_mex_call_impl           00000001800131b0 f   sfc_mex:sfc_mex.obj
 0001:000126e0       sf_mex_call_debug          00000001800136e0 f   sfc_mex:sfc_mex.obj
 0001:00012710       sf_mex_call                0000000180013710 f   sfc_mex:sfc_mex.obj
 0001:00012d60       sf_mex_createstruct        0000000180013d60 f   sfc_mex:sfc_mex.obj
 0001:00012e50       sf_mex_createstructarray   0000000180013e50 f   sfc_mex:sfc_mex.obj
 0001:00012ed0       sf_mex_get_mx_datatype_from_sf_datatype 0000000180013ed0 f   sfc_mex:sfc_mex.obj
 0001:000131e0       sf_mex_ml_var_sub          00000001800141e0 f   sfc_mex:sfc_mex.obj
 0001:000133b0       sf_mex_ml_var_subsasgn     00000001800143b0 f   sfc_mex:sfc_mex.obj
 0001:000137a0       sf_mex_sub                 00000001800147a0 f   sfc_mex:sfc_mex.obj
 0001:000139a0       sf_mex_subsasgn            00000001800149a0 f   sfc_mex:sfc_mex.obj
 0001:00013e80       sf_mex_create              0000000180014e80 f   sfc_mex:sfc_mex.obj
 0001:000148d0       sf_mex_import_named        00000001800158d0 f   sfc_mex:sfc_mex.obj
 0001:00014930       sf_mex_import              0000000180015930 f   sfc_mex:sfc_mex.obj
 0001:00014980       sf_mex_import_vs           0000000180015980 f   sfc_mex:sfc_mex.obj
 0001:00014a90       sf_mex_lower_fixpt_mx_array 0000000180015a90 f   sfc_mex:sfc_mex.obj
 0001:00014d80       sf_send_message_wrapper    0000000180015d80 f   sfc_mex:sfc_sf.obj
 0001:00014db0       sf_receive_message_wrapper 0000000180015db0 f   sfc_mex:sfc_sf.obj
 0001:00014df0       sf_check_out_message_wrapper 0000000180015df0 f   sfc_mex:sfc_sf.obj
 0001:00014e30       sf_check_in_message_wrapper 0000000180015e30 f   sfc_mex:sfc_sf.obj
 0001:00014e70       sf_no_message_wrapper      0000000180015e70 f   sfc_mex:sfc_sf.obj
 0001:00015200       sim_mode_is_rtw_gen        0000000180016200 f   sfc_mex:sfc_sf.obj
 0001:00015230       sim_mode_is_external       0000000180016230 f   sfc_mex:sfc_sf.obj
 0001:00015240       sim_mode_is_modelref_sim   0000000180016240 f   sfc_mex:sfc_sf.obj
 0001:00015260       mdlInitializeSizes         0000000180016260 f   sfc_mex:sfc_sf.obj
 0001:00015280       mdlInitializeSampleTimes   0000000180016280 f   sfc_mex:sfc_sf.obj
 0001:000152c0       mdlZeroCrossings           00000001800162c0 f   sfc_mex:sfc_sf.obj
 0001:000153a0       mdlDerivatives             00000001800163a0 f   sfc_mex:sfc_sf.obj
 0001:00015450       mdl_initialize_conditions_processing 0000000180016450 f   sfc_mex:sfc_sf.obj
 0001:00015480       mdlInitializeConditions    0000000180016480 f   sfc_mex:sfc_sf.obj
 0001:00015540       mdlGetSimState             0000000180016540 f   sfc_mex:sfc_sf.obj
 0001:00015550       mdlSetSimState             0000000180016550 f   sfc_mex:sfc_sf.obj
 0001:00015560       mdl_ext_mode_exec_processing 0000000180016560 f   sfc_mex:sfc_sf.obj
 0001:00015580       mdlExtModeExec             0000000180016580 f   sfc_mex:sfc_sf.obj
 0001:00015710       mdlTerminate               0000000180016710 f   sfc_mex:sfc_sf.obj
 0001:00015780       mdlRTW                     0000000180016780 f   sfc_mex:sfc_sf.obj
 0001:000157b0       mdlSetWorkWidths           00000001800167b0 f   sfc_mex:sfc_sf.obj
 0001:000157c0       mdlProcessParameters       00000001800167c0 f   sfc_mex:sfc_sf.obj
 0001:000157d0       mdl_start_processing       00000001800167d0 f   sfc_mex:sfc_sf.obj
 0001:00015830       mdlStart                   0000000180016830 f   sfc_mex:sfc_sf.obj
 0001:00015940       mdlEnable                  0000000180016940 f   sfc_mex:sfc_sf.obj
 0001:00015a10       mdlDisable                 0000000180016a10 f   sfc_mex:sfc_sf.obj
 0001:00015ac0       sf_get_chart_instance_ptr  0000000180016ac0 f   sfc_mex:sfc_sf.obj
 0001:00015ae0       sf_load_rtw_optimization_info 0000000180016ae0 f   sfc_mex:sfc_sf.obj
 0001:00015bb0       sf_rtw_info_uint_prop      0000000180016bb0 f   sfc_mex:sfc_sf.obj
 0001:00015cf0       sf_is_chart_inlinable      0000000180016cf0 f   sfc_mex:sfc_sf.obj
 0001:00015d10       sf_mark_output_events_with_multiple_callers 0000000180016d10 f   sfc_mex:sfc_sf.obj
 0001:00015ea0       sf_mark_chart_reusable_outputs 0000000180016ea0 f   sfc_mex:sfc_sf.obj
 0001:00016100       sf_mark_chart_expressionable_inputs 0000000180017100 f   sfc_mex:sfc_sf.obj
 0001:00016360       sf_get_subchart_simstruct  0000000180017360 f   sfc_mex:sfc_sf.obj
 0001:000163b0       sf_get_fixpt_data_type_id  00000001800173b0 f   sfc_mex:sfc_sf.obj
 0001:000163f0       sf_get_enum_data_type_id   00000001800173f0 f   sfc_mex:sfc_sf.obj
 0001:00016430       sf_get_param_data_type_id  0000000180017430 f   sfc_mex:sfc_sf.obj
 0001:00016460       sf_mex_listen_for_ctrl_c_force 0000000180017460 f   sfc_mex:sfc_sf.obj
 0001:00016570       sf_mex_draw_now            0000000180017570 f   sfc_mex:sfc_sf.obj
 0001:000165b0       sf_mex_set_debugger_sim_status_listener_fcn 00000001800175b0 f   sfc_mex:sfc_sf.obj
 0001:000165c0       sf_mex_listen_for_ctrl_c   00000001800175c0 f   sfc_mex:sfc_sf.obj
 0001:00016650       sf_mex_get_sfun_param      0000000180017650 f   sfc_mex:sfc_sf.obj
 0001:000166a0       sf_get_runtime_param_data  00000001800176a0 f   sfc_mex:sfc_sf.obj
 0001:000166e0       sf_call_output_fcn_call    00000001800176e0 f   sfc_mex:sfc_sf.obj
 0001:00016820       sf_call_output_fcn_enable  0000000180017820 f   sfc_mex:sfc_sf.obj
 0001:000168b0       sf_call_output_fcn_disable 00000001800178b0 f   sfc_mex:sfc_sf.obj
 0001:00016940       sf_clear_rtw_identifier    0000000180017940 f   sfc_mex:sfc_sf.obj
 0001:00017130       sf_set_encoded_dwork_info  0000000180018130 f   sfc_mex:sfc_sf.obj
 0001:00017180       sf_get_dwork_info_from_mat_file 0000000180018180 f   sfc_mex:sfc_sf.obj
 0001:00017340       sf_set_rtw_dwork_info      0000000180018340 f   sfc_mex:sfc_sf.obj
 0001:000174b0       mdlOutputs                 00000001800184b0 f   sfc_mex:sfc_sf.obj
 0001:00017650       sf_debug_disp              0000000180018650 f   sfc_debug:sfcdebug.obj
 0001:000178b0       sf_debug_data_runtime_size_mismatch_error_check 00000001800188b0 f   sfc_debug:sfcdebug.obj
 0001:00017950       sf_debug_try_loading_machine 0000000180018950 f   sfc_debug:sfcdebug.obj
 0001:00017a50       sf_debug_reset_current_state_configuration 0000000180018a50 f   sfc_debug:sfcdebug.obj
 0001:00017ae0       sf_debug_store_current_state_configuration 0000000180018ae0 f   sfc_debug:sfcdebug.obj
 0001:00017b70       sf_debug_restore_previous_state_configuration 0000000180018b70 f   sfc_debug:sfcdebug.obj
 0001:00017c00       sf_debug_restore_previous_state_configuration2 0000000180018c00 f   sfc_debug:sfcdebug.obj
 0001:00017c90       sf_debug_get_event_scope   0000000180018c90 f   sfc_debug:sfcdebug.obj
 0001:00017e00       use_debugger_step_animation 0000000180018e00 f   sfc_debug:sfcdebug.obj
 0001:00017e20       sf_debug_get_script_id     0000000180018e20 f   sfc_debug:sfcdebug.obj
 0001:00017eb0       sf_debug_set_script_translation 0000000180018eb0 f   sfc_debug:sfcdebug.obj
 0001:00018030       sf_debug_extract_message_post_receive_info 0000000180019030 f   sfc_debug:sfcdebug.obj
 0001:00018130       sf_debug_get_current_machine_id 0000000180019130 f   sfc_debug:sfcdebug.obj
 0001:00018150       sf_debug_get_current_optional_integer 0000000180019150 f   sfc_debug:sfcdebug.obj
 0001:00018160       sf_debug_get_current_machine_number 0000000180019160 f   sfc_debug:sfcdebug.obj
 0001:00018180       sf_debug_get_current_machine_name 0000000180019180 f   sfc_debug:sfcdebug.obj
 0001:000181a0       sf_debug_get_current_chart_id 00000001800191a0 f   sfc_debug:sfcdebug.obj
 0001:000181f0       sf_debug_get_current_chart_number 00000001800191f0 f   sfc_debug:sfcdebug.obj
 0001:00018200       sf_debug_get_current_instance_number 0000000180019200 f   sfc_debug:sfcdebug.obj
 0001:00018210       sf_debug_get_current_is_minor_time_step 0000000180019210 f   sfc_debug:sfcdebug.obj
 0001:00018290       sf_debug_get_current_object_type 0000000180019290 f   sfc_debug:sfcdebug.obj
 0001:000182a0       sf_debug_get_current_instance_handle 00000001800192a0 f   sfc_debug:sfcdebug.obj
 0001:00018300       sf_debug_get_current_event_type 0000000180019300 f   sfc_debug:sfcdebug.obj
 0001:00018310       sf_debug_get_current_object_id 0000000180019310 f   sfc_debug:sfcdebug.obj
 0001:00018350       sf_debug_get_current_active_event_type 0000000180019350 f   sfc_debug:sfcdebug.obj
 0001:00018360       sf_debug_get_current_active_event_id 0000000180019360 f   sfc_debug:sfcdebug.obj
 0001:000183a0       sf_debug_get_current_tag_type 00000001800193a0 f   sfc_debug:sfcdebug.obj
 0001:000183b0       sf_debug_get_current_simulation_time 00000001800193b0 f   sfc_debug:sfcdebug.obj
 0001:000183c0       sf_debug_get_current_coverage_percentage 00000001800193c0 f   sfc_debug:sfcdebug.obj
 0001:000183d0       sf_debug_current_statement_context 00000001800193d0 f   sfc_debug:sfcdebug.obj
 0001:00018460       sf_debug_get_current_statement_info 0000000180019460 f   sfc_debug:sfcdebug.obj
 0001:000185e0       sf_debug_terminate_instance 00000001800195e0 f   sfc_debug:sfcdebug.obj
 0001:00018920       sf_debug_assertion_failed  0000000180019920 f   sfc_debug:sfcdebug.obj
 0001:00018b80       sf_debug_set_number_of_data_with_change_event_for_machine 0000000180019b80 f   sfc_debug:sfcdebug.obj
 0001:00018bc0       sf_debug_set_machine_event_thresholds 0000000180019bc0 f   sfc_debug:sfcdebug.obj
 0001:00018be0       sf_debug_set_machine_event_scope 0000000180019be0 f   sfc_debug:sfcdebug.obj
 0001:00018c20       sf_debug_set_machine_data_thresholds 0000000180019c20 f   sfc_debug:sfcdebug.obj
 0001:00018c60       sf_debug_set_machine_data_scope 0000000180019c60 f   sfc_debug:sfcdebug.obj
 0001:00018cf0       sf_debug_set_machine_data_name 0000000180019cf0 f   sfc_debug:sfcdebug.obj
 0001:00018d90       sf_debug_set_machine_data_size 0000000180019d90 f   sfc_debug:sfcdebug.obj
 0001:00018ed0       sf_debug_set_machine_data_type 0000000180019ed0 f   sfc_debug:sfcdebug.obj
 0001:00019040       sf_debug_get_chart_data_number 000000018001a040 f   sfc_debug:sfcdebug.obj
 0001:00019060       sf_debug_get_chart_event_number 000000018001a060 f   sfc_debug:sfcdebug.obj
 0001:00019080       sf_debug_set_chart_state_info 000000018001a080 f   sfc_debug:sfcdebug.obj
 0001:00019100       sf_debug_set_chart_decomposition 000000018001a100 f   sfc_debug:sfcdebug.obj
 0001:00019170       sf_debug_set_chart_substate_count 000000018001a170 f   sfc_debug:sfcdebug.obj
 0001:00019250       sf_debug_set_chart_substate_index 000000018001a250 f   sfc_debug:sfcdebug.obj
 0001:000192c0       sf_debug_set_chart_state_substate_count 000000018001a2c0 f   sfc_debug:sfcdebug.obj
 0001:000193d0       sf_debug_set_chart_state_substate_index 000000018001a3d0 f   sfc_debug:sfcdebug.obj
 0001:00019450       sf_debug_set_number_of_data_with_change_event_for_chart 000000018001a450 f   sfc_debug:sfcdebug.obj
 0001:000194d0       sf_debug_set_number_of_states_with_entry_event_for_chart 000000018001a4d0 f   sfc_debug:sfcdebug.obj
 0001:00019540       sf_debug_set_number_of_states_with_exit_event_for_chart 000000018001a540 f   sfc_debug:sfcdebug.obj
 0001:000195b0       sf_debug_set_chart_disable_implicit_casting 000000018001a5b0 f   sfc_debug:sfcdebug.obj
 0001:00019620       sf_debug_set_chart_event_thresholds 000000018001a620 f   sfc_debug:sfcdebug.obj
 0001:00019690       sf_debug_set_chart_data_compiled_props 000000018001a690 f   sfc_debug:sfcdebug.obj
 0001:000199e0       sf_debug_set_chart_data_props 000000018001a9e0 f   sfc_debug:sfcdebug.obj
 0001:00019d00       sf_debug_check_fi_license  000000018001ad00 f   sfc_debug:sfcdebug.obj
 0001:00019ef0       sf_debug_symbol_scope_push 000000018001aef0 f   sfc_debug:sfcdebug.obj
 0001:00019f30       sf_debug_symbol_scope_push_eml 000000018001af30 f   sfc_debug:sfcdebug.obj
 0001:00019f80       sf_debug_symbol_scope_pop  000000018001af80 f   sfc_debug:sfcdebug.obj
 0001:00019fc0       sf_debug_symbol_scope_add_importable 000000018001afc0 f   sfc_debug:sfcdebug.obj
 0001:0001a040       sf_debug_symbol_scope_add  000000018001b040 f   sfc_debug:sfcdebug.obj
 0001:0001a0c0       sf_debug_symbol_scope_add_dyn_importable 000000018001b0c0 f   sfc_debug:sfcdebug.obj
 0001:0001a180       sf_debug_symbol_scope_add_dyn 000000018001b180 f   sfc_debug:sfcdebug.obj
 0001:0001a1b0       sf_debug_symbol_scope_add_eml_importable 000000018001b1b0 f   sfc_debug:sfcdebug.obj
 0001:0001a1f0       sf_debug_symbol_scope_add_eml 000000018001b1f0 f   sfc_debug:sfcdebug.obj
 0001:0001a230       sf_debug_symbol_scope_add_eml_dyn_importable 000000018001b230 f   sfc_debug:sfcdebug.obj
 0001:0001a2a0       sf_debug_symbol_scope_add_eml_dyn 000000018001b2a0 f   sfc_debug:sfcdebug.obj
 0001:0001a300       sf_debug_symbol_switch     000000018001b300 f   sfc_debug:sfcdebug.obj
 0001:0001a320       sf_debug_symbol_scope_add_verbose 000000018001b320 f   sfc_debug:sfcdebug.obj
 0001:0001a3f0       sf_debug_set_machine_data_value_ptr 000000018001b3f0 f   sfc_debug:sfcdebug.obj
 0001:0001a430       sf_debug_set_instance_data_value_ptr 000000018001b430 f   sfc_debug:sfcdebug.obj
 0001:0001a4f0       sf_debug_unset_instance_data_value_ptr 000000018001b4f0 f   sfc_debug:sfcdebug.obj
 0001:0001a5a0       sf_debug_set_chart_event_scope 000000018001b5a0 f   sfc_debug:sfcdebug.obj
 0001:0001a620       sf_debug_set_chart_transition_coverage_maps 000000018001b620 f   sfc_debug:sfcdebug.obj
 0001:0001a730       sf_debug_set_chart_state_coverage_maps 000000018001b730 f   sfc_debug:sfcdebug.obj
 0001:0001a810       sf_debug_set_instance_transition_coverage_weights 000000018001b810 f   sfc_debug:sfcdebug.obj
 0001:0001a8b0       sf_debug_set_instance_state_coverage_weights 000000018001b8b0 f   sfc_debug:sfcdebug.obj
 0001:0001ab00       sf_debug_unload_machine    000000018001bb00 f   sfc_debug:sfcdebug.obj
 0001:0001ab50       sf_debug_load_machine      000000018001bb50 f   sfc_debug:sfcdebug.obj
 0001:0001ac50       sf_debug_set_active_instance_in_data_dictionary 000000018001bc50 f   sfc_debug:sfcdebug.obj
 0001:0001ae30       sf_debug_set_active_instance 000000018001be30 f   sfc_debug:sfcdebug.obj
 0001:0001af90       sf_debug_chart_visiblity_change 000000018001bf90 f   sfc_debug:sfcdebug.obj
 0001:0001b090       sf_debug_select_chart      000000018001c090 f   sfc_debug:sfcdebug.obj
 0001:0001b200       sf_debug_set_instance_cv_ids 000000018001c200 f   sfc_debug:sfcdebug.obj
 0001:0001b510       sf_debug_select_charts     000000018001c510 f   sfc_debug:sfcdebug.obj
 0001:0001b6a0       sf_debug_initialized       000000018001c6a0 f   sfc_debug:sfcdebug.obj
 0001:0001b6b0       sf_debug_is_uninterruptible 000000018001c6b0 f   sfc_debug:sfcdebug.obj
 0001:0001b6e0       sf_debug_initialize_debugger_gui 000000018001c6e0 f   sfc_debug:sfcdebug.obj
 0001:0001bad0       sf_debug_resume            000000018001cad0 f   sfc_debug:sfcdebug.obj
 0001:0001baf0       sf_debug_go                000000018001caf0 f   sfc_debug:sfcdebug.obj
 0001:0001bb00       sf_debug_break             000000018001cb00 f   sfc_debug:sfcdebug.obj
 0001:0001bb10       sf_debug_step_over         000000018001cb10 f   sfc_debug:sfcdebug.obj
 0001:0001bb20       sf_debug_step_out          000000018001cb20 f   sfc_debug:sfcdebug.obj
 0001:0001bb30       sf_debug_set_disable_all_breakpoints 000000018001cb30 f   sfc_debug:sfcdebug.obj
 0001:0001bb40       sf_debug_disable_all_breakpoints_and_go 000000018001cb40 f   sfc_debug:sfcdebug.obj
 0001:0001bb50       sf_debug_break_on_chart_entry 000000018001cb50 f   sfc_debug:sfcdebug.obj
 0001:0001bb60       sf_debug_break_on_event_broadcast 000000018001cb60 f   sfc_debug:sfcdebug.obj
 0001:0001bb70       sf_debug_break_on_state_entry 000000018001cb70 f   sfc_debug:sfcdebug.obj
 0001:0001bb80       sf_debug_break_between_times 000000018001cb80 f   sfc_debug:sfcdebug.obj
 0001:0001bba0       sf_debug_browse_data       000000018001cba0 f   sfc_debug:sfcdebug.obj
 0001:0001bbc0       sf_debug_watch_data        000000018001cbc0 f   sfc_debug:sfcdebug.obj
 0001:0001bbe0       sf_debug_assign_data       000000018001cbe0 f   sfc_debug:sfcdebug.obj
 0001:0001bc00       sf_debug_whos              000000018001cc00 f   sfc_debug:sfcdebug.obj
 0001:0001bc20       sf_debug_get_consistency_info 000000018001cc20 f   sfc_debug:sfcdebug.obj
 0001:0001bc30       sf_debug_browse_trace      000000018001cc30 f   sfc_debug:sfcdebug.obj
 0001:0001bc40       sf_debug_set_breakpoints   000000018001cc40 f   sfc_debug:sfcdebug.obj
 0001:0001bda0       sf_debug_set_eml_breakpoints 000000018001cda0 f   sfc_debug:sfcdebug.obj
 0001:0001bf00       sf_debug_set_script_breakpoints 000000018001cf00 f   sfc_debug:sfcdebug.obj
 0001:0001bf80       sf_debug_add_script_breakpoints 000000018001cf80 f   sfc_debug:sfcdebug.obj
 0001:0001bff0       sf_debug_clear_script_breakpoints 000000018001cff0 f   sfc_debug:sfcdebug.obj
 0001:0001c060       sf_debug_query_script_breakpoints 000000018001d060 f   sfc_debug:sfcdebug.obj
 0001:0001c120       sf_debug_get_eml_script_id 000000018001d120 f   sfc_debug:sfcdebug.obj
 0001:0001c170       sf_debug_set_watch         000000018001d170 f   sfc_debug:sfcdebug.obj
 0001:0001c3a0       sf_debug_get_instance_handle 000000018001d3a0 f   sfc_debug:sfcdebug.obj
 0001:0001c430       sf_debug_get_active_states 000000018001d430 f   sfc_debug:sfcdebug.obj
 0001:0001c440       sf_debug_get_animation     000000018001d440 f   sfc_debug:sfcdebug.obj
 0001:0001c450       sf_debug_set_animation     000000018001d450 f   sfc_debug:sfcdebug.obj
 0001:0001c460       sf_debug_animate           000000018001d460 f   sfc_debug:sfcdebug.obj
 0001:0001c490       sf_debug_cycle_detection_check 000000018001d490 f   sfc_debug:sfcdebug.obj
 0001:0001c4a0       sf_debug_data_range_check  000000018001d4a0 f   sfc_debug:sfcdebug.obj
 0001:0001c4b0       sf_debug_transition_conflict_check 000000018001d4b0 f   sfc_debug:sfcdebug.obj
 0001:0001c4c0       sf_debug_state_consistency_check 000000018001d4c0 f   sfc_debug:sfcdebug.obj
 0001:0001c4d0       sf_debug_data_range_check_enabled 000000018001d4d0 f   sfc_debug:sfcdebug.obj
 0001:0001c4f0       sf_debug_transition_conflict_check_enabled 000000018001d4f0 f   sfc_debug:sfcdebug.obj
 0001:0001c510       sf_debug_transition_conflict_check_begin 000000018001d510 f   sfc_debug:sfcdebug.obj
 0001:0001c530       sf_debug_transition_conflict_check_end 000000018001d530 f   sfc_debug:sfcdebug.obj
 0001:0001c550       sf_debug_stop_debugging    000000018001d550 f   sfc_debug:sfcdebug.obj
 0001:0001c580       sf_debug_is_cycle_detected 000000018001d580 f   sfc_debug:sfcdebug.obj
 0001:0001c590       sf_debug_is_array_bounds_detected 000000018001d590 f   sfc_debug:sfcdebug.obj
 0001:0001c5a0       sf_debug_get_state_vectors_data_size 000000018001d5a0 f   sfc_debug:sfcdebug.obj
 0001:0001c5e0       sf_debug_get_state_vectors_data 000000018001d5e0 f   sfc_debug:sfcdebug.obj
 0001:0001c6e0       sf_debug_set_state_vectors_data 000000018001d6e0 f   sfc_debug:sfcdebug.obj
 0001:0001c9a0       sf_debug_get_script_index  000000018001d9a0 f   sfc_debug:sfcdebug.obj
 0001:0001cb30       sf_debug_add_script        000000018001db30 f   sfc_debug:sfcdebug.obj
 0001:0001ccc0       cv_eval_point              000000018001dcc0 f   sfc_debug:sfcdebug.obj
 0001:0001ce30       cv_eval_testobjective      000000018001de30 f   sfc_debug:sfcdebug.obj
 0001:0001cf50       sf_debug_cv_init_state     000000018001df50 f   sfc_debug:sfcdebug.obj
 0001:0001d070       sf_debug_cv_init_chart     000000018001e070 f   sfc_debug:sfcdebug.obj
 0001:0001d150       sf_debug_cv_init_trans     000000018001e150 f   sfc_debug:sfcdebug.obj
 0001:0001d250       sf_debug_cv_init_testobjectives 000000018001e250 f   sfc_debug:sfcdebug.obj
 0001:0001d430       cv_eml_init_script         000000018001e430 f   sfc_debug:sfcdebug.obj
 0001:0001d540       cv_eml_init_fcn            000000018001e540 f   sfc_debug:sfcdebug.obj
 0001:0001d5f0       cv_eml_init_testobjective  000000018001e5f0 f   sfc_debug:sfcdebug.obj
 0001:0001d6c0       cv_eml_init_saturation     000000018001e6c0 f   sfc_debug:sfcdebug.obj
 0001:0001d780       cv_eml_init_if             000000018001e780 f   sfc_debug:sfcdebug.obj
 0001:0001d850       cv_eml_init_for            000000018001e850 f   sfc_debug:sfcdebug.obj
 0001:0001d910       cv_eml_init_while          000000018001e910 f   sfc_debug:sfcdebug.obj
 0001:0001d9d0       cv_eml_init_mcdc           000000018001e9d0 f   sfc_debug:sfcdebug.obj
 0001:0001dae0       cv_eml_init_switch         000000018001eae0 f   sfc_debug:sfcdebug.obj
 0001:0001dbd0       cv_eml_eval                000000018001ebd0 f   sfc_debug:sfcdebug.obj
 0001:0001dcb0       sf_debug_bm_is_a_eml_breakpoint 000000018001ecb0 f   sfc_debug:sfcdebug.obj
 0001:0001de00       sf_debug_temporal_threshold 000000018001ee00 f   sfc_debug:sfcdebug.obj
 0001:0001e160       sf_debug_transition_conflict_error 000000018001f160 f   sfc_debug:sfcdebug.obj
 0001:0001e4e0       sf_debug_state_inconsistency_error 000000018001f4e0 f   sfc_debug:sfcdebug.obj
 0001:0001e600       sf_debug_check_for_state_inconsistency 000000018001f600 f   sfc_debug:sfcdebug.obj
 0001:0001e630       sf_debug_cycle_detecton_error 000000018001f630 f   sfc_debug:sfcdebug.obj
 0001:0001ee00       sf_debug_size_eq_check_1d  000000018001fe00 f   sfc_debug:sfcdebug.obj
 0001:0001ee20       sf_debug_size_eq_check_nd  000000018001fe20 f   sfc_debug:sfcdebug.obj
 0001:0001f000       sf_debug_dim_size_eq_check 0000000180020000 f   sfc_debug:sfcdebug.obj
 0001:0001f030       sf_debug_dim_size_geq_check 0000000180020030 f   sfc_debug:sfcdebug.obj
 0001:0001f060       sf_debug_sub_assign_size_check_nd 0000000180020060 f   sfc_debug:sfcdebug.obj
 0001:0001f2a0       sf_debug_matrix_matrix_index_check 00000001800202a0 f   sfc_debug:sfcdebug.obj
 0001:0001f2d0       sf_debug_vector_vector_index_check 00000001800202d0 f   sfc_debug:sfcdebug.obj
 0001:0001f300       sf_debug_for_loop_vector_check 0000000180020300 f   sfc_debug:sfcdebug.obj
 0001:0001f390       sf_debug_runtime_error_msgid 0000000180020390 f   sfc_debug:sfcdebug.obj
 0001:0001f420       sf_debug_data_array_bounds_error_check 0000000180020420 f   sfc_debug:sfcdebug.obj
 0001:0001f530       sf_debug_eml_data_array_bounds_error_check 0000000180020530 f   sfc_debug:sfcdebug.obj
 0001:0001fa10       sf_debug_integer_check     0000000180020a10 f   sfc_debug:sfcdebug.obj
 0001:0001faf0       sf_debug_not_nan_check     0000000180020af0 f   sfc_debug:sfcdebug.obj
 0001:0001fbb0       sf_debug_non_negative_check 0000000180020bb0 f   sfc_debug:sfcdebug.obj
 0001:0001fc70       sf_debug_overflow_detection 0000000180020c70 f   sfc_debug:sfcdebug.obj
 0001:00020360       sf_debug_cast_to_real32_T  0000000180021360 f   sfc_debug:sfcdebug.obj
 0001:00020420       sf_debug_cast_to_int8_T    0000000180021420 f   sfc_debug:sfcdebug.obj
 0001:000204e0       sf_debug_cast_to_uint8_T   00000001800214e0 f   sfc_debug:sfcdebug.obj
 0001:000205a0       sf_debug_cast_to_int16_T   00000001800215a0 f   sfc_debug:sfcdebug.obj
 0001:00020660       sf_debug_cast_to_uint16_T  0000000180021660 f   sfc_debug:sfcdebug.obj
 0001:00020720       sf_debug_cast_to_int32_T   0000000180021720 f   sfc_debug:sfcdebug.obj
 0001:000207e0       sf_debug_cast_to_uint32_T  00000001800217e0 f   sfc_debug:sfcdebug.obj
 0001:000208a0       sf_debug_data_range_error  00000001800218a0 f   sfc_debug:sfcdebug.obj
 0001:00020bf0       sf_debug_read_before_write_check 0000000180021bf0 f   sfc_debug:sfcdebug.obj
 0001:00021050       sf_debug_data_range_error_wrapper_min_max 0000000180022050 f   sfc_debug:sfcdebug.obj
 0001:00021140       sf_debug_data_range_error_wrapper_min 0000000180022140 f   sfc_debug:sfcdebug.obj
 0001:00021220       sf_debug_data_range_error_wrapper_max 0000000180022220 f   sfc_debug:sfcdebug.obj
 0001:00021300       sf_debug_data_range_wrapper 0000000180022300 f   sfc_debug:sfcdebug.obj
 0001:000213b0       sf_debug_set_current_status_info 00000001800223b0 f   sfc_debug:sfcdebug.obj
 0001:00021760       sf_debug_register_message_post_receive_info 0000000180022760 f   sfc_debug:sfcdebug.obj
 0001:000219d0       sf_debug_call              00000001800229d0 f   sfc_debug:sfcdebug.obj
 0001:00022630       sf_debug_initialize_machine 0000000180023630 f   sfc_debug:sfcdebug.obj
 0001:00022940       sf_debug_initialize_chart  0000000180023940 f   sfc_debug:sfcdebug.obj
 0001:00022d90       sf_debug_ensure_script     0000000180023d90 f   sfc_debug:sfcdebug.obj
 0001:00022e50       cv_script_init_script      0000000180023e50 f   sfc_debug:sfcdebug.obj
 0001:00022f40       cv_script_init_fcn         0000000180023f40 f   sfc_debug:sfcdebug.obj
 0001:00022ff0       cv_script_init_testobjective 0000000180023ff0 f   sfc_debug:sfcdebug.obj
 0001:000230a0       cv_script_init_if          00000001800240a0 f   sfc_debug:sfcdebug.obj
 0001:00023150       cv_script_init_for         0000000180024150 f   sfc_debug:sfcdebug.obj
 0001:00023200       cv_script_init_while       0000000180024200 f   sfc_debug:sfcdebug.obj
 0001:000232b0       cv_script_init_mcdc        00000001800242b0 f   sfc_debug:sfcdebug.obj
 0001:000233b0       cv_script_init_switch      00000001800243b0 f   sfc_debug:sfcdebug.obj
 0001:00023490       cv_script_eval             0000000180024490 f   sfc_debug:sfcdebug.obj
 0001:00023570       eml_debug_line_call        0000000180024570 f   sfc_debug:sfcdebug.obj
 0001:00023720       sf_debug_terminate         0000000180024720 f   sfc_debug:sfcdebug.obj
 0001:00023890       sf_debug_set_script_cv_ids 0000000180024890 f   sfc_debug:sfcdebug.obj
 0001:000239c0       sf_debug_api               00000001800249c0 f   sfc_debug:sfc_api.obj
 0001:00025070       sf_debug_sm_terminate      0000000180026070 f   sfc_debug:sfdb_animation.obj
 0001:00025230       sf_debug_reset_path_objects 0000000180026230 f   sfc_debug:sfdb_animation.obj
 0001:000252b0       sf_debug_sm_reset_object_selection_status 00000001800262b0 f   sfc_debug:sfdb_animation.obj
 0001:00025350       sf_debug_sm_reset_state_buffer 0000000180026350 f   sfc_debug:sfdb_animation.obj
 0001:00025420       sf_debug_sm_store_state_buffer 0000000180026420 f   sfc_debug:sfdb_animation.obj
 0001:000254a0       sf_debug_sm_restore_state_buffer1 00000001800264a0 f   sfc_debug:sfdb_animation.obj
 0001:00025510       sf_debug_sm_restore_state_buffer2 0000000180026510 f   sfc_debug:sfdb_animation.obj
 0001:00025580       sf_debug_sm_chart_active   0000000180026580 f   sfc_debug:sfdb_animation.obj
 0001:000255d0       sf_debug_sm_select_active_objects 00000001800265d0 f   sfc_debug:sfdb_animation.obj
 0001:00025ac0       sf_debug_sm_is_chart_active 0000000180026ac0 f   sfc_debug:sfdb_animation.obj
 0001:00025b00       sf_debug_sm_is_state_active 0000000180026b00 f   sfc_debug:sfdb_animation.obj
 0001:00025d40       sf_debug_sm_get_active_states 0000000180026d40 f   sfc_debug:sfdb_animation.obj
 0001:00026300       sf_debug_sm_initialize_instance 0000000180027300 f   sfc_debug:sfdb_animation.obj
 0001:00026520       sf_debug_sm_change_object_selection_status 0000000180027520 f   sfc_debug:sfdb_animation.obj
 0001:00026830       cv_create_interface        0000000180027830 f   sfc_debug:cv_sfinterface.obj
 0001:00026b90       cv_init_trans              0000000180027b90 f   sfc_debug:cv_sfinterface.obj
 0001:00026be0       cv_init_testobjective      0000000180027be0 f   sfc_debug:cv_sfinterface.obj
 0001:00026c20       cv_init_state              0000000180027c20 f   sfc_debug:cv_sfinterface.obj
 0001:00026c90       cv_init_chart              0000000180027c90 f   sfc_debug:cv_sfinterface.obj
 0001:00026ce0       cv_dec_update_call         0000000180027ce0 f   sfc_debug:cv_sfinterface.obj
 0001:00026d20       cv_cond_update_call        0000000180027d20 f   sfc_debug:cv_sfinterface.obj
 0001:00026d60       cv_testobjective_update_call 0000000180027d60 f   sfc_debug:cv_sfinterface.obj
 0001:00026da0       cv_sigrange_update         0000000180027da0 f   sfc_debug:cv_sfinterface.obj
 0001:00026de0       cvsf_eml_eval              0000000180027de0 f   sfc_debug:cv_sfinterface.obj
 0001:00026ed0       cvsf_eml_init_script       0000000180027ed0 f   sfc_debug:cv_sfinterface.obj
 0001:00026f60       cvsf_eml_init_fcn          0000000180027f60 f   sfc_debug:cv_sfinterface.obj
 0001:00026fc0       cvsf_eml_init_testobjective 0000000180027fc0 f   sfc_debug:cv_sfinterface.obj
 0001:00027020       cvsf_eml_init_saturation   0000000180028020 f   sfc_debug:cv_sfinterface.obj
 0001:00027070       cvsf_eml_init_if           0000000180028070 f   sfc_debug:cv_sfinterface.obj
 0001:000270d0       cvsf_eml_init_for          00000001800280d0 f   sfc_debug:cv_sfinterface.obj
 0001:00027120       cvsf_eml_init_while        0000000180028120 f   sfc_debug:cv_sfinterface.obj
 0001:00027170       cvsf_eml_init_mcdc         0000000180028170 f   sfc_debug:cv_sfinterface.obj
 0001:00027200       cvsf_eml_init_switch       0000000180028200 f   sfc_debug:cv_sfinterface.obj
 0001:00027270       cvsf_script_eval           0000000180028270 f   sfc_debug:cv_sfinterface.obj
 0001:00027360       cvsf_script_init_script    0000000180028360 f   sfc_debug:cv_sfinterface.obj
 0001:000273f0       cvsf_script_init_fcn       00000001800283f0 f   sfc_debug:cv_sfinterface.obj
 0001:00027450       cvsf_script_init_testobjective 0000000180028450 f   sfc_debug:cv_sfinterface.obj
 0001:000274b0       cvsf_script_init_saturation 00000001800284b0 f   sfc_debug:cv_sfinterface.obj
 0001:00027500       cvsf_script_init_if        0000000180028500 f   sfc_debug:cv_sfinterface.obj
 0001:00027560       cvsf_script_init_for       0000000180028560 f   sfc_debug:cv_sfinterface.obj
 0001:000275b0       cvsf_script_init_while     00000001800285b0 f   sfc_debug:cv_sfinterface.obj
 0001:00027600       cvsf_script_init_mcdc      0000000180028600 f   sfc_debug:cv_sfinterface.obj
 0001:00027690       cvsf_script_init_switch    0000000180028690 f   sfc_debug:cv_sfinterface.obj
 0001:00027700       cv_destroy_interface       0000000180028700 f   sfc_debug:cv_sfinterface.obj
 0001:00027720       cv_create_instance_objects 0000000180028720 f   sfc_debug:cv_sfinterface.obj
 0001:00027bd0       cv_is_enabled              0000000180028bd0 f   sfc_debug:cv_sfinterface.obj
 0001:00027be0       sf_debug_cv_initialize_script 0000000180028be0 f   sfc_debug:cv_sfinterface.obj
 0001:00027d90       sf_debug_cv_initialize_instance 0000000180028d90 f   sfc_debug:cv_sfinterface.obj
 0001:00028130       sf_debug_cv_terminate_chart 0000000180029130 f   sfc_debug:cv_sfinterface.obj
 0001:00028270       cv_call_trans_test         0000000180029270 f   sfc_debug:cv_sfinterface.obj
 0001:00028280       cv_call_sub_cond_test      0000000180029280 f   sfc_debug:cv_sfinterface.obj
 0001:000282c0       sf_debug_st_initialize_machine 00000001800292c0 f   sfc_debug:sfdb_data_browse.obj
 0001:00028380       sf_debug_st_initialize_instance 0000000180029380 f   sfc_debug:sfdb_data_browse.obj
 0001:000285b0       sf_debug_st_terminate      00000001800295b0 f   sfc_debug:sfdb_data_browse.obj
 0001:00028950       sf_debug_st_set_data_value_ptr_in_machine 0000000180029950 f   sfc_debug:sfdb_data_browse.obj
 0001:000289e0       sf_debug_st_set_data_value_ptr_in_instance 00000001800299e0 f   sfc_debug:sfdb_data_browse.obj
 0001:00028ac0       sf_debug_st_unset_data_value_ptr_in_machine 0000000180029ac0 f   sfc_debug:sfdb_data_browse.obj
 0001:00028b30       sf_debug_st_unset_data_value_ptr_in_instance 0000000180029b30 f   sfc_debug:sfdb_data_browse.obj
 0001:00028e40       sf_debug_mx_value          0000000180029e40 f   sfc_debug:sfdb_data_browse.obj
 0001:00028ea0       sf_debug_mx_packed_vector  0000000180029ea0 f   sfc_debug:sfdb_data_browse.obj
 0001:00028f80       sf_debug_mx_uint_vector    0000000180029f80 f   sfc_debug:sfdb_data_browse.obj
 0001:00029040       sf_debug_st_get_double_value_from_void_ptr_vector 000000018002a040 f   sfc_debug:sfdb_data_browse.obj
 0001:00029b30       sf_debug_st_browse_data    000000018002ab30 f   sfc_debug:sfdb_data_browse.obj
 0001:0002a3c0       sf_debug_hm_initialize_instance 000000018002b3c0 f   sfc_debug:sfdb_handle_management.obj
 0001:0002a8f0       sf_debug_hm_get_object_id  000000018002b8f0 f   sfc_debug:sfdb_handle_management.obj
 0001:0002b4a0       sf_debug_hm_update_chart_visibility 000000018002c4a0 f   sfc_debug:sfdb_handle_management.obj
 0001:0002c780       sf_debug_object_is_eml_function 000000018002d780 f   sfc_debug:sfdb_handle_management.obj
 0001:0002c7f0       sf_debug_hm_initialize_ids_in_machine 000000018002d7f0 f   sfc_debug:sfdb_handle_management.obj
 0001:0002c960       sf_debug_hm_initialize_ids_in_chart 000000018002d960 f   sfc_debug:sfdb_handle_management.obj
 0001:0002ca60       sf_debug_hm_initialize_chart 000000018002da60 f   sfc_debug:sfdb_handle_management.obj
 0001:0002d200       sf_debug_hm_terminate      000000018002e200 f   sfc_debug:sfdb_handle_management.obj
 0001:0002d260       sf_debug_hm_initialize_machine 000000018002e260 f   sfc_debug:sfdb_handle_management.obj
 0001:0002da10       sf_debug_ss_initialize     000000018002ea10 f   sfc_debug:sfdb_symbol_scope.obj
 0001:0002da30       sf_debug_ss_terminate      000000018002ea30 f   sfc_debug:sfdb_symbol_scope.obj
 0001:0002dac0       sf_debug_ss_push_symbol_scope 000000018002eac0 f   sfc_debug:sfdb_symbol_scope.obj
 0001:0002dbc0       sf_debug_ss_push_symbol_scope_eml 000000018002ebc0 f   sfc_debug:sfdb_symbol_scope.obj
 0001:0002dc20       sf_debug_ss_pop_symbol_scope 000000018002ec20 f   sfc_debug:sfdb_symbol_scope.obj
 0001:0002dcd0       sf_debug_ss_add_symbol     000000018002ecd0 f   sfc_debug:sfdb_symbol_scope.obj
 0001:0002de30       sf_debug_ss_add_symbol_eml 000000018002ee30 f   sfc_debug:sfdb_symbol_scope.obj
 0001:0002eb50       sf_debug_ss_set_data_value 000000018002fb50 f   sfc_debug:sfdb_symbol_scope.obj
 0001:0002f020       getInstanceNumber          0000000180030020 f   sfc_debug:sfdb_symbol_scope.obj
 0001:0002f0f0       sf_debug_ss_watch_data     00000001800300f0 f   sfc_debug:sfdb_symbol_scope.obj
 0001:0002f290       sf_debug_ss_assign_data    0000000180030290 f   sfc_debug:sfdb_symbol_scope.obj
 0001:0002fcb0       get_data_entry_name        0000000180030cb0 f   sfc_debug:sfdb_symbol_scope.obj
 0001:0002fd00       sf_debug_ss_whos           0000000180030d00 f   sfc_debug:sfdb_symbol_scope.obj
 0001:00030420       sf_debug_cc_initialize_chart 0000000180031420 f   sfc_debug:sfdb_coverage.obj
 0001:00030e10       sf_debug_cc_initialize_instance 0000000180031e10 f   sfc_debug:sfdb_coverage.obj
 0001:00031c20       sf_debug_cc_terminate      0000000180032c20 f   sfc_debug:sfdb_coverage.obj
 0001:00031d10       sf_debug_cc_set_transition_maps 0000000180032d10 f   sfc_debug:sfdb_coverage.obj
 0001:00031e40       sf_debug_cc_set_state_maps 0000000180032e40 f   sfc_debug:sfdb_coverage.obj
 0001:00031f20       sf_debug_cc_set_transition_weights 0000000180032f20 f   sfc_debug:sfdb_coverage.obj
 0001:000321f0       sf_debug_cc_set_state_weights 00000001800331f0 f   sfc_debug:sfdb_coverage.obj
 0001:000324c0       sf_debug_cc_mark_transition_guard 00000001800334c0 f   sfc_debug:sfdb_coverage.obj
 0001:00032550       sf_debug_cc_mark_transition_trigger 0000000180033550 f   sfc_debug:sfdb_coverage.obj
 0001:000325e0       sf_debug_cc_mark_transition_decision 00000001800335e0 f   sfc_debug:sfdb_coverage.obj
 0001:00032650       sf_debug_cc_mark_transition_condition_action 0000000180033650 f   sfc_debug:sfdb_coverage.obj
 0001:000326a0       sf_debug_cc_mark_transition_transition_action 00000001800336a0 f   sfc_debug:sfdb_coverage.obj
 0001:000326f0       sf_debug_cc_mark_state_entry 00000001800336f0 f   sfc_debug:sfdb_coverage.obj
 0001:00032740       sf_debug_cc_mark_state_during 0000000180033740 f   sfc_debug:sfdb_coverage.obj
 0001:00032790       sf_debug_cc_mark_state_exit 0000000180033790 f   sfc_debug:sfdb_coverage.obj
 0001:000327e0       sf_debug_bm_clear_script_breakpoints 00000001800337e0 f   sfc_debug:sfdb_breakpoints.obj
 0001:00032810       sf_debug_bm_set_script_breakpoint 0000000180033810 f   sfc_debug:sfdb_breakpoints.obj
 0001:00032890       sf_debug_bm_clear_single_script_breakpoint 0000000180033890 f   sfc_debug:sfdb_breakpoints.obj
 0001:00032910       sf_debug_bm_query_script_breakpoint 0000000180033910 f   sfc_debug:sfdb_breakpoints.obj
 0001:00032960       sf_debug_bm_initialize_scripts 0000000180033960 f   sfc_debug:sfdb_breakpoints.obj
 0001:00033080       sf_debug_bm_terminate      0000000180034080 f   sfc_debug:sfdb_breakpoints.obj
 0001:00033370       sf_debug_bm_remove_all_breakpoints_in_machine 0000000180034370 f   sfc_debug:sfdb_breakpoints.obj
 0001:000333e0       sf_debug_bm_remove_all_breakpoints_in_chart 00000001800343e0 f   sfc_debug:sfdb_breakpoints.obj
 0001:00033530       sf_debug_bm_initialize_global_breakpoints 0000000180034530 f   sfc_debug:sfdb_breakpoints.obj
 0001:000336b0       sf_debug_bm_set_breakpoint 00000001800346b0 f   sfc_debug:sfdb_breakpoints.obj
 0001:00033cb0       sf_debug_bm_set_eml_breakpoint 0000000180034cb0 f   sfc_debug:sfdb_breakpoints.obj
 0001:00033d50       sf_debug_bm_initialize_machine_breakpoint_map 0000000180034d50 f   sfc_debug:sfdb_breakpoints.obj
 0001:00034170       sf_debug_bm_is_a_breakpoint 0000000180035170 f   sfc_debug:sfdb_breakpoints.obj
 0001:00034750       sf_debug_bm_get_all_breakpoints_in_machine 0000000180035750 f   sfc_debug:sfdb_breakpoints.obj
 0001:00034a50       sf_debug_bm_get_all_breakpoints_in_chart 0000000180035a50 f   sfc_debug:sfdb_breakpoints.obj
 0001:00035710       sf_debug_bm_initialize_machine 0000000180036710 f   sfc_debug:sfdb_breakpoints.obj
 0001:000357e0       sf_debug_bm_initialize_chart 00000001800367e0 f   sfc_debug:sfdb_breakpoints.obj
 0001:00035c00       sf_debug_sc_terminate      0000000180036c00 f   sfc_debug:sfdb_state_consistency.obj
 0001:00035f30       sf_debug_sc_is_chart_consistent 0000000180036f30 f   sfc_debug:sfdb_state_consistency.obj
 0001:000361e0       sf_debug_sc_get_consistency_error_info 00000001800371e0 f   sfc_debug:sfdb_state_consistency.obj
 0001:00036630       sf_debug_tm_terminate      0000000180037630 f   sfc_debug:sfdb_call_stack.obj
 0001:000366f0       sf_debug_tm_push_chart_instance 00000001800376f0 f   sfc_debug:sfdb_call_stack.obj
 0001:00036840       sf_debug_tm_pop_chart_instance 0000000180037840 f   sfc_debug:sfdb_call_stack.obj
 0001:000368a0       sf_debug_tm_push_trace_node 00000001800378a0 f   sfc_debug:sfdb_call_stack.obj
 0001:00036a30       sf_debug_tm_pop_trace_node 0000000180037a30 f   sfc_debug:sfdb_call_stack.obj
 0001:00036ab0       sf_debug_tm_get_current_global_trace_index 0000000180037ab0 f   sfc_debug:sfdb_call_stack.obj
 0001:00036ac0       sf_debug_tm_get_current_local_trace_index 0000000180037ac0 f   sfc_debug:sfdb_call_stack.obj
 0001:00036af0       sf_debug_tm_set_cycle_detected_flag 0000000180037af0 f   sfc_debug:sfdb_call_stack.obj
 0001:00036b30       sf_debug_tm_set_cycle_started_flag 0000000180037b30 f   sfc_debug:sfdb_call_stack.obj
 0001:00036b70       sf_debug_tm_get_chart_number_from_stack 0000000180037b70 f   sfc_debug:sfdb_call_stack.obj
 0001:00036d70       sf_debug_tm_browse_trace   0000000180037d70 f   sfc_debug:sfdb_call_stack.obj
 0001:000370b0       sf_debug_cd_initialize_instance 00000001800380b0 f   sfc_debug:sfdb_cycle_detection.obj
 0001:00037360       sf_debug_cd_mark_processed_transition_in_instance 0000000180038360 f   sfc_debug:sfdb_cycle_detection.obj
 0001:00037400       sf_debug_cd_checksum_push  0000000180038400 f   sfc_debug:sfdb_cycle_detection.obj
 0001:000376c0       sf_debug_cd_checksum_pop   00000001800386c0 f   sfc_debug:sfdb_cycle_detection.obj
 0001:00037730       sf_debug_cd_turn_off_cycle_detection 0000000180038730 f   sfc_debug:sfdb_cycle_detection.obj
 0001:00037780       sf_debug_cd_terminate      0000000180038780 f   sfc_debug:sfdb_cycle_detection.obj
 0001:000379c0       md5_initialize_state       00000001800389c0 f   sfc_debug:ckmd5.obj
 0001:00038430       md5_update_state           0000000180039430 f   sfc_debug:ckmd5.obj
 0001:00038450       md5_get_hash               0000000180039450 f   sfc_debug:ckmd5.obj
 0001:00038480       md5_get_hash_for_a_single_string 0000000180039480 f   sfc_debug:ckmd5.obj
 0001:000384e4       mxGetPr                    00000001800394e4 f   libmx:libmx.dll
 0001:000384ea       mxCreateDoubleScalar       00000001800394ea f   libmx:libmx.dll
 0001:000384f0       mxCreateDoubleMatrix_730   00000001800394f0 f   libmx:libmx.dll
 0001:000384f6       mxSetField_730             00000001800394f6 f   libmx:libmx.dll
 0001:000384fc       mxCreateString             00000001800394fc f   libmx:libmx.dll
 0001:00038502       mxCreateStructMatrix_730   0000000180039502 f   libmx:libmx.dll
 0001:00038508       mxDestroyArray             0000000180039508 f   libmx:libmx.dll
 0001:0003850e       mxDuplicateArray           000000018003950e f   libmx:libmx.dll
 0001:00038514       mxGetString_730            0000000180039514 f   libmx:libmx.dll
 0001:0003851a       mxIsChar                   000000018003951a f   libmx:libmx.dll
 0001:00038520       mxGetClassID               0000000180039520 f   libmx:libmx.dll
 0001:00038526       mxIsNumeric                0000000180039526 f   libmx:libmx.dll
 0001:0003852c       mxIsComplex                000000018003952c f   libmx:libmx.dll
 0001:00038532       mxGetN                     0000000180039532 f   libmx:libmx.dll
 0001:00038538       mxGetM                     0000000180039538 f   libmx:libmx.dll
 0001:0003853e       mxCalloc                   000000018003953e f   libmx:libmx.dll
 0001:00038544       mxGetScalar                0000000180039544 f   libmx:libmx.dll
 0001:0003854a       mxIsLogical                000000018003954a f   libmx:libmx.dll
 0001:00038550       mxCreateDoubleMatrix_700   0000000180039550 f   libmx:libmx.dll
 0001:00038556       mxFree                     0000000180039556 f   libmx:libmx.dll
 0001:0003855c       mxArrayToString            000000018003955c f   libmx:libmx.dll
 0001:00038562       mxCreateCellMatrix_700     0000000180039562 f   libmx:libmx.dll
 0001:00038568       mxSetCell_700              0000000180039568 f   libmx:libmx.dll
 0001:0003856e       mxGetCell_700              000000018003956e f   libmx:libmx.dll
 0001:00038574       mxGetClassName             0000000180039574 f   libmx:libmx.dll
 0001:0003857a       mxSetField_700             000000018003957a f   libmx:libmx.dll
 0001:00038580       mxAddField                 0000000180039580 f   libmx:libmx.dll
 0001:00038586       mxGetField_700             0000000180039586 f   libmx:libmx.dll
 0001:0003858c       mxGetNumberOfElements      000000018003958c f   libmx:libmx.dll
 0001:00038592       mxIsStruct                 0000000180039592 f   libmx:libmx.dll
 0001:00038598       mxIsA                      0000000180039598 f   libmx:libmx.dll
 0001:0003859e       mxIsClass                  000000018003959e f   libmx:libmx.dll
 0001:000385a4       mxGetLogicals              00000001800395a4 f   libmx:libmx.dll
 0001:000385aa       mxIsSparse                 00000001800395aa f   libmx:libmx.dll
 0001:000385b0       mxSetFieldByNumber_700     00000001800395b0 f   libmx:libmx.dll
 0001:000385b6       mxGetFieldByNumber_700     00000001800395b6 f   libmx:libmx.dll
 0001:000385bc       mxGetFieldNameByNumber     00000001800395bc f   libmx:libmx.dll
 0001:000385c2       mxGetNumberOfFields        00000001800395c2 f   libmx:libmx.dll
 0001:000385c8       mxCreateStructMatrix_700   00000001800395c8 f   libmx:libmx.dll
 0001:000385ce       mxGetFieldNumber           00000001800395ce f   libmx:libmx.dll
 0001:000385d4       mxIsNaN                    00000001800395d4 f   libmx:libmx.dll
 0001:000385da       mxIsEmpty                  00000001800395da f   libmx:libmx.dll
 0001:000385e0       mxGetData                  00000001800395e0 f   libmx:libmx.dll
 0001:000385e6       mxGetImagData              00000001800395e6 f   libmx:libmx.dll
 0001:000385ec       mxArrayClassIDName         00000001800395ec f   libmx:libmx.dll
 0001:000385f2       mxCreateNumericMatrix_700  00000001800395f2 f   libmx:libmx.dll
 0001:000385f8       mxCreateStructArray_700    00000001800395f8 f   libmx:libmx.dll
 0001:000385fe       mxCalcSingleSubscript_700  00000001800395fe f   libmx:libmx.dll
 0001:00038604       mxGetDimensions_700        0000000180039604 f   libmx:libmx.dll
 0001:0003860a       mxGetNumberOfDimensions_700 000000018003960a f   libmx:libmx.dll
 0001:00038610       mxCreateNumericArray_700   0000000180039610 f   libmx:libmx.dll
 0001:00038616       mxGetElementSize           0000000180039616 f   libmx:libmx.dll
 0001:0003861c       mxCreateStringFromNChars_700 000000018003961c f   libmx:libmx.dll
 0001:00038622       mxGetString_700            0000000180039622 f   libmx:libmx.dll
 0001:00038628       mxIsLogicalScalarTrue      0000000180039628 f   libmx:libmx.dll
 0001:0003862e       mxCreateLogicalScalar      000000018003962e f   libmx:libmx.dll
 0001:00038634       mexUnlock                  0000000180039634 f   libmex:libmex.dll
 0001:0003863a       mexIsLocked                000000018003963a f   libmex:libmex.dll
 0001:00038640       mexWarnMsgTxt              0000000180039640 f   libmex:libmex.dll
 0001:00038646       mexCallMATLAB              0000000180039646 f   libmex:libmex.dll
 0001:0003864c       mexErrMsgTxt               000000018003964c f   libmex:libmex.dll
 0001:00038652       mexMakeArrayPersistent     0000000180039652 f   libmex:libmex.dll
 0001:00038658       mexSetTrapFlag             0000000180039658 f   libmex:libmex.dll
 0001:0003865e       mexPutVariable             000000018003965e f   libmex:libmex.dll
 0001:00038664       mexGetVariable             0000000180039664 f   libmex:libmex.dll
 0001:0003866a       mexLock                    000000018003966a f   libmex:libmex.dll
 0001:00038670       mexMakeMemoryPersistent    0000000180039670 f   libmex:libmex.dll
 0001:00038676       mexFunctionName            0000000180039676 f   libmex:libmex.dll
 0001:0003867c       ssRegisterDataTypeFxpFSlopeFixExpBias 000000018003967c f   libfixedpoint:libfixedpoint.dll
 0001:00038682       utVSNprintf                0000000180039682 f   libut:libut.dll
 0001:00038688       utCPUtime                  0000000180039688 f   libut:libut.dll
 0001:0003868e       utFree                     000000018003968e f   libut:libut.dll
 0001:00038694       utMalloc                   0000000180039694 f   libut:libut.dll
 0001:0003869a       muDoubleScalarSign         000000018003969a f   libmwmathutil:libmwmathutil.dll
 0001:000386a0       muDoubleScalarSin          00000001800396a0 f   libmwmathutil:libmwmathutil.dll
 0001:000386a6       muDoubleScalarCos          00000001800396a6 f   libmwmathutil:libmwmathutil.dll
 0001:000386ac       muDoubleScalarPower        00000001800396ac f   libmwmathutil:libmwmathutil.dll
 0001:000386b2       emlrtCreateRootTLS         00000001800396b2 f   libemlrt:libemlrt.dll
 0001:000386b8       emlrtDestroyRootTLS        00000001800396b8 f   libemlrt:libemlrt.dll
 0001:000386be       emlrtCheckBuiltInR2012b    00000001800396be f   libemlrt:libemlrt.dll
 0001:000386c4       emlrtCheckVsBuiltInR2012b  00000001800396c4 f   libemlrt:libemlrt.dll
 0001:000386ca       emlrtCheckEnumR2012b       00000001800396ca f   libemlrt:libemlrt.dll
 0001:000386d0       emlrtCreateEnumR2012b      00000001800396d0 f   libemlrt:libemlrt.dll
 0001:000386d6       emlrtGetEnumElementR2009a  00000001800396d6 f   libemlrt:libemlrt.dll
 0001:000386dc       emlrtCreateReference       00000001800396dc f   libemlrt:libemlrt.dll
 0001:000386e2       emlrtImportVsFiArrayR2009b 00000001800396e2 f   libemlrt:libemlrt.dll
 0001:000386e8       emlrtNameCapturePostProcessR2012a 00000001800396e8 f   libemlrt:libemlrt.dll
 0001:000386ee       emlrtExtractMessageId      00000001800396ee f   libemlrt:libemlrt.dll
 0001:000386f4       emlrtTranslateMessageIDtoLCPstring 00000001800396f4 f   libemlrt:libemlrt.dll
 0001:000386fa       emlrtForLoopVectorIsValidR2011b 00000001800396fa f   libemlrt:libemlrt.dll
 0001:00038700       emlrtTranslateUTF16MessagetoLCPstring 0000000180039700 f   libemlrt:libemlrt.dll
 0001:00038706       emlrtGetEnumUnderlyingArrayR2009a 0000000180039706 f   libemlrt:libemlrt.dll
 0001:0003870c       emlrtIsEnumR2009a          000000018003970c f   libemlrt:libemlrt.dll
 0001:00038714       __GSHandlerCheckCommon     0000000180039714 f   MSVCRT:gshandler.obj
 0001:00038778       __GSHandlerCheck           0000000180039778 f   MSVCRT:gshandler.obj
 0001:00038796       strlen                     0000000180039796 f   MSVCRT:MSVCR100.dll
 0001:000387b0       __security_check_cookie    00000001800397b0 f   MSVCRT:amdsecgs.obj
 0001:000387d0       memset                     00000001800397d0 f   MSVCRT:MSVCR100.dll
 0001:000387d6       malloc                     00000001800397d6 f   MSVCRT:MSVCR100.dll
 0001:000387dc       free                       00000001800397dc f   MSVCRT:MSVCR100.dll
 0001:000387e2       strcmp                     00000001800397e2 f   MSVCRT:MSVCR100.dll
 0001:000387e8       sprintf                    00000001800397e8 f   MSVCRT:MSVCR100.dll
 0001:000387ee       strcat                     00000001800397ee f   MSVCRT:MSVCR100.dll
 0001:000387f4       memcpy                     00000001800397f4 f   MSVCRT:MSVCR100.dll
 0001:000387fc       NtCurrentTeb               00000001800397fc f i MSVCRT:crtdll.obj
 0001:00038868       _CRT_INIT                  0000000180039868 f   MSVCRT:crtdll.obj
 0001:00038c00       _DllMainCRTStartup         0000000180039c00 f   MSVCRT:crtdll.obj
 0001:00038c3e       strncpy                    0000000180039c3e f   MSVCRT:MSVCR100.dll
 0001:00038c60       _alloca_probe              0000000180039c60     MSVCRT:chkstk.obj
 0001:00038c60       __chkstk                   0000000180039c60 f   MSVCRT:chkstk.obj
 0001:00038cae       longjmp                    0000000180039cae f   MSVCRT:MSVCR100.dll
 0001:00038cb4       strncmp                    0000000180039cb4 f   MSVCRT:MSVCR100.dll
 0001:00038cba       ceil                       0000000180039cba f   MSVCRT:MSVCR100.dll
 0001:00038cc0       strrchr                    0000000180039cc0 f   MSVCRT:MSVCR100.dll
 0001:00038cc6       _setjmp                    0000000180039cc6 f   MSVCRT:MSVCR100.dll
 0001:00038ccc       calloc                     0000000180039ccc f   MSVCRT:MSVCR100.dll
 0001:00038cd2       realloc                    0000000180039cd2 f   MSVCRT:MSVCR100.dll
 0001:00038cd8       ldexp                      0000000180039cd8 f   MSVCRT:MSVCR100.dll
 0001:00038ce0       __report_gsfailure         0000000180039ce0 f   MSVCRT:gs_report.obj
 0001:00038e2c       __clean_type_info_names    0000000180039e2c f   MSVCRT:tncleanup.obj
 0001:00038e38       _onexit                    0000000180039e38 f   MSVCRT:atonexit.obj
 0001:00038ee8       atexit                     0000000180039ee8 f   MSVCRT:atonexit.obj
 0001:00038f00       _RTC_Initialize            0000000180039f00 f   MSVCRT:_initsect_.obj
 0001:00038f38       _RTC_Terminate             0000000180039f38 f   MSVCRT:_initsect_.obj
 0001:00038f70       _malloc_crt                0000000180039f70 f   MSVCRT:MSVCR100.dll
 0001:00038f80       _ValidateImageBase         0000000180039f80 f   MSVCRT:pesect.obj
 0001:00038fb0       _FindPESection             0000000180039fb0 f   MSVCRT:pesect.obj
 0001:00039000       _IsNonwritableInCurrentImage 000000018003a000 f   MSVCRT:pesect.obj
 0001:00039042       _initterm                  000000018003a042 f   MSVCRT:MSVCR100.dll
 0001:00039048       _initterm_e                000000018003a048 f   MSVCRT:MSVCR100.dll
 0001:0003904e       _encoded_null              000000018003a04e f   MSVCRT:MSVCR100.dll
 0001:00039054       _amsg_exit                 000000018003a054 f   MSVCRT:MSVCR100.dll
 0001:0003905a       __C_specific_handler       000000018003a05a f   MSVCRT:MSVCR100.dll
 0001:00039060       __CppXcptFilter            000000018003a060 f   MSVCRT:MSVCR100.dll
 0001:00039068       DllMain                    000000018003a068 f   MSVCRT:dllmain.obj
 0001:0003908c       __security_init_cookie     000000018003a08c f   MSVCRT:gs_support.obj
 0001:00039140       __crt_debugger_hook        000000018003a140 f   MSVCRT:MSVCR100.dll
 0001:00039146       __clean_type_info_names_internal 000000018003a146 f   MSVCRT:MSVCR100.dll
 0001:0003914c       _unlock                    000000018003a14c f   MSVCRT:MSVCR100.dll
 0001:00039152       __dllonexit                000000018003a152 f   MSVCRT:MSVCR100.dll
 0001:00039158       _lock                      000000018003a158 f   MSVCRT:MSVCR100.dll
 0001:0003915e       EncodePointer              000000018003a15e f   kernel32:KERNEL32.dll
 0001:00039164       DecodePointer              000000018003a164 f   kernel32:KERNEL32.dll
 0001:0003916a       Sleep                      000000018003a16a f   kernel32:KERNEL32.dll
 0001:00039170       TerminateProcess           000000018003a170 f   kernel32:KERNEL32.dll
 0001:00039176       GetCurrentProcess          000000018003a176 f   kernel32:KERNEL32.dll
 0001:0003917c       UnhandledExceptionFilter   000000018003a17c f   kernel32:KERNEL32.dll
 0001:00039182       SetUnhandledExceptionFilter 000000018003a182 f   kernel32:KERNEL32.dll
 0001:00039188       IsDebuggerPresent          000000018003a188 f   kernel32:KERNEL32.dll
 0001:0003918e       RtlVirtualUnwind           000000018003a18e f   kernel32:KERNEL32.dll
 0001:00039194       RtlLookupFunctionEntry     000000018003a194 f   kernel32:KERNEL32.dll
 0001:0003919a       RtlCaptureContext          000000018003a19a f   kernel32:KERNEL32.dll
 0001:000391a0       DisableThreadLibraryCalls  000000018003a1a0 f   kernel32:KERNEL32.dll
 0001:000391a6       QueryPerformanceCounter    000000018003a1a6 f   kernel32:KERNEL32.dll
 0001:000391ac       GetTickCount               000000018003a1ac f   kernel32:KERNEL32.dll
 0001:000391b2       GetCurrentThreadId         000000018003a1b2 f   kernel32:KERNEL32.dll
 0001:000391b8       GetCurrentProcessId        000000018003a1b8 f   kernel32:KERNEL32.dll
 0001:000391be       GetSystemTimeAsFileTime    000000018003a1be f   kernel32:KERNEL32.dll
 0002:00000000       __imp_DisableThreadLibraryCalls 000000018003b000     kernel32:KERNEL32.dll
 0002:00000008       __imp_RtlCaptureContext    000000018003b008     kernel32:KERNEL32.dll
 0002:00000010       __imp_RtlLookupFunctionEntry 000000018003b010     kernel32:KERNEL32.dll
 0002:00000018       __imp_RtlVirtualUnwind     000000018003b018     kernel32:KERNEL32.dll
 0002:00000020       __imp_IsDebuggerPresent    000000018003b020     kernel32:KERNEL32.dll
 0002:00000028       __imp_SetUnhandledExceptionFilter 000000018003b028     kernel32:KERNEL32.dll
 0002:00000030       __imp_UnhandledExceptionFilter 000000018003b030     kernel32:KERNEL32.dll
 0002:00000038       __imp_GetCurrentProcess    000000018003b038     kernel32:KERNEL32.dll
 0002:00000040       __imp_TerminateProcess     000000018003b040     kernel32:KERNEL32.dll
 0002:00000048       __imp_Sleep                000000018003b048     kernel32:KERNEL32.dll
 0002:00000050       __imp_DecodePointer        000000018003b050     kernel32:KERNEL32.dll
 0002:00000058       __imp_EncodePointer        000000018003b058     kernel32:KERNEL32.dll
 0002:00000060       __imp_GetTickCount         000000018003b060     kernel32:KERNEL32.dll
 0002:00000068       __imp_GetCurrentThreadId   000000018003b068     kernel32:KERNEL32.dll
 0002:00000070       __imp_GetCurrentProcessId  000000018003b070     kernel32:KERNEL32.dll
 0002:00000078       __imp_GetSystemTimeAsFileTime 000000018003b078     kernel32:KERNEL32.dll
 0002:00000080       __imp_QueryPerformanceCounter 000000018003b080     kernel32:KERNEL32.dll
 0002:00000088       \177KERNEL32_NULL_THUNK_DATA 000000018003b088     kernel32:KERNEL32.dll
 0002:00000090       __imp_realloc              000000018003b090     MSVCRT:MSVCR100.dll
 0002:00000098       __imp__onexit              000000018003b098     MSVCRT:MSVCR100.dll
 0002:000000a0       __imp__lock                000000018003b0a0     MSVCRT:MSVCR100.dll
 0002:000000a8       __imp___dllonexit          000000018003b0a8     MSVCRT:MSVCR100.dll
 0002:000000b0       __imp__unlock              000000018003b0b0     MSVCRT:MSVCR100.dll
 0002:000000b8       __imp___clean_type_info_names_internal 000000018003b0b8     MSVCRT:MSVCR100.dll
 0002:000000c0       __imp___crt_debugger_hook  000000018003b0c0     MSVCRT:MSVCR100.dll
 0002:000000c8       __imp___CppXcptFilter      000000018003b0c8     MSVCRT:MSVCR100.dll
 0002:000000d0       __imp___C_specific_handler 000000018003b0d0     MSVCRT:MSVCR100.dll
 0002:000000d8       __imp__amsg_exit           000000018003b0d8     MSVCRT:MSVCR100.dll
 0002:000000e0       __imp__encoded_null        000000018003b0e0     MSVCRT:MSVCR100.dll
 0002:000000e8       __imp__initterm_e          000000018003b0e8     MSVCRT:MSVCR100.dll
 0002:000000f0       __imp__initterm            000000018003b0f0     MSVCRT:MSVCR100.dll
 0002:000000f8       __imp__malloc_crt          000000018003b0f8     MSVCRT:MSVCR100.dll
 0002:00000100       __imp_ldexp                000000018003b100     MSVCRT:MSVCR100.dll
 0002:00000108       __imp_strlen               000000018003b108     MSVCRT:MSVCR100.dll
 0002:00000110       __imp_calloc               000000018003b110     MSVCRT:MSVCR100.dll
 0002:00000118       __imp__setjmp              000000018003b118     MSVCRT:MSVCR100.dll
 0002:00000120       __imp_strrchr              000000018003b120     MSVCRT:MSVCR100.dll
 0002:00000128       __imp_ceil                 000000018003b128     MSVCRT:MSVCR100.dll
 0002:00000130       __imp_strncmp              000000018003b130     MSVCRT:MSVCR100.dll
 0002:00000138       __imp_longjmp              000000018003b138     MSVCRT:MSVCR100.dll
 0002:00000140       __imp_strncpy              000000018003b140     MSVCRT:MSVCR100.dll
 0002:00000148       __imp_memcpy               000000018003b148     MSVCRT:MSVCR100.dll
 0002:00000150       __imp_strcat               000000018003b150     MSVCRT:MSVCR100.dll
 0002:00000158       __imp_sprintf              000000018003b158     MSVCRT:MSVCR100.dll
 0002:00000160       __imp_strcmp               000000018003b160     MSVCRT:MSVCR100.dll
 0002:00000168       __imp_free                 000000018003b168     MSVCRT:MSVCR100.dll
 0002:00000170       __imp_malloc               000000018003b170     MSVCRT:MSVCR100.dll
 0002:00000178       __imp_memset               000000018003b178     MSVCRT:MSVCR100.dll
 0002:00000180       \177MSVCR100_NULL_THUNK_DATA 000000018003b180     MSVCRT:MSVCR100.dll
 0002:00000188       __imp_emlrtGetEnumUnderlyingArrayR2009a 000000018003b188     libemlrt:libemlrt.dll
 0002:00000190       __imp_emlrtIsEnumR2009a    000000018003b190     libemlrt:libemlrt.dll
 0002:00000198       __imp_emlrtCheckVsBuiltInR2012b 000000018003b198     libemlrt:libemlrt.dll
 0002:000001a0       __imp_emlrtTranslateUTF16MessagetoLCPstring 000000018003b1a0     libemlrt:libemlrt.dll
 0002:000001a8       __imp_emlrtForLoopVectorIsValidR2011b 000000018003b1a8     libemlrt:libemlrt.dll
 0002:000001b0       __imp_emlrtTranslateMessageIDtoLCPstring 000000018003b1b0     libemlrt:libemlrt.dll
 0002:000001b8       __imp_emlrtExtractMessageId 000000018003b1b8     libemlrt:libemlrt.dll
 0002:000001c0       __imp_emlrtCheckBuiltInR2012b 000000018003b1c0     libemlrt:libemlrt.dll
 0002:000001c8       __imp_emlrtDestroyRootTLS  000000018003b1c8     libemlrt:libemlrt.dll
 0002:000001d0       __imp_emlrtCreateRootTLS   000000018003b1d0     libemlrt:libemlrt.dll
 0002:000001d8       __imp_emlrtCheckEnumR2012b 000000018003b1d8     libemlrt:libemlrt.dll
 0002:000001e0       __imp_emlrtCreateEnumR2012b 000000018003b1e0     libemlrt:libemlrt.dll
 0002:000001e8       __imp_emlrtGetEnumElementR2009a 000000018003b1e8     libemlrt:libemlrt.dll
 0002:000001f0       __imp_emlrtCreateReference 000000018003b1f0     libemlrt:libemlrt.dll
 0002:000001f8       __imp_emlrtImportVsFiArrayR2009b 000000018003b1f8     libemlrt:libemlrt.dll
 0002:00000200       __imp_emlrtNameCapturePostProcessR2012a 000000018003b200     libemlrt:libemlrt.dll
 0002:00000208       \177libemlrt_NULL_THUNK_DATA 000000018003b208     libemlrt:libemlrt.dll
 0002:00000210       __imp_ssRegisterDataTypeFxpFSlopeFixExpBias 000000018003b210     libfixedpoint:libfixedpoint.dll
 0002:00000218       \177libfixedpoint_NULL_THUNK_DATA 000000018003b218     libfixedpoint:libfixedpoint.dll
 0002:00000220       __imp_mexFunctionName      000000018003b220     libmex:libmex.dll
[...]
 0001:0000e880       sf_mex_check_fimath        000000018000f880 f   sfc_mex:sfc_mex.obj
 0001:0000f430       size_mismatch_error        0000000180010430 f   sfc_mex:sfc_mex.obj
 0001:0000fed0       check_array_dimensions     0000000180010ed0 f   sfc_mex:sfc_mex.obj
 0001:0000ff40       check_input_mxarray        0000000180010f40 f   sfc_mex:sfc_mex.obj
 0001:00010680       sf_numeric_value_to_double 0000000180011680 f   sfc_mex:sfc_mex.obj
 0001:000106d0       ml_generic_out_of_bounds_check 00000001800116d0 f   sfc_mex:sfc_mex.obj
 0001:000108a0       ml_get_element_value_from_array 00000001800118a0 f   sfc_mex:sfc_mex.obj
 0001:00010c40       _ml_generic_castability_check 0000000180011c40 f   sfc_mex:sfc_mex.obj
 0001:000119a0       ml_generic_castability_check 00000001800129a0 f   sfc_mex:sfc_mex.obj
 0001:00011a40       ml_check_mx_array_for_single_castability 0000000180012a40 f   sfc_mex:sfc_mex.obj
 0001:00011ae0       ml_check_mx_array_for_logical_castability 0000000180012ae0 f   sfc_mex:sfc_mex.obj
 0001:00011b80       ml_check_mx_array_for_int8_castability 0000000180012b80 f   sfc_mex:sfc_mex.obj
 0001:00011c30       ml_check_mx_array_for_uint8_castability 0000000180012c30 f   sfc_mex:sfc_mex.obj
 0001:00011c90       ml_check_mx_array_for_int16_castability 0000000180012c90 f   sfc_mex:sfc_mex.obj
 0001:00011cf0       ml_check_mx_array_for_uint16_castability 0000000180012cf0 f   sfc_mex:sfc_mex.obj
 0001:00011d50       ml_check_mx_array_for_int32_castability 0000000180012d50 f   sfc_mex:sfc_mex.obj
 0001:00011db0       ml_check_mx_array_for_uint32_castability 0000000180012db0 f   sfc_mex:sfc_mex.obj
 0001:00011e10       ml_check_mx_array_for_castability 0000000180012e10 f   sfc_mex:sfc_mex.obj
 0001:00012740       set_data_value             0000000180013740 f   sfc_mex:sfc_mex.obj
 0001:00012ab0       get_data_value             0000000180013ab0 f   sfc_mex:sfc_mex.obj
 0001:00012bc0       get_next_element_address   0000000180013bc0 f   sfc_mex:sfc_mex.obj
 0001:00012c90       sf_normalize_index         0000000180013c90 f   sfc_mex:sfc_mex.obj
 0001:00013020       ml_array_index_bound_check 0000000180014020 f   sfc_mex:sfc_mex.obj
 0001:00013b40       mx_value                   0000000180014b40 f   sfc_mex:sfc_mex.obj
 0001:00013b90       sf_create_numeric_array    0000000180014b90 f   sfc_mex:sfc_mex.obj
 0001:00013c30       sf_mex_assign_to_mx_array  0000000180014c30 f   sfc_mex:sfc_mex.obj
 0001:00013f80       assign_from_mx_array       0000000180014f80 f   sfc_mex:sfc_mex.obj
 0001:000147b0       sf_mex_import_v            00000001800157b0 f   sfc_mex:sfc_mex.obj
 0001:00014eb0       get_machine_and_chart_file_number 0000000180015eb0 f   sfc_mex:sfc_sf.obj
 0001:00014fa0       get_sfun_block_specialization 0000000180015fa0 f   sfc_mex:sfc_sf.obj
 0001:00015050       call_sf_machine_global_method_dispatcher 0000000180016050 f   sfc_mex:sfc_sf.obj
 0001:000152a0       mdl_zeroCrossings_processing 00000001800162a0 f   sfc_mex:sfc_sf.obj
 0001:00015370       mdl_derivatives_processing 0000000180016370 f   sfc_mex:sfc_sf.obj
 0001:00015630       mdl_outputs_continuous_legacy 0000000180016630 f   sfc_mex:sfc_sf.obj
 0001:000156b0       mdl_outputs_processing     00000001800166b0 f   sfc_mex:sfc_sf.obj
 0001:00015920       mdl_enable_processing      0000000180016920 f   sfc_mex:sfc_sf.obj
 0001:000159f0       mdl_disable_processing     00000001800169f0 f   sfc_mex:sfc_sf.obj
 0001:00016760       sf_call_output_fcn_enable_disable 0000000180017760 f   sfc_mex:sfc_sf.obj
 0001:000169e0       set_dwork_information_from_mx_array 00000001800179e0 f   sfc_mex:sfc_sf.obj
 0001:000172a0       ptr2mxStruct               00000001800182a0 f   sfc_mex:sfc_sf.obj
 0001:000175b0       SNPRINTF_WRAPPER           00000001800185b0 f   sfc_debug:sfcdebug.obj
 0001:000175d0       sf_debug_chart_instance_initialized_quick 00000001800185d0 f   sfc_debug:sfcdebug.obj
 0001:000175e0       sf_debug_chart_instance_initialized 00000001800185e0 f   sfc_debug:sfcdebug.obj
 0001:00017780       sfrtAddSize                0000000180018780 f   sfc_debug:sfcdebug.obj
 0001:00017840       sfrtGenSizeString          0000000180018840 f   sfc_debug:sfcdebug.obj
 0001:00017f50       fill_single_message_info   0000000180018f50 f   sfc_debug:sfcdebug.obj
 0001:00018110       sf_debug_sim_status_listener 0000000180019110 f   sfc_debug:sfcdebug.obj
 0001:00018680       sf_debug_form_mask_bits    0000000180019680 f   sfc_debug:sfcdebug.obj
 0001:000186c0       sf_debug_form_sf_data_type_offsets 00000001800196c0 f   sfc_debug:sfcdebug.obj
 0001:00018780       sf_debug_free_all          0000000180019780 f   sfc_debug:sfcdebug.obj
 0001:00018930       sf_debug_append_debugger_context 0000000180019930 f   sfc_debug:sfcdebug.obj
 0001:00018ad0       sf_debug_update_always_honor_breakpoints 0000000180019ad0 f   sfc_debug:sfcdebug.obj
 0001:00018ca0       local_strdup               0000000180019ca0 f   sfc_debug:sfcdebug.obj
 0001:00019b80       sf_debug_em_terminate      000000018001ab80 f   sfc_debug:sfcdebug.obj
 0001:00019bc0       sf_debug_push_eml_function 000000018001abc0 f   sfc_debug:sfcdebug.obj
 0001:00019c60       sf_debug_pop_eml_function  000000018001ac60 f   sfc_debug:sfcdebug.obj
 0001:0001a960       sf_debug_get_machine_number_from_id_or_name 000000018001b960 f   sfc_debug:sfcdebug.obj
 0001:0001aab0       sf_debug_get_chart_number_from_id 000000018001bab0 f   sfc_debug:sfcdebug.obj
 0001:0001b850       sf_debug_transfer_control_to_debugger_GUI 000000018001c850 f   sfc_debug:sfcdebug.obj
 0001:0001c7e0       sf_debug_scripts_rehash    000000018001d7e0 f   sfc_debug:sfcdebug.obj
 0001:0001ca20       sf_debug_get_script_line_count 000000018001da20 f   sfc_debug:sfcdebug.obj
 0001:0001d350       cv_eml_state_cvId          000000018001e350 f   sfc_debug:sfcdebug.obj
 0001:0001d3c0       cv_eml_trans_cvId          000000018001e3c0 f   sfc_debug:sfcdebug.obj
 0001:0001e750       sf_debug_data_array_bounds_error 000000018001f750 f   sfc_debug:sfcdebug.obj
 0001:0001eb80       eml_debug_runtime_error_doclink 000000018001fb80 f   sfc_debug:sfcdebug.obj
 0001:0001ece0       sf_debug_runtime_error     000000018001fce0 f   sfc_debug:sfcdebug.obj
 0001:0001ed50       sf_debug_matlab_error      000000018001fd50 f   sfc_debug:sfcdebug.obj
 0001:0001f690       sf_debug_data_value_error  0000000180020690 f   sfc_debug:sfcdebug.obj
 0001:0001ff90       sf_debug_data_loss_error   0000000180020f90 f   sfc_debug:sfcdebug.obj
 0001:00020f20       call_cv_range_check        0000000180021f20 f   sfc_debug:sfcdebug.obj
 0001:000216f0       sf_debug_invoke_cycle_detection_code 00000001800226f0 f   sfc_debug:sfcdebug.obj
 0001:00022570       sf_reset_debug_info_struct 0000000180023570 f   sfc_debug:sfcdebug.obj
 0001:00022dd0       cv_script_cvId             0000000180023dd0 f   sfc_debug:sfcdebug.obj
 0001:00023b30       sfc_api_chart_visible      0000000180024b30 f   sfc_debug:sfc_api.obj
 0001:00023bb0       sfc_api_active_instance    0000000180024bb0 f   sfc_debug:sfc_api.obj
 0001:00023c30       sfc_api_machine_load       0000000180024c30 f   sfc_debug:sfc_api.obj
 0001:00023d00       sfc_api_debugger_alive     0000000180024d00 f   sfc_debug:sfc_api.obj
 0001:00023d10       sfc_api_go                 0000000180024d10 f   sfc_debug:sfc_api.obj
 0001:00023d20       sfc_api_step_over          0000000180024d20 f   sfc_debug:sfc_api.obj
 0001:00023d30       sfc_api_step_out           0000000180024d30 f   sfc_debug:sfc_api.obj
 0001:00023d40       sfc_api_resume             0000000180024d40 f   sfc_debug:sfc_api.obj
 0001:00023d50       sfc_api_break              0000000180024d50 f   sfc_debug:sfc_api.obj
 0001:00023d60       sfc_api_stop_debugging     0000000180024d60 f   sfc_debug:sfc_api.obj
 0001:00023db0       sfc_api_is_cycle_detected  0000000180024db0 f   sfc_debug:sfc_api.obj
 0001:00023e00       sfc_api_is_array_bounds_detected 0000000180024e00 f   sfc_debug:sfc_api.obj
 0001:00023e50       sfc_api_set_disable_all_breakpoints 0000000180024e50 f   sfc_debug:sfc_api.obj
 0001:00023ec0       sfc_api_disable_all_breakpoints_and_go 0000000180024ec0 f   sfc_debug:sfc_api.obj
 0001:00023ed0       sfc_api_close              0000000180024ed0 f   sfc_debug:sfc_api.obj
 0001:00023ee0       sfc_api_browse_data        0000000180024ee0 f   sfc_debug:sfc_api.obj
 0001:00023f50       sfc_api_watch_data         0000000180024f50 f   sfc_debug:sfc_api.obj
 0001:00024050       sfc_api_extract_message_post_receive_info 0000000180025050 f   sfc_debug:sfc_api.obj
 0001:00024070       sfc_api_assign_data        0000000180025070 f   sfc_debug:sfc_api.obj
 0001:00024110       sfc_api_whos               0000000180025110 f   sfc_debug:sfc_api.obj
 0001:000241a0       sfc_api_get_consistency_info 00000001800251a0 f   sfc_debug:sfc_api.obj
 0001:000241b0       sfc_api_browse_trace       00000001800251b0 f   sfc_debug:sfc_api.obj
 0001:000241c0       sfc_api_break_on_chart_entry 00000001800251c0 f   sfc_debug:sfc_api.obj
 0001:000241e0       sfc_api_break_on_event_broadcast 00000001800251e0 f   sfc_debug:sfc_api.obj
 0001:00024200       sfc_api_break_on_state_entry 0000000180025200 f   sfc_debug:sfc_api.obj
 0001:00024220       sfc_api_set_watch          0000000180025220 f   sfc_debug:sfc_api.obj
 0001:000242c0       sfc_api_set_breakpoints    00000001800252c0 f   sfc_debug:sfc_api.obj
 0001:00024360       sfc_api_set_eml_breakpoints 0000000180025360 f   sfc_debug:sfc_api.obj
 0001:000243e0       sfc_api_set_script_breakpoints 00000001800253e0 f   sfc_debug:sfc_api.obj
 0001:00024430       sfc_api_add_script_breakpoints 0000000180025430 f   sfc_debug:sfc_api.obj
 0001:00024480       sfc_api_clear_script_breakpoints 0000000180025480 f   sfc_debug:sfc_api.obj
 0001:000244d0       sfc_api_query_script_breakpoints 00000001800254d0 f   sfc_debug:sfc_api.obj
 0001:00024530       sfc_api_get_script_id      0000000180025530 f   sfc_debug:sfc_api.obj
 0001:000245f0       sfc_api_get_active_states  00000001800255f0 f   sfc_debug:sfc_api.obj
 0001:00024670       sfc_api_break_between_times 0000000180025670 f   sfc_debug:sfc_api.obj
 0001:000246d0       sfc_api_get_instance_handle 00000001800256d0 f   sfc_debug:sfc_api.obj
 0001:00024780       sfc_api_set_animation      0000000180025780 f   sfc_debug:sfc_api.obj
 0001:000247d0       sfc_api_select_chart       00000001800257d0 f   sfc_debug:sfc_api.obj
 0001:00024830       sfc_api_select_charts      0000000180025830 f   sfc_debug:sfc_api.obj
 0001:00024860       sfc_api_cycle_detection_check 0000000180025860 f   sfc_debug:sfc_api.obj
 0001:000248b0       sfc_api_data_range_check   00000001800258b0 f   sfc_debug:sfc_api.obj
 0001:00024900       sfc_api_transition_conflict_check 0000000180025900 f   sfc_debug:sfc_api.obj
 0001:00024950       sfc_api_state_consistency_check 0000000180025950 f   sfc_debug:sfc_api.obj
 0001:000249a0       sfc_api_set_instance_cv_ids 00000001800259a0 f   sfc_debug:sfc_api.obj
 0001:00024ab0       sfc_api_set_script_cv_ids  0000000180025ab0 f   sfc_debug:sfc_api.obj
 0001:00024b60       sfc_api_get_current_machine_id 0000000180025b60 f   sfc_debug:sfc_api.obj
 0001:00024b90       sfc_api_get_current_machine_number 0000000180025b90 f   sfc_debug:sfc_api.obj
 0001:00024bc0       sfc_api_get_current_chart_number 0000000180025bc0 f   sfc_debug:sfc_api.obj
 0001:00024bf0       sfc_api_get_current_instance_number 0000000180025bf0 f   sfc_debug:sfc_api.obj
 0001:00024c20       sfc_api_get_current_instance_handle 0000000180025c20 f   sfc_debug:sfc_api.obj
 0001:00024c40       sfc_api_get_current_is_minor_time_step 0000000180025c40 f   sfc_debug:sfc_api.obj
 0001:00024c70       sfc_api_get_current_machine_name 0000000180025c70 f   sfc_debug:sfc_api.obj
 0001:00024c90       sfc_api_get_current_chart_id 0000000180025c90 f   sfc_debug:sfc_api.obj
 0001:00024cc0       sfc_api_get_current_object_type 0000000180025cc0 f   sfc_debug:sfc_api.obj
 0001:00024cf0       sfc_api_get_current_event_type 0000000180025cf0 f   sfc_debug:sfc_api.obj
 0001:00024d20       sfc_api_get_current_object_id 0000000180025d20 f   sfc_debug:sfc_api.obj
 0001:00024d50       sfc_get_current_active_event_type 0000000180025d50 f   sfc_debug:sfc_api.obj
 0001:00024d80       sfc_api_get_current_active_event_id 0000000180025d80 f   sfc_debug:sfc_api.obj
 0001:00024db0       sfc_api_get_current_simulation_time 0000000180025db0 f   sfc_debug:sfc_api.obj
 0001:00024dd0       sfc_get_current_tag_type   0000000180025dd0 f   sfc_debug:sfc_api.obj
 0001:00024e00       sfc_get_current_coverage_percentage 0000000180025e00 f   sfc_debug:sfc_api.obj
 0001:00024e20       sfc_get_current_statement_context 0000000180025e20 f   sfc_debug:sfc_api.obj
 0001:00024e40       sfc_get_current_optional_integer 0000000180025e40 f   sfc_debug:sfc_api.obj
 0001:00024e70       sfc_get_current_statement_info 0000000180025e70 f   sfc_debug:sfc_api.obj
 0001:00024f10       sfc_api_get                0000000180025f10 f   sfc_debug:sfc_api.obj
 0001:00025b80       sf_debug_sm_fill_state_activity_data 0000000180026b80 f   sfc_debug:sfdb_animation.obj
 0001:00028480       void_ptr_stack_vector_free_total 0000000180029480 f   sfc_debug:sfdb_data_browse.obj
 0001:00028510       sf_debug_st_terminate_machine 0000000180029510 f   sfc_debug:sfdb_data_browse.obj
 0001:00028550       sf_debug_st_terminate_instance 0000000180029550 f   sfc_debug:sfdb_data_browse.obj
 0001:00028900       push_on_to_void_ptr_stack  0000000180029900 f   sfc_debug:sfdb_data_browse.obj
 0001:00028a90       pop_from_void_ptr_stack    0000000180029a90 f   sfc_debug:sfdb_data_browse.obj
 0001:00028bc0       sf_debug_st_get_data_value 0000000180029bc0 f   sfc_debug:sfdb_data_browse.obj
 0001:00029150       mx_value                   000000018002a150 f   sfc_debug:sfdb_data_browse.obj
 0001:00029190       sf_debug_st_fill_data_struct 000000018002a190 f   sfc_debug:sfdb_data_browse.obj
 0001:000294d0       data_type_format_strings   000000018002a4d0 f   sfc_debug:sfdb_data_browse.obj
 0001:00029580       sf_debug_st_fill_data      000000018002a580 f   sfc_debug:sfdb_data_browse.obj
 0001:0002a2d0       sf_debug_hm_get_simulink_handle 000000018002b2d0 f   sfc_debug:sfdb_handle_management.obj
 0001:0002add0       sf_debug_hm_initialize_globals 000000018002bdd0 f   sfc_debug:sfdb_handle_management.obj
 0001:0002aed0       sf_debug_hm_get_machine_debug_flag 000000018002bed0 f   sfc_debug:sfdb_handle_management.obj
 0001:0002b040       sf_debug_hm_get_machine_id 000000018002c040 f   sfc_debug:sfdb_handle_management.obj
 0001:0002b160       sf_debug_hm_get_chart_id   000000018002c160 f   sfc_debug:sfdb_handle_management.obj
 0001:0002b300       sf_debug_hm_register_executing_SFunction 000000018002c300 f   sfc_debug:sfdb_handle_management.obj
 0001:0002b690       sf_debug_hm_form_object_boolean_properties 000000018002c690 f   sfc_debug:sfdb_handle_management.obj
 0001:0002b960       sf_debug_hm_form_object_properties 000000018002c960 f   sfc_debug:sfdb_handle_management.obj
 0001:0002bba0       sf_debug_hm_terminate_charts 000000018002cba0 f   sfc_debug:sfdb_handle_management.obj
 0001:0002c300       sf_debug_hm_terminate_machines 000000018002d300 f   sfc_debug:sfdb_handle_management.obj
 0001:0002df00       sf_debug_ss_copy_dimension 000000018002ef00 f   sfc_debug:sfdb_symbol_scope.obj
 0001:0002dfc0       sf_debug_ss_get_number_elements 000000018002efc0 f   sfc_debug:sfdb_symbol_scope.obj
 0001:0002dfe0       sf_debug_ss_fill_data_struct 000000018002efe0 f   sfc_debug:sfdb_symbol_scope.obj
 0001:0002e330       sf_debug_ss_reset_data_info 000000018002f330 f   sfc_debug:sfdb_symbol_scope.obj
 0001:0002e390       sf_debug_fill_data_info_by_symbol_scope_entry 000000018002f390 f   sfc_debug:sfdb_symbol_scope.obj
 0001:0002e450       sf_debug_fill_data_info_by_data_vector 000000018002f450 f   sfc_debug:sfdb_symbol_scope.obj
 0001:0002e6a0       get_data_info_helper       000000018002f6a0 f   sfc_debug:sfdb_symbol_scope.obj
 0001:0002e7a0       sf_debug_ss_get_data_info  000000018002f7a0 f   sfc_debug:sfdb_symbol_scope.obj
 0001:0002e9d0       sf_debug_select_mex_function 000000018002f9d0 f   sfc_debug:sfdb_symbol_scope.obj
 0001:0002ea00       sf_debug_is_dyn_matrix_initialized 000000018002fa00 f   sfc_debug:sfdb_symbol_scope.obj
 0001:0002ea20       sf_debug_ss_set_data_value_try 000000018002fa20 f   sfc_debug:sfdb_symbol_scope.obj
 0001:0002ebf0       sf_debug_ss_get_data_value 000000018002fbf0 f   sfc_debug:sfdb_symbol_scope.obj
 0001:0002f360       sf_debug_ss_data_bytes_string 0000000180030360 f   sfc_debug:sfdb_symbol_scope.obj
 0001:0002f410       sf_debug_ss_data_class_string 0000000180030410 f   sfc_debug:sfdb_symbol_scope.obj
 0001:0002f7a0       sf_debug_ss_data_size_string 00000001800307a0 f   sfc_debug:sfdb_symbol_scope.obj
 0001:0002f880       sf_debug_ss_data_create_data_info_struct 0000000180030880 f   sfc_debug:sfdb_symbol_scope.obj
 0001:0002fb50       sf_debug_ss_data_create_name_value_pair 0000000180030b50 f   sfc_debug:sfdb_symbol_scope.obj
 0001:0002fbf0       sf_debug_ss_data_get_whos_info 0000000180030bf0 f   sfc_debug:sfdb_symbol_scope.obj
 0001:0002fc00       same_named_data_in_data_array 0000000180030c00 f   sfc_debug:sfdb_symbol_scope.obj
 0001:00031490       sf_debug_cc_terminate_chart 0000000180032490 f   sfc_debug:sfdb_coverage.obj
 0001:00031830       sf_debug_cc_terminate_instance 0000000180032830 f   sfc_debug:sfdb_coverage.obj
 0001:00032420       sf_debug_cc_mark_object_if_needed 0000000180033420 f   sfc_debug:sfdb_coverage.obj
 0001:00032d20       sf_debug_bm_initialize_eml 0000000180033d20 f   sfc_debug:sfdb_breakpoints.obj
 0001:00033e60       sf_debug_bm_map_debug_tag_to_breakpoint_tag 0000000180034e60 f   sfc_debug:sfdb_breakpoints.obj
 0001:00033f40       sf_debug_bm_is_a_eml_breakpoint_impl 0000000180034f40 f   sfc_debug:sfdb_breakpoints.obj
 0001:00035a80       sf_debug_sc_push_on_error_stack 0000000180036a80 f   sfc_debug:sfdb_state_consistency.obj
 0001:00035bb0       sf_debug_sc_reset_error_stack 0000000180036bb0 f   sfc_debug:sfdb_state_consistency.obj
 0001:00035d40       sf_debug_sc_is_state_inconsistent 0000000180036d40 f   sfc_debug:sfdb_state_consistency.obj
 0001:00036040       sf_debug_sc_fill_consistency_info 0000000180037040 f   sfc_debug:sfdb_state_consistency.obj
 0001:00036620       void_assertion_fcn         0000000180037620 f   sfc_debug:sfdb_call_stack.obj
 0001:00036ba0       sf_debug_tm_fill_local_trace 0000000180037ba0 f   sfc_debug:sfdb_call_stack.obj
 0001:00037170       sf_debug_cd_terminate_instance 0000000180038170 f   sfc_debug:sfdb_cycle_detection.obj
 0001:000371d0       sf_debug_cd_free_checksum_stack 00000001800381d0 f   sfc_debug:sfdb_cycle_detection.obj
 0001:00037220       sf_debug_cd_reset_pack_strings 0000000180038220 f   sfc_debug:sfdb_cycle_detection.obj
 0001:000378e0       md5file_clear              00000001800388e0 f   sfc_debug:ckmd5.obj
 0001:00037910       Encode                     0000000180038910 f   sfc_debug:ckmd5.obj
 0001:00037960       Decode                     0000000180038960 f   sfc_debug:ckmd5.obj
 0001:00037a00       MD5Transform               0000000180038a00 f   sfc_debug:ckmd5.obj
 0001:00038250       md5file_addn               0000000180039250 f   sfc_debug:ckmd5.obj
 0001:00038320       md5file_hash               0000000180039320 f   sfc_debug:ckmd5.obj
 0001:00038808       pre_c_init                 0000000180039808 f   MSVCRT:crtdll.obj
 0001:00038ac4       __DllMainCRTStartup        0000000180039ac4 f   MSVCRT:crtdll.obj
 0001:000391d0       __DllMainCRTStartup$filt$0 000000018003a1d0 f   MSVCRT:crtdll.obj
 0001:00039200       __DllMainCRTStartup$fin$1  000000018003a200 f   MSVCRT:crtdll.obj
 0001:0003921a       _onexit$fin$0              000000018003a21a f   MSVCRT:atonexit.obj
 0001:00039240       _IsNonwritableInCurrentImage$filt$0 000000018003a240 f   MSVCRT:pesect.obj
